Archive member included to satisfy reference by file (symbol)

C:/ST/STM32CubeIDE_1.16.0/STM32CubeIDE/plugins/com.st.stm32cube.ide.mcu.externaltools.gnu-tools-for-stm32.12.3.rel1.win32_1.0.200.202406191623/tools/bin/../lib/gcc/arm-none-eabi/12.3.1/../../../../arm-none-eabi/lib/thumb/v7e-m+fp/hard\libc_nano.a(libc_a-exit.o)
                              C:/ST/STM32CubeIDE_1.16.0/STM32CubeIDE/plugins/com.st.stm32cube.ide.mcu.externaltools.gnu-tools-for-stm32.12.3.rel1.win32_1.0.200.202406191623/tools/bin/../lib/gcc/arm-none-eabi/12.3.1/../../../../arm-none-eabi/lib/thumb/v7e-m+fp/hard/crt0.o (exit)
C:/ST/STM32CubeIDE_1.16.0/STM32CubeIDE/plugins/com.st.stm32cube.ide.mcu.externaltools.gnu-tools-for-stm32.12.3.rel1.win32_1.0.200.202406191623/tools/bin/../lib/gcc/arm-none-eabi/12.3.1/../../../../arm-none-eabi/lib/thumb/v7e-m+fp/hard\libc_nano.a(libc_a-nano-vfprintf_float.o)
                              (_printf_float)
C:/ST/STM32CubeIDE_1.16.0/STM32CubeIDE/plugins/com.st.stm32cube.ide.mcu.externaltools.gnu-tools-for-stm32.12.3.rel1.win32_1.0.200.202406191623/tools/bin/../lib/gcc/arm-none-eabi/12.3.1/../../../../arm-none-eabi/lib/thumb/v7e-m+fp/hard\libc_nano.a(libc_a-nano-vfprintf_i.o)
                              C:/ST/STM32CubeIDE_1.16.0/STM32CubeIDE/plugins/com.st.stm32cube.ide.mcu.externaltools.gnu-tools-for-stm32.12.3.rel1.win32_1.0.200.202406191623/tools/bin/../lib/gcc/arm-none-eabi/12.3.1/../../../../arm-none-eabi/lib/thumb/v7e-m+fp/hard\libc_nano.a(libc_a-nano-vfprintf_float.o) (_printf_common)
C:/ST/STM32CubeIDE_1.16.0/STM32CubeIDE/plugins/com.st.stm32cube.ide.mcu.externaltools.gnu-tools-for-stm32.12.3.rel1.win32_1.0.200.202406191623/tools/bin/../lib/gcc/arm-none-eabi/12.3.1/../../../../arm-none-eabi/lib/thumb/v7e-m+fp/hard\libc_nano.a(libc_a-findfp.o)
                              C:/ST/STM32CubeIDE_1.16.0/STM32CubeIDE/plugins/com.st.stm32cube.ide.mcu.externaltools.gnu-tools-for-stm32.12.3.rel1.win32_1.0.200.202406191623/tools/bin/../lib/gcc/arm-none-eabi/12.3.1/../../../../arm-none-eabi/lib/thumb/v7e-m+fp/hard\libc_nano.a(libc_a-exit.o) (__stdio_exit_handler)
C:/ST/STM32CubeIDE_1.16.0/STM32CubeIDE/plugins/com.st.stm32cube.ide.mcu.externaltools.gnu-tools-for-stm32.12.3.rel1.win32_1.0.200.202406191623/tools/bin/../lib/gcc/arm-none-eabi/12.3.1/../../../../arm-none-eabi/lib/thumb/v7e-m+fp/hard\libc_nano.a(libc_a-fwalk.o)
                              C:/ST/STM32CubeIDE_1.16.0/STM32CubeIDE/plugins/com.st.stm32cube.ide.mcu.externaltools.gnu-tools-for-stm32.12.3.rel1.win32_1.0.200.202406191623/tools/bin/../lib/gcc/arm-none-eabi/12.3.1/../../../../arm-none-eabi/lib/thumb/v7e-m+fp/hard\libc_nano.a(libc_a-findfp.o) (_fwalk_sglue)
C:/ST/STM32CubeIDE_1.16.0/STM32CubeIDE/plugins/com.st.stm32cube.ide.mcu.externaltools.gnu-tools-for-stm32.12.3.rel1.win32_1.0.200.202406191623/tools/bin/../lib/gcc/arm-none-eabi/12.3.1/../../../../arm-none-eabi/lib/thumb/v7e-m+fp/hard\libc_nano.a(libc_a-sprintf.o)
                              ./AppCore/App/src/imu_talks.o (sprintf)
C:/ST/STM32CubeIDE_1.16.0/STM32CubeIDE/plugins/com.st.stm32cube.ide.mcu.externaltools.gnu-tools-for-stm32.12.3.rel1.win32_1.0.200.202406191623/tools/bin/../lib/gcc/arm-none-eabi/12.3.1/../../../../arm-none-eabi/lib/thumb/v7e-m+fp/hard\libc_nano.a(libc_a-stdio.o)
                              C:/ST/STM32CubeIDE_1.16.0/STM32CubeIDE/plugins/com.st.stm32cube.ide.mcu.externaltools.gnu-tools-for-stm32.12.3.rel1.win32_1.0.200.202406191623/tools/bin/../lib/gcc/arm-none-eabi/12.3.1/../../../../arm-none-eabi/lib/thumb/v7e-m+fp/hard\libc_nano.a(libc_a-findfp.o) (__sread)
C:/ST/STM32CubeIDE_1.16.0/STM32CubeIDE/plugins/com.st.stm32cube.ide.mcu.externaltools.gnu-tools-for-stm32.12.3.rel1.win32_1.0.200.202406191623/tools/bin/../lib/gcc/arm-none-eabi/12.3.1/../../../../arm-none-eabi/lib/thumb/v7e-m+fp/hard\libc_nano.a(libc_a-memset.o)
                              C:/ST/STM32CubeIDE_1.16.0/STM32CubeIDE/plugins/com.st.stm32cube.ide.mcu.externaltools.gnu-tools-for-stm32.12.3.rel1.win32_1.0.200.202406191623/tools/bin/../lib/gcc/arm-none-eabi/12.3.1/../../../../arm-none-eabi/lib/thumb/v7e-m+fp/hard/crt0.o (memset)
C:/ST/STM32CubeIDE_1.16.0/STM32CubeIDE/plugins/com.st.stm32cube.ide.mcu.externaltools.gnu-tools-for-stm32.12.3.rel1.win32_1.0.200.202406191623/tools/bin/../lib/gcc/arm-none-eabi/12.3.1/../../../../arm-none-eabi/lib/thumb/v7e-m+fp/hard\libc_nano.a(libc_a-localeconv.o)
                              C:/ST/STM32CubeIDE_1.16.0/STM32CubeIDE/plugins/com.st.stm32cube.ide.mcu.externaltools.gnu-tools-for-stm32.12.3.rel1.win32_1.0.200.202406191623/tools/bin/../lib/gcc/arm-none-eabi/12.3.1/../../../../arm-none-eabi/lib/thumb/v7e-m+fp/hard\libc_nano.a(libc_a-nano-vfprintf_float.o) (_localeconv_r)
C:/ST/STM32CubeIDE_1.16.0/STM32CubeIDE/plugins/com.st.stm32cube.ide.mcu.externaltools.gnu-tools-for-stm32.12.3.rel1.win32_1.0.200.202406191623/tools/bin/../lib/gcc/arm-none-eabi/12.3.1/../../../../arm-none-eabi/lib/thumb/v7e-m+fp/hard\libc_nano.a(libc_a-closer.o)
[...]
Memory Configuration

Name             Origin             Length             Attributes
CCMRAM           0x10000000         0x00010000         xrw
RAM              0x20000000         0x00020000         xrw
FLASH            0x08000000         0x00100000         xr
*default*        0x00000000         0xffffffff

Linker script and memory map

LOAD C:/ST/STM32CubeIDE_1.16.0/STM32CubeIDE/plugins/com.st.stm32cube.ide.mcu.externaltools.gnu-tools-for-stm32.12.3.rel1.win32_1.0.200.202406191623/tools/bin/../lib/gcc/arm-none-eabi/12.3.1/thumb/v7e-m+fp/hard/crti.o
LOAD C:/ST/STM32CubeIDE_1.16.0/STM32CubeIDE/plugins/com.st.stm32cube.ide.mcu.externaltools.gnu-tools-for-stm32.12.3.rel1.win32_1.0.200.202406191623/tools/bin/../lib/gcc/arm-none-eabi/12.3.1/thumb/v7e-m+fp/hard/crtbegin.o
LOAD C:/ST/STM32CubeIDE_1.16.0/STM32CubeIDE/plugins/com.st.stm32cube.ide.mcu.externaltools.gnu-tools-for-stm32.12.3.rel1.win32_1.0.200.202406191623/tools/bin/../lib/gcc/arm-none-eabi/12.3.1/../../../../arm-none-eabi/lib/thumb/v7e-m+fp/hard/crt0.o
LOAD ./AppCore/App/src/com_talks.o
LOAD ./AppCore/App/src/imu_talks.o
LOAD ./AppCore/App/src/system_talks.o
LOAD ./AppCore/BSP/src/i2c_port.o
LOAD ./AppCore/BSP/src/uart_port.o
LOAD ./AppCore/Drivers/Src/mpu6050_driver.o
LOAD ./AppCore/Services/Src/imu_fusion.o
LOAD ./AppCore/Services/Src/iwdg_service.o
LOAD ./AppCore/Services/Src/nmea_formatter.o
LOAD ./AppCore/Services/Src/ring_buffer.o
LOAD ./Core/Src/freertos.o
LOAD ./Core/Src/main.o
LOAD ./Core/Src/stm32f4xx_hal_msp.o
LOAD ./Core/Src/stm32f4xx_it.o
LOAD ./Core/Src/system_stm32f4xx.o
LOAD ./Core/Startup/startup_stm32f407vgtx.o
LOAD ./Drivers/STM32F4xx_HAL_Driver/Src/stm32f4xx_hal.o
LOAD ./Drivers/STM32F4xx_HAL_Driver/Src/stm32f4xx_hal_cortex.o
LOAD ./Drivers/STM32F4xx_HAL_Driver/Src/stm32f4xx_hal_dma.o
LOAD ./Drivers/STM32F4xx_HAL_Driver/Src/stm32f4xx_hal_dma_ex.o
LOAD ./Drivers/STM32F4xx_HAL_Driver/Src/stm32f4xx_hal_exti.o
LOAD ./Drivers/STM32F4xx_HAL_Driver/Src/stm32f4xx_hal_flash.o
LOAD ./Drivers/STM32F4xx_HAL_Driver/Src/stm32f4xx_hal_flash_ex.o
LOAD ./Drivers/STM32F4xx_HAL_Driver/Src/stm32f4xx_hal_flash_ramfunc.o
LOAD ./Drivers/STM32F4xx_HAL_Driver/Src/stm32f4xx_hal_gpio.o
LOAD ./Drivers/STM32F4xx_HAL_Driver/Src/stm32f4xx_hal_i2c.o
LOAD ./Drivers/STM32F4xx_HAL_Driver/Src/stm32f4xx_hal_i2c_ex.o
LOAD ./Drivers/STM32F4xx_HAL_Driver/Src/stm32f4xx_hal_iwdg.o
LOAD ./Drivers/STM32F4xx_HAL_Driver/Src/stm32f4xx_hal_pwr.o
LOAD ./Drivers/STM32F4xx_HAL_Driver/Src/stm32f4xx_hal_pwr_ex.o
LOAD ./Drivers/STM32F4xx_HAL_Driver/Src/stm32f4xx_hal_rcc.o
LOAD ./Drivers/STM32F4xx_HAL_Driver/Src/stm32f4xx_hal_rcc_ex.o
LOAD ./Drivers/STM32F4xx_HAL_Driver/Src/stm32f4xx_hal_tim.o
LOAD ./Drivers/STM32F4xx_HAL_Driver/Src/stm32f4xx_hal_tim_ex.o
LOAD ./Drivers/STM32F4xx_HAL_Driver/Src/stm32f4xx_hal_uart.o
LOAD ./Middlewares/Third_Party/FreeRTOS/Source/CMSIS_RTOS_V2/cmsis_os2.o
LOAD ./Middlewares/Third_Party/FreeRTOS/Source/croutine.o
LOAD ./Middlewares/Third_Party/FreeRTOS/Source/event_groups.o
LOAD ./Middlewares/Third_Party/FreeRTOS/Source/list.o
LOAD ./Middlewares/Third_Party/FreeRTOS/Source/queue.o
LOAD ./Middlewares/Third_Party/FreeRTOS/Source/stream_buffer.o
LOAD ./Middlewares/Third_Party/FreeRTOS/Source/tasks.o
LOAD ./Middlewares/Third_Party/FreeRTOS/Source/timers.o
LOAD ./Middlewares/Third_Party/FreeRTOS/Source/portable/GCC/ARM_CM4F/port.o
LOAD ./Middlewares/Third_Party/FreeRTOS/Source/portable/MemMang/heap_4.o
START GROUP
LOAD C:/ST/STM32CubeIDE_1.16.0/STM32CubeIDE/plugins/com.st.stm32cube.ide.mcu.externaltools.gnu-tools-for-stm32.12.3.rel1.win32_1.0.200.202406191623/tools/bin/../lib/gcc/arm-none-eabi/12.3.1/../../../../arm-none-eabi/lib/thumb/v7e-m+fp/hard\libc_nano.a
LOAD C:/ST/STM32CubeIDE_1.16.0/STM32CubeIDE/plugins/com.st.stm32cube.ide.mcu.externaltools.gnu-tools-for-stm32.12.3.rel1.win32_1.0.200.202406191623/tools/bin/../lib/gcc/arm-none-eabi/12.3.1/../../../../arm-none-eabi/lib/thumb/v7e-m+fp/hard\libm.a
END GROUP
START GROUP
LOAD C:/ST/STM32CubeIDE_1.16.0/STM32CubeIDE/plugins/com.st.stm32cube.ide.mcu.externaltools.gnu-tools-for-stm32.12.3.rel1.win32_1.0.200.202406191623/tools/bin/../lib/gcc/arm-none-eabi/12.3.1/thumb/v7e-m+fp/hard\libgcc.a
LOAD C:/ST/STM32CubeIDE_1.16.0/STM32CubeIDE/plugins/com.st.stm32cube.ide.mcu.externaltools.gnu-tools-for-stm32.12.3.rel1.win32_1.0.200.202406191623/tools/bin/../lib/gcc/arm-none-eabi/12.3.1/../../../../arm-none-eabi/lib/thumb/v7e-m+fp/hard\libc_nano.a
END GROUP
START GROUP
LOAD C:/ST/STM32CubeIDE_1.16.0/STM32CubeIDE/plugins/com.st.stm32cube.ide.mcu.externaltools.gnu-tools-for-stm32.12.3.rel1.win32_1.0.200.202406191623/tools/bin/../lib/gcc/arm-none-eabi/12.3.1/thumb/v7e-m+fp/hard\libgcc.a
LOAD C:/ST/STM32CubeIDE_1.16.0/STM32CubeIDE/plugins/com.st.stm32cube.ide.mcu.externaltools.gnu-tools-for-stm32.12.3.rel1.win32_1.0.200.202406191623/tools/bin/../lib/gcc/arm-none-eabi/12.3.1/../../../../arm-none-eabi/lib/thumb/v7e-m+fp/hard\libc_nano.a
LOAD C:/ST/STM32CubeIDE_1.16.0/STM32CubeIDE/plugins/com.st.stm32cube.ide.mcu.externaltools.gnu-tools-for-stm32.12.3.rel1.win32_1.0.200.202406191623/tools/bin/../lib/gcc/arm-none-eabi/12.3.1/../../../../arm-none-eabi/lib/thumb/v7e-m+fp/hard\libnosys.a
END GROUP
START GROUP
LOAD C:/ST/STM32CubeIDE_1.16.0/STM32CubeIDE/plugins/com.st.stm32cube.ide.mcu.externaltools.gnu-tools-for-stm32.12.3.rel1.win32_1.0.200.202406191623/tools/bin/../lib/gcc/arm-none-eabi/12.3.1/thumb/v7e-m+fp/hard\libgcc.a
LOAD C:/ST/STM32CubeIDE_1.16.0/STM32CubeIDE/plugins/com.st.stm32cube.ide.mcu.externaltools.gnu-tools-for-stm32.12.3.rel1.win32_1.0.200.202406191623/tools/bin/../lib/gcc/arm-none-eabi/12.3.1/../../../../arm-none-eabi/lib/thumb/v7e-m+fp/hard\libc_nano.a
LOAD C:/ST/STM32CubeIDE_1.16.0/STM32CubeIDE/plugins/com.st.stm32cube.ide.mcu.externaltools.gnu-tools-for-stm32.12.3.rel1.win32_1.0.200.202406191623/tools/bin/../lib/gcc/arm-none-eabi/12.3.1/../../../../arm-none-eabi/lib/thumb/v7e-m+fp/hard\libnosys.a
END GROUP
LOAD C:/ST/STM32CubeIDE_1.16.0/STM32CubeIDE/plugins/com.st.stm32cube.ide.mcu.externaltools.gnu-tools-for-stm32.12.3.rel1.win32_1.0.200.202406191623/tools/bin/../lib/gcc/arm-none-eabi/12.3.1/thumb/v7e-m+fp/hard/crtend.o
LOAD C:/ST/STM32CubeIDE_1.16.0/STM32CubeIDE/plugins/com.st.stm32cube.ide.mcu.externaltools.gnu-tools-for-stm32.12.3.rel1.win32_1.0.200.202406191623/tools/bin/../lib/gcc/arm-none-eabi/12.3.1/thumb/v7e-m+fp/hard/crtn.o
                0x20020000                        _estack = (ORIGIN (RAM) + LENGTH (RAM))
                0x00010000                        _Min_Heap_Size = 0x10000
                0x00002400                        _Min_Stack_Size = 0x2400

.isr_vector     0x08000000      0x188
                0x08000000                        . = ALIGN (0x4)
 *(.isr_vector)
 .isr_vector    0x08000000      0x188 ./Core/Startup/startup_stm32f407vgtx.o
                0x08000000                g_pfnVectors
                0x08000188                        . = ALIGN (0x4)

.text           0x08000190     0xd0a0
                0x08000190                        . = ALIGN (0x4)
 *(.text)
 .text          0x08000190       0x40 C:/ST/STM32CubeIDE_1.16.0/STM32CubeIDE/plugins/com.st.stm32cube.ide.mcu.externaltools.gnu-tools-for-stm32.12.3.rel1.win32_1.0.200.202406191623/tools/bin/../lib/gcc/arm-none-eabi/12.3.1/thumb/v7e-m+fp/hard/crtbegin.o
 .text          0x080001d0       0xa0 C:/ST/STM32CubeIDE_1.16.0/STM32CubeIDE/plugins/com.st.stm32cube.ide.mcu.externaltools.gnu-tools-for-stm32.12.3.rel1.win32_1.0.200.202406191623/tools/bin/../lib/gcc/arm-none-eabi/12.3.1/../../../../arm-none-eabi/lib/thumb/v7e-m+fp/hard\libc_nano.a(libc_a-memchr.o)
                0x080001d0                memchr
 .text          0x08000270       0x10 C:/ST/STM32CubeIDE_1.16.0/STM32CubeIDE/plugins/com.st.stm32cube.ide.mcu.externaltools.gnu-tools-for-stm32.12.3.rel1.win32_1.0.200.202406191623/tools/bin/../lib/gcc/arm-none-eabi/12.3.1/../../../../arm-none-eabi/lib/thumb/v7e-m+fp/hard\libc_nano.a(libc_a-strlen.o)
                0x08000270                strlen
 .text          0x08000280      0x378 C:/ST/STM32CubeIDE_1.16.0/STM32CubeIDE/plugins/com.st.stm32cube.ide.mcu.externaltools.gnu-tools-for-stm32.12.3.rel1.win32_1.0.200.202406191623/tools/bin/../lib/gcc/arm-none-eabi/12.3.1/thumb/v7e-m+fp/hard\libgcc.a(_arm_addsubdf3.o)
                0x08000280                __aeabi_drsub
                0x08000288                __aeabi_dsub
                0x08000288                __subdf3
                0x0800028c                __aeabi_dadd
                0x0800028c                __adddf3
                0x08000504                __floatunsidf
                0x08000504                __aeabi_ui2d
                0x08000524                __floatsidf
                0x08000524                __aeabi_i2d
                0x08000548                __aeabi_f2d
                0x08000548                __extendsfdf2
                0x0800058c                __floatundidf
                0x0800058c                __aeabi_ul2d
                0x0800059c                __floatdidf
                0x0800059c                __aeabi_l2d
 .text          0x080005f8      0x424 C:/ST/STM32CubeIDE_1.16.0/STM32CubeIDE/plugins/com.st.stm32cube.ide.mcu.externaltools.gnu-tools-for-stm32.12.3.rel1.win32_1.0.200.202406191623/tools/bin/../lib/gcc/arm-none-eabi/12.3.1/thumb/v7e-m+fp/hard\libgcc.a(_arm_muldivdf3.o)
                0x080005f8                __aeabi_dmul
                0x080005f8                __muldf3
                0x0800084c                __divdf3
                0x0800084c                __aeabi_ddiv
 .text          0x08000a1c      0x110 C:/ST/STM32CubeIDE_1.16.0/STM32CubeIDE/plugins/com.st.stm32cube.ide.mcu.externaltools.gnu-tools-for-stm32.12.3.rel1.win32_1.0.200.202406191623/tools/bin/../lib/gcc/arm-none-eabi/12.3.1/thumb/v7e-m+fp/hard\libgcc.a(_arm_cmpdf2.o)
                0x08000a1c                __gtdf2
                0x08000a1c                __gedf2
                0x08000a24                __ltdf2
                0x08000a24                __ledf2
                0x08000a2c                __nedf2
                0x08000a2c                __eqdf2
                0x08000a2c                __cmpdf2
                0x08000aa8                __aeabi_cdrcmple
                0x08000ab8                __aeabi_cdcmpeq
                0x08000ab8                __aeabi_cdcmple
                0x08000ac8                __aeabi_dcmpeq
                0x08000adc                __aeabi_dcmplt
                0x08000af0                __aeabi_dcmple
                0x08000b04                __aeabi_dcmpge
                0x08000b18                __aeabi_dcmpgt
 .text          0x08000b2c       0x2c C:/ST/STM32CubeIDE_1.16.0/STM32CubeIDE/plugins/com.st.stm32cube.ide.mcu.externaltools.gnu-tools-for-stm32.12.3.rel1.win32_1.0.200.202406191623/tools/bin/../lib/gcc/arm-none-eabi/12.3.1/thumb/v7e-m+fp/hard\libgcc.a(_arm_unorddf2.o)
                0x08000b2c                __unorddf2
                0x08000b2c                __aeabi_dcmpun
 .text          0x08000b58       0x50 C:/ST/STM32CubeIDE_1.16.0/STM32CubeIDE/plugins/com.st.stm32cube.ide.mcu.externaltools.gnu-tools-for-stm32.12.3.rel1.win32_1.0.200.202406191623/tools/bin/../lib/gcc/arm-none-eabi/12.3.1/thumb/v7e-m+fp/hard\libgcc.a(_arm_fixdfsi.o)
                0x08000b58                __aeabi_d2iz
                0x08000b58                __fixdfsi
 .text          0x08000ba8       0x30 C:/ST/STM32CubeIDE_1.16.0/STM32CubeIDE/plugins/com.st.stm32cube.ide.mcu.externaltools.gnu-tools-for-stm32.12.3.rel1.win32_1.0.200.202406191623/tools/bin/../lib/gcc/arm-none-eabi/12.3.1/thumb/v7e-m+fp/hard\libgcc.a(_aeabi_uldivmod.o)
                0x08000ba8                __aeabi_uldivmod
 .text          0x08000bd8      0x2bc C:/ST/STM32CubeIDE_1.16.0/STM32CubeIDE/plugins/com.st.stm32cube.ide.mcu.externaltools.gnu-tools-for-stm32.12.3.rel1.win32_1.0.200.202406191623/tools/bin/../lib/gcc/arm-none-eabi/12.3.1/thumb/v7e-m+fp/hard\libgcc.a(_udivmoddi4.o)
                0x08000bd8                __udivmoddi4
 .text          0x08000e94        0x4 C:/ST/STM32CubeIDE_1.16.0/STM32CubeIDE/plugins/com.st.stm32cube.ide.mcu.externaltools.gnu-tools-for-stm32.12.3.rel1.win32_1.0.200.202406191623/tools/bin/../lib/gcc/arm-none-eabi/12.3.1/thumb/v7e-m+fp/hard\libgcc.a(_dvmd_tls.o)
                0x08000e94                __aeabi_idiv0
                0x08000e94                __aeabi_ldiv0
 *(.text*)
 .text.ComTaskRx
                0x08000e98      0x104 ./AppCore/App/src/com_talks.o
 .text.ComTaskTx
                0x08000f9c       0x6c ./AppCore/App/src/com_talks.o
 .text.UART_InitCountingSemaphore
                0x08001008       0x68 ./AppCore/App/src/com_talks.o
 .text.UART_Timer_Init
                0x08001070       0x24 ./AppCore/App/src/com_talks.o
 .text.Com_Talks_Init
                0x08001094       0x54 ./AppCore/App/src/com_talks.o
                0x08001094                Com_Talks_Init
 .text.IMU_Task
                0x080010e8      0x130 ./AppCore/App/src/imu_talks.o
                0x080010e8                IMU_Task
 .text.IMU_Talks_Init
                0x08001218       0x28 ./AppCore/App/src/imu_talks.o
                0x08001218                IMU_Talks_Init
 .text.SystemTaskNotify
                0x08001240       0x40 ./AppCore/App/src/system_talks.o
                0x08001240                SystemTaskNotify
 .text.SystemMonitorTask
                0x08001280       0x40 ./AppCore/App/src/system_talks.o
 .text.SystemTalks_Init
                0x080012c0       0x5c ./AppCore/App/src/system_talks.o
                0x080012c0                SystemTalks_Init
 .text.BSP_I2C_Init
                0x0800131c       0x14 ./AppCore/BSP/src/i2c_port.o
                0x0800131c                BSP_I2C_Init
 .text.BSP_I2C_Read
                0x08001330       0x1c ./AppCore/BSP/src/i2c_port.o
                0x08001330                BSP_I2C_Read
 .text.processData
                0x0800134c       0x2a ./AppCore/BSP/src/uart_port.o
                0x0800134c                processData
 *fill*         0x08001376        0x2 
 .text.BSP_UART_Init
                0x08001378       0x2c ./AppCore/BSP/src/uart_port.o
                0x08001378                BSP_UART_Init
 .text.MPU6050_Init
                0x080013a4       0x7e ./AppCore/Drivers/Src/mpu6050_driver.o
                0x080013a4                MPU6050_Init
 .text.MPU6050_Read
                0x08001422       0xb2 ./AppCore/Drivers/Src/mpu6050_driver.o
                0x08001422                MPU6050_Read
 .text.IMU_ComputeRollPitch
                0x080014d4       0xd8 ./AppCore/Services/Src/imu_fusion.o
                0x080014d4                IMU_ComputeRollPitch
 .text.IMU_Kalman_Init
                0x080015ac       0x26 ./AppCore/Services/Src/imu_fusion.o
                0x080015ac                IMU_Kalman_Init
 .text.IMU_Kalman_Update
                0x080015d2       0xde ./AppCore/Services/Src/imu_fusion.o
                0x080015d2                IMU_Kalman_Update
 .text.WatchDogInit
                0x080016b0       0x34 ./AppCore/Services/Src/iwdg_service.o
                0x080016b0                WatchDogInit
 .text.FeedWatchdog
                0x080016e4       0x20 ./AppCore/Services/Src/iwdg_service.o
                0x080016e4                FeedWatchdog
 .text.NMEA_Checksum
                0x08001704       0x32 ./AppCore/Services/Src/nmea_formatter.o
 *fill*         0x08001736        0x2 
 .text.IMU_Send_NMEA
                0x08001738       0x48 ./AppCore/Services/Src/nmea_formatter.o
                0x08001738                IMU_Send_NMEA
 .text.RingBuffer_Init
                0x08001780       0x4c ./AppCore/Services/Src/ring_buffer.o
                0x08001780                RingBuffer_Init
 .text.RingBuffer_Available
                0x080017cc       0x3a ./AppCore/Services/Src/ring_buffer.o
 .text.RingBuffer_Space
                0x08001806       0x20 ./AppCore/Services/Src/ring_buffer.o
 .text.RingByte_Write
                0x08001826       0x56 ./AppCore/Services/Src/ring_buffer.o
 .text.RingBuffer_Write
                0x0800187c       0x6c ./AppCore/Services/Src/ring_buffer.o
                0x0800187c                RingBuffer_Write
 .text.RingBuffer_Read
                0x080018e8       0x56 ./AppCore/Services/Src/ring_buffer.o
                0x080018e8                RingBuffer_Read
 *fill*         0x0800193e        0x2 
 .text.UART_Send_DMA_FromRingBuffer
                0x08001940       0x6c ./AppCore/Services/Src/ring_buffer.o
                0x08001940                UART_Send_DMA_FromRingBuffer
 .text.main     0x080019ac       0x40 ./Core/Src/main.o
                0x080019ac                main
 .text.SystemClock_Config
                0x080019ec       0xd8 ./Core/Src/main.o
                0x080019ec                SystemClock_Config
 .text.MX_I2C1_Init
                0x08001ac4       0x5c ./Core/Src/main.o
 .text.MX_USART2_UART_Init
                0x08001b20       0x98 ./Core/Src/main.o
 .text.MX_DMA_Init
                0x08001bb8       0x50 ./Core/Src/main.o
 .text.MX_GPIO_Init
                0x08001c08      0x298 ./Core/Src/main.o
 .text.Error_Handler
                0x08001ea0        0xc ./Core/Src/main.o
                0x08001ea0                Error_Handler
 .text.HAL_MspInit
                0x08001eac       0x58 ./Core/Src/stm32f4xx_hal_msp.o
                0x08001eac                HAL_MspInit
 .text.HAL_I2C_MspInit
                0x08001f04       0x90 ./Core/Src/stm32f4xx_hal_msp.o
                0x08001f04                HAL_I2C_MspInit
 .text.HAL_UART_MspInit
                0x08001f94      0x19c ./Core/Src/stm32f4xx_hal_msp.o
                0x08001f94                HAL_UART_MspInit
 .text.NMI_Handler
                0x08002130        0x8 ./Core/Src/stm32f4xx_it.o
                0x08002130                NMI_Handler
 .text.HardFault_Handler
                0x08002138        0x8 ./Core/Src/stm32f4xx_it.o
                0x08002138                HardFault_Handler
 .text.MemManage_Handler
                0x08002140        0x8 ./Core/Src/stm32f4xx_it.o
                0x08002140                MemManage_Handler
 .text.BusFault_Handler
                0x08002148        0x8 ./Core/Src/stm32f4xx_it.o
                0x08002148                BusFault_Handler
 .text.UsageFault_Handler
                0x08002150        0x8 ./Core/Src/stm32f4xx_it.o
                0x08002150                UsageFault_Handler
 .text.DebugMon_Handler
                0x08002158        0xe ./Core/Src/stm32f4xx_it.o
                0x08002158                DebugMon_Handler
 .text.SysTick_Handler
                0x08002166       0x1a ./Core/Src/stm32f4xx_it.o
                0x08002166                SysTick_Handler
 .text.DMA1_Stream5_IRQHandler
                0x08002180       0x14 ./Core/Src/stm32f4xx_it.o
                0x08002180                DMA1_Stream5_IRQHandler
 .text.DMA1_Stream6_IRQHandler
                0x08002194       0x14 ./Core/Src/stm32f4xx_it.o
                0x08002194                DMA1_Stream6_IRQHandler
 .text.uartTimeoutCallback
                0x080021a8       0x28 ./Core/Src/stm32f4xx_it.o
                0x080021a8                uartTimeoutCallback
 .text.HAL_UART_RxCpltCallback
                0x080021d0       0x2c ./Core/Src/stm32f4xx_it.o
                0x080021d0                HAL_UART_RxCpltCallback
 .text.HAL_UART_RxHalfCpltCallback
                0x080021fc       0x2c ./Core/Src/stm32f4xx_it.o
                0x080021fc                HAL_UART_RxHalfCpltCallback
 .text.USART2_IRQHandler
                0x08002228       0x54 ./Core/Src/stm32f4xx_it.o
                0x08002228                USART2_IRQHandler
 .text.HAL_UART_TxCpltCallback
                0x0800227c       0x2c ./Core/Src/stm32f4xx_it.o
                0x0800227c                HAL_UART_TxCpltCallback
 .text.SystemInit
                0x080022a8       0x24 ./Core/Src/system_stm32f4xx.o
                0x080022a8                SystemInit
 .text.Reset_Handler
                0x080022cc       0x50 ./Core/Startup/startup_stm32f407vgtx.o
                0x080022cc                Reset_Handler
 .text.Default_Handler
                0x0800231c        0x2 ./Core/Startup/startup_stm32f407vgtx.o
                0x0800231c                RTC_Alarm_IRQHandler
                0x0800231c                HASH_RNG_IRQHandler
                0x0800231c                EXTI2_IRQHandler
                0x0800231c                TIM8_CC_IRQHandler
                0x0800231c                TIM1_CC_IRQHandler
                0x0800231c                DMA2_Stream5_IRQHandler
                0x0800231c                PVD_IRQHandler
                0x0800231c                SDIO_IRQHandler
                0x0800231c                TAMP_STAMP_IRQHandler
                0x0800231c                CAN2_RX1_IRQHandler
                0x0800231c                EXTI3_IRQHandler
                0x0800231c                TIM8_TRG_COM_TIM14_IRQHandler
                0x0800231c                TIM1_UP_TIM10_IRQHandler
                0x0800231c                TIM8_UP_TIM13_IRQHandler
                0x0800231c                I2C3_ER_IRQHandler
                0x0800231c                EXTI0_IRQHandler
                0x0800231c                I2C2_EV_IRQHandler
                0x0800231c                DMA1_Stream2_IRQHandler
                0x0800231c                CAN1_RX0_IRQHandler
                0x0800231c                FPU_IRQHandler
                0x0800231c                OTG_HS_WKUP_IRQHandler
                0x0800231c                CAN2_SCE_IRQHandler
                0x0800231c                DMA2_Stream2_IRQHandler
                0x0800231c                SPI1_IRQHandler
                0x0800231c                TIM6_DAC_IRQHandler
                0x0800231c                TIM1_BRK_TIM9_IRQHandler
                0x0800231c                DCMI_IRQHandler
                0x0800231c                CAN2_RX0_IRQHandler
                0x0800231c                DMA2_Stream3_IRQHandler
                0x0800231c                USART6_IRQHandler
                0x0800231c                USART3_IRQHandler
                0x0800231c                CAN1_RX1_IRQHandler
                0x0800231c                UART5_IRQHandler
                0x0800231c                DMA2_Stream0_IRQHandler
                0x0800231c                TIM4_IRQHandler
                0x0800231c                I2C1_EV_IRQHandler
                0x0800231c                DMA1_Stream1_IRQHandler
                0x0800231c                UART4_IRQHandler
                0x0800231c                TIM3_IRQHandler
                0x0800231c                RCC_IRQHandler
                0x0800231c                TIM8_BRK_TIM12_IRQHandler
                0x0800231c                Default_Handler
                0x0800231c                EXTI15_10_IRQHandler
                0x0800231c                ADC_IRQHandler
                0x0800231c                DMA1_Stream7_IRQHandler
                0x0800231c                TIM7_IRQHandler
                0x0800231c                CAN2_TX_IRQHandler
                0x0800231c                TIM5_IRQHandler
                0x0800231c                DMA2_Stream7_IRQHandler
                0x0800231c                I2C3_EV_IRQHandler
                0x0800231c                EXTI9_5_IRQHandler
                0x0800231c                RTC_WKUP_IRQHandler
                0x0800231c                ETH_WKUP_IRQHandler
                0x0800231c                SPI2_IRQHandler
                0x0800231c                OTG_HS_EP1_IN_IRQHandler
                0x0800231c                DMA1_Stream0_IRQHandler
                0x0800231c                CAN1_TX_IRQHandler
                0x0800231c                EXTI4_IRQHandler
                0x0800231c                FSMC_IRQHandler
                0x0800231c                ETH_IRQHandler
                0x0800231c                OTG_HS_EP1_OUT_IRQHandler
                0x0800231c                WWDG_IRQHandler
                0x0800231c                TIM2_IRQHandler
                0x0800231c                OTG_FS_WKUP_IRQHandler
                0x0800231c                TIM1_TRG_COM_TIM11_IRQHandler
                0x0800231c                OTG_HS_IRQHandler
                0x0800231c                EXTI1_IRQHandler
                0x0800231c                I2C2_ER_IRQHandler
                0x0800231c                DMA2_Stream1_IRQHandler
                0x0800231c                CAN1_SCE_IRQHandler
                0x0800231c                FLASH_IRQHandler
                0x0800231c                DMA2_Stream4_IRQHandler
                0x0800231c                USART1_IRQHandler
                0x0800231c                OTG_FS_IRQHandler
                0x0800231c                SPI3_IRQHandler
                0x0800231c                DMA1_Stream4_IRQHandler
                0x0800231c                I2C1_ER_IRQHandler
                0x0800231c                DMA2_Stream6_IRQHandler
                0x0800231c                DMA1_Stream3_IRQHandler
 *fill*         0x0800231e        0x2 
 .text.HAL_Init
                0x08002320       0x44 ./Drivers/STM32F4xx_HAL_Driver/Src/stm32f4xx_hal.o
                0x08002320                HAL_Init
 .text.HAL_InitTick
                0x08002364       0x60 ./Drivers/STM32F4xx_HAL_Driver/Src/stm32f4xx_hal.o
                0x08002364                HAL_InitTick
 .text.HAL_IncTick
                0x080023c4       0x28 ./Drivers/STM32F4xx_HAL_Driver/Src/stm32f4xx_hal.o
                0x080023c4                HAL_IncTick
 .text.HAL_GetTick
                0x080023ec       0x18 ./Drivers/STM32F4xx_HAL_Driver/Src/stm32f4xx_hal.o
                0x080023ec                HAL_GetTick
 .text.__NVIC_SetPriorityGrouping
                0x08002404       0x48 ./Drivers/STM32F4xx_HAL_Driver/Src/stm32f4xx_hal_cortex.o
 .text.__NVIC_GetPriorityGrouping
                0x0800244c       0x1c ./Drivers/STM32F4xx_HAL_Driver/Src/stm32f4xx_hal_cortex.o
 .text.__NVIC_EnableIRQ
                0x08002468       0x3c ./Drivers/STM32F4xx_HAL_Driver/Src/stm32f4xx_hal_cortex.o
 .text.__NVIC_SetPriority
                0x080024a4       0x54 ./Drivers/STM32F4xx_HAL_Driver/Src/stm32f4xx_hal_cortex.o
 .text.NVIC_EncodePriority
                0x080024f8       0x66 ./Drivers/STM32F4xx_HAL_Driver/Src/stm32f4xx_hal_cortex.o
 *fill*         0x0800255e        0x2 
 .text.SysTick_Config
                0x08002560       0x44 ./Drivers/STM32F4xx_HAL_Driver/Src/stm32f4xx_hal_cortex.o
 .text.HAL_NVIC_SetPriorityGrouping
                0x080025a4       0x16 ./Drivers/STM32F4xx_HAL_Driver/Src/stm32f4xx_hal_cortex.o
                0x080025a4                HAL_NVIC_SetPriorityGrouping
 .text.HAL_NVIC_SetPriority
                0x080025ba       0x38 ./Drivers/STM32F4xx_HAL_Driver/Src/stm32f4xx_hal_cortex.o
                0x080025ba                HAL_NVIC_SetPriority
 .text.HAL_NVIC_EnableIRQ
                0x080025f2       0x1c ./Drivers/STM32F4xx_HAL_Driver/Src/stm32f4xx_hal_cortex.o
                0x080025f2                HAL_NVIC_EnableIRQ
 .text.HAL_SYSTICK_Config
                0x0800260e       0x18 ./Drivers/STM32F4xx_HAL_Driver/Src/stm32f4xx_hal_cortex.o
                0x0800260e                HAL_SYSTICK_Config
 *fill*         0x08002626        0x2 
 .text.HAL_DMA_Init
                0x08002628      0x15c ./Drivers/STM32F4xx_HAL_Driver/Src/stm32f4xx_hal_dma.o
                0x08002628                HAL_DMA_Init
 .text.HAL_DMA_Start_IT
                0x08002784       0xb0 ./Drivers/STM32F4xx_HAL_Driver/Src/stm32f4xx_hal_dma.o
                0x08002784                HAL_DMA_Start_IT
 .text.HAL_DMA_Abort
                0x08002834       0xe0 ./Drivers/STM32F4xx_HAL_Driver/Src/stm32f4xx_hal_dma.o
                0x08002834                HAL_DMA_Abort
 .text.HAL_DMA_Abort_IT
                0x08002914       0x44 ./Drivers/STM32F4xx_HAL_Driver/Src/stm32f4xx_hal_dma.o
                0x08002914                HAL_DMA_Abort_IT
 .text.HAL_DMA_IRQHandler
                0x08002958      0x314 ./Drivers/STM32F4xx_HAL_Driver/Src/stm32f4xx_hal_dma.o
                0x08002958                HAL_DMA_IRQHandler
 .text.DMA_SetConfig
                0x08002c6c       0x5c ./Drivers/STM32F4xx_HAL_Driver/Src/stm32f4xx_hal_dma.o
 .text.DMA_CalcBaseAndBitshift
                0x08002cc8       0x6c ./Drivers/STM32F4xx_HAL_Driver/Src/stm32f4xx_hal_dma.o
 .text.DMA_CheckFifoParam
                0x08002d34       0xf8 ./Drivers/STM32F4xx_HAL_Driver/Src/stm32f4xx_hal_dma.o
 .text.HAL_GPIO_Init
                0x08002e2c      0x338 ./Drivers/STM32F4xx_HAL_Driver/Src/stm32f4xx_hal_gpio.o
                0x08002e2c                HAL_GPIO_Init
 .text.HAL_GPIO_WritePin
                0x08003164       0x32 ./Drivers/STM32F4xx_HAL_Driver/Src/stm32f4xx_hal_gpio.o
                0x08003164                HAL_GPIO_WritePin
 .text.HAL_GPIO_TogglePin
                0x08003196       0x34 ./Drivers/STM32F4xx_HAL_Driver/Src/stm32f4xx_hal_gpio.o
                0x08003196                HAL_GPIO_TogglePin
 *fill*         0x080031ca        0x2 
 .text.HAL_I2C_Init
                0x080031cc      0x288 ./Drivers/STM32F4xx_HAL_Driver/Src/stm32f4xx_hal_i2c.o
                0x080031cc                HAL_I2C_Init
 .text.HAL_I2C_Mem_Write
                0x08003454      0x1f4 ./Drivers/STM32F4xx_HAL_Driver/Src/stm32f4xx_hal_i2c.o
                0x08003454                HAL_I2C_Mem_Write
 .text.HAL_I2C_Mem_Read
                0x08003648      0x44c ./Drivers/STM32F4xx_HAL_Driver/Src/stm32f4xx_hal_i2c.o
                0x08003648                HAL_I2C_Mem_Read
 .text.I2C_RequestMemoryWrite
                0x08003a94      0x12c ./Drivers/STM32F4xx_HAL_Driver/Src/stm32f4xx_hal_i2c.o
 .text.I2C_RequestMemoryRead
                0x08003bc0      0x1d0 ./Drivers/STM32F4xx_HAL_Driver/Src/stm32f4xx_hal_i2c.o
 .text.I2C_WaitOnFlagUntilTimeout
                0x08003d90       0xae ./Drivers/STM32F4xx_HAL_Driver/Src/stm32f4xx_hal_i2c.o
 .text.I2C_WaitOnMasterAddressFlagUntilTimeout
                0x08003e3e       0xfe ./Drivers/STM32F4xx_HAL_Driver/Src/stm32f4xx_hal_i2c.o
 .text.I2C_WaitOnTXEFlagUntilTimeout
                0x08003f3c       0x82 ./Drivers/STM32F4xx_HAL_Driver/Src/stm32f4xx_hal_i2c.o
 .text.I2C_WaitOnBTFFlagUntilTimeout
                0x08003fbe       0x82 ./Drivers/STM32F4xx_HAL_Driver/Src/stm32f4xx_hal_i2c.o
 .text.I2C_WaitOnRXNEFlagUntilTimeout
                0x08004040       0xac ./Drivers/STM32F4xx_HAL_Driver/Src/stm32f4xx_hal_i2c.o
 .text.I2C_IsAcknowledgeFailed
                0x080040ec       0x5e ./Drivers/STM32F4xx_HAL_Driver/Src/stm32f4xx_hal_i2c.o
 .text.HAL_IWDG_Init
                0x0800414a       0x84 ./Drivers/STM32F4xx_HAL_Driver/Src/stm32f4xx_hal_iwdg.o
                0x0800414a                HAL_IWDG_Init
 .text.HAL_IWDG_Refresh
                0x080041ce       0x20 ./Drivers/STM32F4xx_HAL_Driver/Src/stm32f4xx_hal_iwdg.o
                0x080041ce                HAL_IWDG_Refresh
 *fill*         0x080041ee        0x2 
 .text.HAL_RCC_OscConfig
                0x080041f0      0x4f0 ./Drivers/STM32F4xx_HAL_Driver/Src/stm32f4xx_hal_rcc.o
                0x080041f0                HAL_RCC_OscConfig
 .text.HAL_RCC_ClockConfig
                0x080046e0      0x1cc ./Drivers/STM32F4xx_HAL_Driver/Src/stm32f4xx_hal_rcc.o
                0x080046e0                HAL_RCC_ClockConfig
 .text.HAL_RCC_GetSysClockFreq
                0x080048ac      0x20c ./Drivers/STM32F4xx_HAL_Driver/Src/stm32f4xx_hal_rcc.o
                0x080048ac                HAL_RCC_GetSysClockFreq
 .text.HAL_RCC_GetHCLKFreq
                0x08004ab8       0x18 ./Drivers/STM32F4xx_HAL_Driver/Src/stm32f4xx_hal_rcc.o
                0x08004ab8                HAL_RCC_GetHCLKFreq
 .text.HAL_RCC_GetPCLK1Freq
                0x08004ad0       0x28 ./Drivers/STM32F4xx_HAL_Driver/Src/stm32f4xx_hal_rcc.o
                0x08004ad0                HAL_RCC_GetPCLK1Freq
 .text.HAL_RCC_GetPCLK2Freq
                0x08004af8       0x28 ./Drivers/STM32F4xx_HAL_Driver/Src/stm32f4xx_hal_rcc.o
                0x08004af8                HAL_RCC_GetPCLK2Freq
 .text.HAL_UART_Init
                0x08004b20       0x9a ./Drivers/STM32F4xx_HAL_Driver/Src/stm32f4xx_hal_uart.o
                0x08004b20                HAL_UART_Init
 *fill*         0x08004bba        0x2 
 .text.HAL_UART_Transmit_DMA
                0x08004bbc       0xfc ./Drivers/STM32F4xx_HAL_Driver/Src/stm32f4xx_hal_uart.o
                0x08004bbc                HAL_UART_Transmit_DMA
 .text.HAL_UART_Receive_DMA
                0x08004cb8       0x60 ./Drivers/STM32F4xx_HAL_Driver/Src/stm32f4xx_hal_uart.o
                0x08004cb8                HAL_UART_Receive_DMA
 .text.HAL_UART_IRQHandler
                0x08004d18      0x51c ./Drivers/STM32F4xx_HAL_Driver/Src/stm32f4xx_hal_uart.o
                0x08004d18                HAL_UART_IRQHandler
 .text.HAL_UART_TxHalfCpltCallback
                0x08005234       0x14 ./Drivers/STM32F4xx_HAL_Driver/Src/stm32f4xx_hal_uart.o
                0x08005234                HAL_UART_TxHalfCpltCallback
 .text.HAL_UART_ErrorCallback
                0x08005248       0x14 ./Drivers/STM32F4xx_HAL_Driver/Src/stm32f4xx_hal_uart.o
                0x08005248                HAL_UART_ErrorCallback
 .text.HAL_UARTEx_RxEventCallback
                0x0800525c       0x18 ./Drivers/STM32F4xx_HAL_Driver/Src/stm32f4xx_hal_uart.o
                0x0800525c                HAL_UARTEx_RxEventCallback
 .text.HAL_UART_GetState
                0x08005274       0x3c ./Drivers/STM32F4xx_HAL_Driver/Src/stm32f4xx_hal_uart.o
                0x08005274                HAL_UART_GetState
 .text.UART_DMATransmitCplt
                0x080052b0       0x9a ./Drivers/STM32F4xx_HAL_Driver/Src/stm32f4xx_hal_uart.o
 .text.UART_DMATxHalfCplt
                0x0800534a       0x1c ./Drivers/STM32F4xx_HAL_Driver/Src/stm32f4xx_hal_uart.o
 .text.UART_DMAReceiveCplt
                0x08005366      0x126 ./Drivers/STM32F4xx_HAL_Driver/Src/stm32f4xx_hal_uart.o
 .text.UART_DMARxHalfCplt
                0x0800548c       0x36 ./Drivers/STM32F4xx_HAL_Driver/Src/stm32f4xx_hal_uart.o
 .text.UART_DMAError
                0x080054c2       0x94 ./Drivers/STM32F4xx_HAL_Driver/Src/stm32f4xx_hal_uart.o
 *fill*         0x08005556        0x2 
 .text.UART_Start_Receive_DMA
                0x08005558      0x13c ./Drivers/STM32F4xx_HAL_Driver/Src/stm32f4xx_hal_uart.o
                0x08005558                UART_Start_Receive_DMA
 .text.UART_EndTxTransfer
                0x08005694       0x50 ./Drivers/STM32F4xx_HAL_Driver/Src/stm32f4xx_hal_uart.o
 .text.UART_EndRxTransfer
                0x080056e4       0xc6 ./Drivers/STM32F4xx_HAL_Driver/Src/stm32f4xx_hal_uart.o
 .text.UART_DMAAbortOnError
                0x080057aa       0x28 ./Drivers/STM32F4xx_HAL_Driver/Src/stm32f4xx_hal_uart.o
 .text.UART_Transmit_IT
                0x080057d2       0xa0 ./Drivers/STM32F4xx_HAL_Driver/Src/stm32f4xx_hal_uart.o
 .text.UART_EndTransmit_IT
                0x08005872       0x30 ./Drivers/STM32F4xx_HAL_Driver/Src/stm32f4xx_hal_uart.o
 .text.UART_Receive_IT
                0x080058a2      0x176 ./Drivers/STM32F4xx_HAL_Driver/Src/stm32f4xx_hal_uart.o
 .text.UART_SetConfig
                0x08005a18      0x4e8 ./Drivers/STM32F4xx_HAL_Driver/Src/stm32f4xx_hal_uart.o
 .text.__NVIC_SetPriority
                0x08005f00       0x54 ./Middlewares/Third_Party/FreeRTOS/Source/CMSIS_RTOS_V2/cmsis_os2.o
 .text.SVC_Setup
                0x08005f54       0x12 ./Middlewares/Third_Party/FreeRTOS/Source/CMSIS_RTOS_V2/cmsis_os2.o
 *fill*         0x08005f66        0x2 
 .text.osKernelInitialize
                0x08005f68       0x48 ./Middlewares/Third_Party/FreeRTOS/Source/CMSIS_RTOS_V2/cmsis_os2.o
                0x08005f68                osKernelInitialize
 .text.osKernelStart
                0x08005fb0       0x4c ./Middlewares/Third_Party/FreeRTOS/Source/CMSIS_RTOS_V2/cmsis_os2.o
                0x08005fb0                osKernelStart
 .text.osKernelGetTickFreq
                0x08005ffc       0x12 ./Middlewares/Third_Party/FreeRTOS/Source/CMSIS_RTOS_V2/cmsis_os2.o
                0x08005ffc                osKernelGetTickFreq
 .text.osThreadNew
                0x0800600e      0x124 ./Middlewares/Third_Party/FreeRTOS/Source/CMSIS_RTOS_V2/cmsis_os2.o
                0x0800600e                osThreadNew
 .text.TimerCallback
                0x08006132       0x2a ./Middlewares/Third_Party/FreeRTOS/Source/CMSIS_RTOS_V2/cmsis_os2.o
 .text.osTimerNew
                0x0800615c       0xf8 ./Middlewares/Third_Party/FreeRTOS/Source/CMSIS_RTOS_V2/cmsis_os2.o
                0x0800615c                osTimerNew
 .text.osTimerStart
                0x08006254       0x5c ./Middlewares/Third_Party/FreeRTOS/Source/CMSIS_RTOS_V2/cmsis_os2.o
                0x08006254                osTimerStart
 .text.osEventFlagsNew
                0x080062b0       0x7e ./Middlewares/Third_Party/FreeRTOS/Source/CMSIS_RTOS_V2/cmsis_os2.o
                0x080062b0                osEventFlagsNew
 *fill*         0x0800632e        0x2 
 .text.osEventFlagsSet
                0x08006330       0x84 ./Middlewares/Third_Party/FreeRTOS/Source/CMSIS_RTOS_V2/cmsis_os2.o
                0x08006330                osEventFlagsSet
 .text.osEventFlagsClear
                0x080063b4       0x62 ./Middlewares/Third_Party/FreeRTOS/Source/CMSIS_RTOS_V2/cmsis_os2.o
                0x080063b4                osEventFlagsClear
 .text.osEventFlagsWait
                0x08006416       0xca ./Middlewares/Third_Party/FreeRTOS/Source/CMSIS_RTOS_V2/cmsis_os2.o
                0x08006416                osEventFlagsWait
 .text.osSemaphoreNew
                0x080064e0      0x112 ./Middlewares/Third_Party/FreeRTOS/Source/CMSIS_RTOS_V2/cmsis_os2.o
                0x080064e0                osSemaphoreNew
 *fill*         0x080065f2        0x2 
 .text.osSemaphoreAcquire
                0x080065f4       0xa4 ./Middlewares/Third_Party/FreeRTOS/Source/CMSIS_RTOS_V2/cmsis_os2.o
                0x080065f4                osSemaphoreAcquire
 .text.osSemaphoreRelease
                0x08006698       0x88 ./Middlewares/Third_Party/FreeRTOS/Source/CMSIS_RTOS_V2/cmsis_os2.o
                0x08006698                osSemaphoreRelease
 .text.vApplicationGetIdleTaskMemory
                0x08006720       0x34 ./Middlewares/Third_Party/FreeRTOS/Source/CMSIS_RTOS_V2/cmsis_os2.o
                0x08006720                vApplicationGetIdleTaskMemory
 .text.vApplicationGetTimerTaskMemory
                0x08006754       0x34 ./Middlewares/Third_Party/FreeRTOS/Source/CMSIS_RTOS_V2/cmsis_os2.o
                0x08006754                vApplicationGetTimerTaskMemory
 .text.xEventGroupCreateStatic
                0x08006788       0x72 ./Middlewares/Third_Party/FreeRTOS/Source/event_groups.o
                0x08006788                xEventGroupCreateStatic
 .text.xEventGroupCreate
                0x080067fa       0x34 ./Middlewares/Third_Party/FreeRTOS/Source/event_groups.o
                0x080067fa                xEventGroupCreate
 *fill*         0x0800682e        0x2 
 .text.xEventGroupWaitBits
                0x08006830      0x1a4 ./Middlewares/Third_Party/FreeRTOS/Source/event_groups.o
                0x08006830                xEventGroupWaitBits
 .text.xEventGroupClearBits
                0x080069d4       0x72 ./Middlewares/Third_Party/FreeRTOS/Source/event_groups.o
                0x080069d4                xEventGroupClearBits
 *fill*         0x08006a46        0x2 
 .text.xEventGroupClearBitsFromISR
                0x08006a48       0x28 ./Middlewares/Third_Party/FreeRTOS/Source/event_groups.o
                0x08006a48                xEventGroupClearBitsFromISR
 .text.xEventGroupGetBitsFromISR
                0x08006a70       0x48 ./Middlewares/Third_Party/FreeRTOS/Source/event_groups.o
                0x08006a70                xEventGroupGetBitsFromISR
 .text.xEventGroupSetBits
                0x08006ab8      0x118 ./Middlewares/Third_Party/FreeRTOS/Source/event_groups.o
                0x08006ab8                xEventGroupSetBits
 .text.vEventGroupSetBitsCallback
                0x08006bd0       0x1a ./Middlewares/Third_Party/FreeRTOS/Source/event_groups.o
                0x08006bd0                vEventGroupSetBitsCallback
 .text.vEventGroupClearBitsCallback
                0x08006bea       0x1a ./Middlewares/Third_Party/FreeRTOS/Source/event_groups.o
                0x08006bea                vEventGroupClearBitsCallback
 .text.prvTestWaitCondition
                0x08006c04       0x44 ./Middlewares/Third_Party/FreeRTOS/Source/event_groups.o
 .text.xEventGroupSetBitsFromISR
                0x08006c48       0x28 ./Middlewares/Third_Party/FreeRTOS/Source/event_groups.o
                0x08006c48                xEventGroupSetBitsFromISR
 .text.vListInitialise
                0x08006c70       0x40 ./Middlewares/Third_Party/FreeRTOS/Source/list.o
                0x08006c70                vListInitialise
 .text.vListInitialiseItem
                0x08006cb0       0x1a ./Middlewares/Third_Party/FreeRTOS/Source/list.o
                0x08006cb0                vListInitialiseItem
 .text.vListInsertEnd
                0x08006cca       0x48 ./Middlewares/Third_Party/FreeRTOS/Source/list.o
                0x08006cca                vListInsertEnd
 .text.vListInsert
                0x08006d12       0x72 ./Middlewares/Third_Party/FreeRTOS/Source/list.o
                0x08006d12                vListInsert
 .text.uxListRemove
                0x08006d84       0x54 ./Middlewares/Third_Party/FreeRTOS/Source/list.o
                0x08006d84                uxListRemove
 .text.xQueueGenericReset
                0x08006dd8       0xd4 ./Middlewares/Third_Party/FreeRTOS/Source/queue.o
                0x08006dd8                xQueueGenericReset
 .text.xQueueGenericCreateStatic
                0x08006eac       0xfa ./Middlewares/Third_Party/FreeRTOS/Source/queue.o
                0x08006eac                xQueueGenericCreateStatic
 .text.xQueueGenericCreate
                0x08006fa6       0x76 ./Middlewares/Third_Party/FreeRTOS/Source/queue.o
                0x08006fa6                xQueueGenericCreate
 .text.prvInitialiseNewQueue
                0x0800701c       0x46 ./Middlewares/Third_Party/FreeRTOS/Source/queue.o
 .text.prvInitialiseMutex
                0x08007062       0x34 ./Middlewares/Third_Party/FreeRTOS/Source/queue.o
 .text.xQueueCreateMutex
                0x08007096       0x30 ./Middlewares/Third_Party/FreeRTOS/Source/queue.o
                0x08007096                xQueueCreateMutex
 .text.xQueueCreateCountingSemaphoreStatic
                0x080070c6       0x72 ./Middlewares/Third_Party/FreeRTOS/Source/queue.o
                0x080070c6                xQueueCreateCountingSemaphoreStatic
 .text.xQueueCreateCountingSemaphore
                0x08007138       0x6a ./Middlewares/Third_Party/FreeRTOS/Source/queue.o
                0x08007138                xQueueCreateCountingSemaphore
 *fill*         0x080071a2        0x2 
 .text.xQueueGenericSend
                0x080071a4      0x204 ./Middlewares/Third_Party/FreeRTOS/Source/queue.o
                0x080071a4                xQueueGenericSend
 .text.xQueueGenericSendFromISR
                0x080073a8      0x13c ./Middlewares/Third_Party/FreeRTOS/Source/queue.o
                0x080073a8                xQueueGenericSendFromISR
 .text.xQueueGiveFromISR
                0x080074e4      0x120 ./Middlewares/Third_Party/FreeRTOS/Source/queue.o
                0x080074e4                xQueueGiveFromISR
 .text.xQueueReceive
                0x08007604      0x1c4 ./Middlewares/Third_Party/FreeRTOS/Source/queue.o
                0x08007604                xQueueReceive
 .text.xQueueSemaphoreTake
                0x080077c8      0x220 ./Middlewares/Third_Party/FreeRTOS/Source/queue.o
                0x080077c8                xQueueSemaphoreTake
 .text.xQueueReceiveFromISR
                0x080079e8      0x104 ./Middlewares/Third_Party/FreeRTOS/Source/queue.o
                0x080079e8                xQueueReceiveFromISR
 .text.vQueueDelete
                0x08007aec       0x48 ./Middlewares/Third_Party/FreeRTOS/Source/queue.o
                0x08007aec                vQueueDelete
 .text.prvGetDisinheritPriorityAfterTimeout
                0x08007b34       0x30 ./Middlewares/Third_Party/FreeRTOS/Source/queue.o
 .text.prvCopyDataToQueue
                0x08007b64       0xd4 ./Middlewares/Third_Party/FreeRTOS/Source/queue.o
 .text.prvCopyDataFromQueue
                0x08007c38       0x4c ./Middlewares/Third_Party/FreeRTOS/Source/queue.o
 .text.prvUnlockQueue
                0x08007c84       0xa4 ./Middlewares/Third_Party/FreeRTOS/Source/queue.o
 .text.prvIsQueueEmpty
                0x08007d28       0x2c ./Middlewares/Third_Party/FreeRTOS/Source/queue.o
 .text.prvIsQueueFull
                0x08007d54       0x30 ./Middlewares/Third_Party/FreeRTOS/Source/queue.o
 .text.vQueueAddToRegistry
                0x08007d84       0x54 ./Middlewares/Third_Party/FreeRTOS/Source/queue.o
                0x08007d84                vQueueAddToRegistry
 .text.vQueueUnregisterQueue
                0x08007dd8       0x54 ./Middlewares/Third_Party/FreeRTOS/Source/queue.o
                0x08007dd8                vQueueUnregisterQueue
 .text.vQueueWaitForMessageRestricted
                0x08007e2c       0x68 ./Middlewares/Third_Party/FreeRTOS/Source/queue.o
                0x08007e2c                vQueueWaitForMessageRestricted
 .text.xTaskCreateStatic
                0x08007e94       0xc0 ./Middlewares/Third_Party/FreeRTOS/Source/tasks.o
                0x08007e94                xTaskCreateStatic
 .text.xTaskCreate
                0x08007f54       0x8a ./Middlewares/Third_Party/FreeRTOS/Source/tasks.o
                0x08007f54                xTaskCreate
 .text.prvInitialiseNewTask
                0x08007fde      0x120 ./Middlewares/Third_Party/FreeRTOS/Source/tasks.o
 *fill*         0x080080fe        0x2 
 .text.prvAddNewTaskToReadyList
                0x08008100       0xe0 ./Middlewares/Third_Party/FreeRTOS/Source/tasks.o
 .text.vTaskDelayUntil
                0x080081e0      0x100 ./Middlewares/Third_Party/FreeRTOS/Source/tasks.o
                0x080081e0                vTaskDelayUntil
 .text.vTaskStartScheduler
                0x080082e0       0xd0 ./Middlewares/Third_Party/FreeRTOS/Source/tasks.o
                0x080082e0                vTaskStartScheduler
 .text.vTaskSuspendAll
                0x080083b0       0x1c ./Middlewares/Third_Party/FreeRTOS/Source/tasks.o
                0x080083b0                vTaskSuspendAll
 .text.xTaskResumeAll
                0x080083cc      0x13c ./Middlewares/Third_Party/FreeRTOS/Source/tasks.o
                0x080083cc                xTaskResumeAll
 .text.xTaskGetTickCount
                0x08008508       0x20 ./Middlewares/Third_Party/FreeRTOS/Source/tasks.o
                0x08008508                xTaskGetTickCount
 .text.xTaskIncrementTick
                0x08008528      0x174 ./Middlewares/Third_Party/FreeRTOS/Source/tasks.o
                0x08008528                xTaskIncrementTick
 .text.vTaskSwitchContext
                0x0800869c       0xbc ./Middlewares/Third_Party/FreeRTOS/Source/tasks.o
                0x0800869c                vTaskSwitchContext
 .text.vTaskPlaceOnEventList
                0x08008758       0x4c ./Middlewares/Third_Party/FreeRTOS/Source/tasks.o
                0x08008758                vTaskPlaceOnEventList
 .text.vTaskPlaceOnUnorderedEventList
                0x080087a4       0x7c ./Middlewares/Third_Party/FreeRTOS/Source/tasks.o
                0x080087a4                vTaskPlaceOnUnorderedEventList
 .text.vTaskPlaceOnEventListRestricted
                0x08008820       0x58 ./Middlewares/Third_Party/FreeRTOS/Source/tasks.o
                0x08008820                vTaskPlaceOnEventListRestricted
 .text.xTaskRemoveFromEventList
                0x08008878       0xc8 ./Middlewares/Third_Party/FreeRTOS/Source/tasks.o
                0x08008878                xTaskRemoveFromEventList
 .text.vTaskRemoveFromUnorderedEventList
                0x08008940       0xc8 ./Middlewares/Third_Party/FreeRTOS/Source/tasks.o
                0x08008940                vTaskRemoveFromUnorderedEventList
 .text.vTaskInternalSetTimeOutState
                0x08008a08       0x2c ./Middlewares/Third_Party/FreeRTOS/Source/tasks.o
                0x08008a08                vTaskInternalSetTimeOutState
 .text.xTaskCheckForTimeOut
                0x08008a34       0xc8 ./Middlewares/Third_Party/FreeRTOS/Source/tasks.o
                0x08008a34                xTaskCheckForTimeOut
 .text.vTaskMissedYield
                0x08008afc       0x18 ./Middlewares/Third_Party/FreeRTOS/Source/tasks.o
                0x08008afc                vTaskMissedYield
 .text.prvIdleTask
                0x08008b14       0x30 ./Middlewares/Third_Party/FreeRTOS/Source/tasks.o
 .text.prvInitialiseTaskLists
                0x08008b44       0x80 ./Middlewares/Third_Party/FreeRTOS/Source/tasks.o
 .text.prvCheckTasksWaitingTermination
                0x08008bc4       0x5c ./Middlewares/Third_Party/FreeRTOS/Source/tasks.o
 .text.prvDeleteTCB
                0x08008c20       0x60 ./Middlewares/Third_Party/FreeRTOS/Source/tasks.o
 .text.prvResetNextTaskUnblockTime
                0x08008c80       0x40 ./Middlewares/Third_Party/FreeRTOS/Source/tasks.o
 .text.xTaskGetSchedulerState
                0x08008cc0       0x3c ./Middlewares/Third_Party/FreeRTOS/Source/tasks.o
                0x08008cc0                xTaskGetSchedulerState
 .text.xTaskPriorityInherit
                0x08008cfc       0xd0 ./Middlewares/Third_Party/FreeRTOS/Source/tasks.o
                0x08008cfc                xTaskPriorityInherit
 .text.xTaskPriorityDisinherit
                0x08008dcc       0xe0 ./Middlewares/Third_Party/FreeRTOS/Source/tasks.o
                0x08008dcc                xTaskPriorityDisinherit
 .text.vTaskPriorityDisinheritAfterTimeout
                0x08008eac      0x108 ./Middlewares/Third_Party/FreeRTOS/Source/tasks.o
                0x08008eac                vTaskPriorityDisinheritAfterTimeout
 .text.uxTaskResetEventItemValue
                0x08008fb4       0x30 ./Middlewares/Third_Party/FreeRTOS/Source/tasks.o
                0x08008fb4                uxTaskResetEventItemValue
 .text.pvTaskIncrementMutexHeldCount
                0x08008fe4       0x28 ./Middlewares/Third_Party/FreeRTOS/Source/tasks.o
                0x08008fe4                pvTaskIncrementMutexHeldCount
 .text.prvAddCurrentTaskToDelayedList
                0x0800900c       0xa8 ./Middlewares/Third_Party/FreeRTOS/Source/tasks.o
 .text.xTimerCreateTimerTask
                0x080090b4       0x94 ./Middlewares/Third_Party/FreeRTOS/Source/timers.o
                0x080090b4                xTimerCreateTimerTask
 .text.xTimerCreate
                0x08009148       0x42 ./Middlewares/Third_Party/FreeRTOS/Source/timers.o
                0x08009148                xTimerCreate
 .text.xTimerCreateStatic
                0x0800918a       0x80 ./Middlewares/Third_Party/FreeRTOS/Source/timers.o
                0x0800918a                xTimerCreateStatic
 .text.prvInitialiseNewTimer
                0x0800920a       0x78 ./Middlewares/Third_Party/FreeRTOS/Source/timers.o
 *fill*         0x08009282        0x2 
 .text.xTimerGenericCommand
                0x08009284       0x9c ./Middlewares/Third_Party/FreeRTOS/Source/timers.o
                0x08009284                xTimerGenericCommand
 .text.prvProcessExpiredTimer
                0x08009320       0x9c ./Middlewares/Third_Party/FreeRTOS/Source/timers.o
 .text.prvTimerTask
                0x080093bc       0x26 ./Middlewares/Third_Party/FreeRTOS/Source/timers.o
 *fill*         0x080093e2        0x2 
 .text.prvProcessTimerOrBlockTask
                0x080093e4       0x9c ./Middlewares/Third_Party/FreeRTOS/Source/timers.o
 .text.prvGetNextExpireTime
                0x08009480       0x48 ./Middlewares/Third_Party/FreeRTOS/Source/timers.o
 .text.prvSampleTimeNow
                0x080094c8       0x40 ./Middlewares/Third_Party/FreeRTOS/Source/timers.o
 .text.prvInsertTimerInActiveList
                0x08009508       0x84 ./Middlewares/Third_Party/FreeRTOS/Source/timers.o
 .text.prvProcessReceivedCommands
                0x0800958c      0x1cc ./Middlewares/Third_Party/FreeRTOS/Source/timers.o
 .text.prvSwitchTimerLists
                0x08009758       0xcc ./Middlewares/Third_Party/FreeRTOS/Source/timers.o
 .text.prvCheckForValidListAndQueue
                0x08009824       0x80 ./Middlewares/Third_Party/FreeRTOS/Source/timers.o
 .text.pvTimerGetTimerID
                0x080098a4       0x42 ./Middlewares/Third_Party/FreeRTOS/Source/timers.o
                0x080098a4                pvTimerGetTimerID
 *fill*         0x080098e6        0x2 
 .text.xTimerPendFunctionCallFromISR
                0x080098e8       0x40 ./Middlewares/Third_Party/FreeRTOS/Source/timers.o
                0x080098e8                xTimerPendFunctionCallFromISR
 .text.pxPortInitialiseStack
                0x08009928       0x68 ./Middlewares/Third_Party/FreeRTOS/Source/portable/GCC/ARM_CM4F/port.o
                0x08009928                pxPortInitialiseStack
 .text.prvTaskExitError
                0x08009990       0x5c ./Middlewares/Third_Party/FreeRTOS/Source/portable/GCC/ARM_CM4F/port.o
 *fill*         0x080099ec        0x4 
 .text.SVC_Handler
                0x080099f0       0x28 ./Middlewares/Third_Party/FreeRTOS/Source/portable/GCC/ARM_CM4F/port.o
                0x080099f0                SVC_Handler
 .text.prvPortStartFirstTask
                0x08009a18       0x28 ./Middlewares/Third_Party/FreeRTOS/Source/portable/GCC/ARM_CM4F/port.o
 .text.xPortStartScheduler
                0x08009a40      0x148 ./Middlewares/Third_Party/FreeRTOS/Source/portable/GCC/ARM_CM4F/port.o
                0x08009a40                xPortStartScheduler
 .text.vPortEnterCritical
                0x08009b88       0x64 ./Middlewares/Third_Party/FreeRTOS/Source/portable/GCC/ARM_CM4F/port.o
                0x08009b88                vPortEnterCritical
 .text.vPortExitCritical
                0x08009bec       0x54 ./Middlewares/Third_Party/FreeRTOS/Source/portable/GCC/ARM_CM4F/port.o
                0x08009bec                vPortExitCritical
 .text.PendSV_Handler
                0x08009c40       0x68 ./Middlewares/Third_Party/FreeRTOS/Source/portable/GCC/ARM_CM4F/port.o
                0x08009c40                PendSV_Handler
 .text.xPortSysTickHandler
                0x08009ca8       0x44 ./Middlewares/Third_Party/FreeRTOS/Source/portable/GCC/ARM_CM4F/port.o
                0x08009ca8                xPortSysTickHandler
 .text.vPortSetupTimerInterrupt
                0x08009cec       0x48 ./Middlewares/Third_Party/FreeRTOS/Source/portable/GCC/ARM_CM4F/port.o
                0x08009cec                vPortSetupTimerInterrupt
 .text.vPortEnableVFP
                0x08009d34       0x14 ./Middlewares/Third_Party/FreeRTOS/Source/portable/GCC/ARM_CM4F/port.o
 .text.vPortValidateInterruptPriority
                0x08009d48       0x84 ./Middlewares/Third_Party/FreeRTOS/Source/portable/GCC/ARM_CM4F/port.o
                0x08009d48                vPortValidateInterruptPriority
 .text.pvPortMalloc
                0x08009dcc      0x19c ./Middlewares/Third_Party/FreeRTOS/Source/portable/MemMang/heap_4.o
                0x08009dcc                pvPortMalloc
 .text.vPortFree
                0x08009f68       0xc8 ./Middlewares/Third_Party/FreeRTOS/Source/portable/MemMang/heap_4.o
                0x08009f68                vPortFree
 .text.prvHeapInit
                0x0800a030       0xc4 ./Middlewares/Third_Party/FreeRTOS/Source/portable/MemMang/heap_4.o
 .text.prvInsertBlockIntoFreeList
                0x0800a0f4       0xb4 ./Middlewares/Third_Party/FreeRTOS/Source/portable/MemMang/heap_4.o
 .text.__cvt    0x0800a1a8       0xca C:/ST/STM32CubeIDE_1.16.0/STM32CubeIDE/plugins/com.st.stm32cube.ide.mcu.externaltools.gnu-tools-for-stm32.12.3.rel1.win32_1.0.200.202406191623/tools/bin/../lib/gcc/arm-none-eabi/12.3.1/../../../../arm-none-eabi/lib/thumb/v7e-m+fp/hard\libc_nano.a(libc_a-nano-vfprintf_float.o)
                0x0800a1a8                __cvt
 .text.__exponent
                0x0800a272       0x74 C:/ST/STM32CubeIDE_1.16.0/STM32CubeIDE/plugins/com.st.stm32cube.ide.mcu.externaltools.gnu-tools-for-stm32.12.3.rel1.win32_1.0.200.202406191623/tools/bin/../lib/gcc/arm-none-eabi/12.3.1/../../../../arm-none-eabi/lib/thumb/v7e-m+fp/hard\libc_nano.a(libc_a-nano-vfprintf_float.o)
                0x0800a272                __exponent
 *fill*         0x0800a2e6        0x2 
 .text._printf_float
                0x0800a2e8      0x454 C:/ST/STM32CubeIDE_1.16.0/STM32CubeIDE/plugins/com.st.stm32cube.ide.mcu.externaltools.gnu-tools-for-stm32.12.3.rel1.win32_1.0.200.202406191623/tools/bin/../lib/gcc/arm-none-eabi/12.3.1/../../../../arm-none-eabi/lib/thumb/v7e-m+fp/hard\libc_nano.a(libc_a-nano-vfprintf_float.o)
                0x0800a2e8                _printf_float
 .text._printf_common
                0x0800a73c       0xda C:/ST/STM32CubeIDE_1.16.0/STM32CubeIDE/plugins/com.st.stm32cube.ide.mcu.externaltools.gnu-tools-for-stm32.12.3.rel1.win32_1.0.200.202406191623/tools/bin/../lib/gcc/arm-none-eabi/12.3.1/../../../../arm-none-eabi/lib/thumb/v7e-m+fp/hard\libc_nano.a(libc_a-nano-vfprintf_i.o)
                0x0800a73c                _printf_common
 *fill*         0x0800a816        0x2 
 .text._printf_i
                0x0800a818      0x240 C:/ST/STM32CubeIDE_1.16.0/STM32CubeIDE/plugins/com.st.stm32cube.ide.mcu.externaltools.gnu-tools-for-stm32.12.3.rel1.win32_1.0.200.202406191623/tools/bin/../lib/gcc/arm-none-eabi/12.3.1/../../../../arm-none-eabi/lib/thumb/v7e-m+fp/hard\libc_nano.a(libc_a-nano-vfprintf_i.o)
                0x0800a818                _printf_i
 .text.std      0x0800aa58       0x6c C:/ST/STM32CubeIDE_1.16.0/STM32CubeIDE/plugins/com.st.stm32cube.ide.mcu.externaltools.gnu-tools-for-stm32.12.3.rel1.win32_1.0.200.202406191623/tools/bin/../lib/gcc/arm-none-eabi/12.3.1/../../../../arm-none-eabi/lib/thumb/v7e-m+fp/hard\libc_nano.a(libc_a-findfp.o)
 .text.stdio_exit_handler
                0x0800aac4       0x18 C:/ST/STM32CubeIDE_1.16.0/STM32CubeIDE/plugins/com.st.stm32cube.ide.mcu.externaltools.gnu-tools-for-stm32.12.3.rel1.win32_1.0.200.202406191623/tools/bin/../lib/gcc/arm-none-eabi/12.3.1/../../../../arm-none-eabi/lib/thumb/v7e-m+fp/hard\libc_nano.a(libc_a-findfp.o)
 .text.cleanup_stdio
                0x0800aadc       0x40 C:/ST/STM32CubeIDE_1.16.0/STM32CubeIDE/plugins/com.st.stm32cube.ide.mcu.externaltools.gnu-tools-for-stm32.12.3.rel1.win32_1.0.200.202406191623/tools/bin/../lib/gcc/arm-none-eabi/12.3.1/../../../../arm-none-eabi/lib/thumb/v7e-m+fp/hard\libc_nano.a(libc_a-findfp.o)
 .text.global_stdio_init.part.0
                0x0800ab1c       0x3c C:/ST/STM32CubeIDE_1.16.0/STM32CubeIDE/plugins/com.st.stm32cube.ide.mcu.externaltools.gnu-tools-for-stm32.12.3.rel1.win32_1.0.200.202406191623/tools/bin/../lib/gcc/arm-none-eabi/12.3.1/../../../../arm-none-eabi/lib/thumb/v7e-m+fp/hard\libc_nano.a(libc_a-findfp.o)
 .text.__sfp_lock_acquire
                0x0800ab58        0xc C:/ST/STM32CubeIDE_1.16.0/STM32CubeIDE/plugins/com.st.stm32cube.ide.mcu.externaltools.gnu-tools-for-stm32.12.3.rel1.win32_1.0.200.202406191623/tools/bin/../lib/gcc/arm-none-eabi/12.3.1/../../../../arm-none-eabi/lib/thumb/v7e-m+fp/hard\libc_nano.a(libc_a-findfp.o)
                0x0800ab58                __sfp_lock_acquire
 .text.__sfp_lock_release
                0x0800ab64        0xc C:/ST/STM32CubeIDE_1.16.0/STM32CubeIDE/plugins/com.st.stm32cube.ide.mcu.externaltools.gnu-tools-for-stm32.12.3.rel1.win32_1.0.200.202406191623/tools/bin/../lib/gcc/arm-none-eabi/12.3.1/../../../../arm-none-eabi/lib/thumb/v7e-m+fp/hard\libc_nano.a(libc_a-findfp.o)
                0x0800ab64                __sfp_lock_release
 .text.__sinit  0x0800ab70       0x30 C:/ST/STM32CubeIDE_1.16.0/STM32CubeIDE/plugins/com.st.stm32cube.ide.mcu.externaltools.gnu-tools-for-stm32.12.3.rel1.win32_1.0.200.202406191623/tools/bin/../lib/gcc/arm-none-eabi/12.3.1/../../../../arm-none-eabi/lib/thumb/v7e-m+fp/hard\libc_nano.a(libc_a-findfp.o)
                0x0800ab70                __sinit
 .text._fwalk_sglue
                0x0800aba0       0x3c C:/ST/STM32CubeIDE_1.16.0/STM32CubeIDE/plugins/com.st.stm32cube.ide.mcu.externaltools.gnu-tools-for-stm32.12.3.rel1.win32_1.0.200.202406191623/tools/bin/../lib/gcc/arm-none-eabi/12.3.1/../../../../arm-none-eabi/lib/thumb/v7e-m+fp/hard\libc_nano.a(libc_a-fwalk.o)
                0x0800aba0                _fwalk_sglue
 .text.sprintf  0x0800abdc       0x40 C:/ST/STM32CubeIDE_1.16.0/STM32CubeIDE/plugins/com.st.stm32cube.ide.mcu.externaltools.gnu-tools-for-stm32.12.3.rel1.win32_1.0.200.202406191623/tools/bin/../lib/gcc/arm-none-eabi/12.3.1/../../../../arm-none-eabi/lib/thumb/v7e-m+fp/hard\libc_nano.a(libc_a-sprintf.o)
                0x0800abdc                siprintf
                0x0800abdc                sprintf
 .text.__sread  0x0800ac1c       0x22 C:/ST/STM32CubeIDE_1.16.0/STM32CubeIDE/plugins/com.st.stm32cube.ide.mcu.externaltools.gnu-tools-for-stm32.12.3.rel1.win32_1.0.200.202406191623/tools/bin/../lib/gcc/arm-none-eabi/12.3.1/../../../../arm-none-eabi/lib/thumb/v7e-m+fp/hard\libc_nano.a(libc_a-stdio.o)
                0x0800ac1c                __sread
 .text.__swrite
                0x0800ac3e       0x38 C:/ST/STM32CubeIDE_1.16.0/STM32CubeIDE/plugins/com.st.stm32cube.ide.mcu.externaltools.gnu-tools-for-stm32.12.3.rel1.win32_1.0.200.202406191623/tools/bin/../lib/gcc/arm-none-eabi/12.3.1/../../../../arm-none-eabi/lib/thumb/v7e-m+fp/hard\libc_nano.a(libc_a-stdio.o)
                0x0800ac3e                __swrite
 .text.__sseek  0x0800ac76       0x24 C:/ST/STM32CubeIDE_1.16.0/STM32CubeIDE/plugins/com.st.stm32cube.ide.mcu.externaltools.gnu-tools-for-stm32.12.3.rel1.win32_1.0.200.202406191623/tools/bin/../lib/gcc/arm-none-eabi/12.3.1/../../../../arm-none-eabi/lib/thumb/v7e-m+fp/hard\libc_nano.a(libc_a-stdio.o)
                0x0800ac76                __sseek
 .text.__sclose
                0x0800ac9a        0x8 C:/ST/STM32CubeIDE_1.16.0/STM32CubeIDE/plugins/com.st.stm32cube.ide.mcu.externaltools.gnu-tools-for-stm32.12.3.rel1.win32_1.0.200.202406191623/tools/bin/../lib/gcc/arm-none-eabi/12.3.1/../../../../arm-none-eabi/lib/thumb/v7e-m+fp/hard\libc_nano.a(libc_a-stdio.o)
                0x0800ac9a                __sclose
 .text.memset   0x0800aca2       0x10 C:/ST/STM32CubeIDE_1.16.0/STM32CubeIDE/plugins/com.st.stm32cube.ide.mcu.externaltools.gnu-tools-for-stm32.12.3.rel1.win32_1.0.200.202406191623/tools/bin/../lib/gcc/arm-none-eabi/12.3.1/../../../../arm-none-eabi/lib/thumb/v7e-m+fp/hard\libc_nano.a(libc_a-memset.o)
                0x0800aca2                memset
 *fill*         0x0800acb2        0x2 
 .text._localeconv_r
                0x0800acb4        0x8 C:/ST/STM32CubeIDE_1.16.0/STM32CubeIDE/plugins/com.st.stm32cube.ide.mcu.externaltools.gnu-tools-for-stm32.12.3.rel1.win32_1.0.200.202406191623/tools/bin/../lib/gcc/arm-none-eabi/12.3.1/../../../../arm-none-eabi/lib/thumb/v7e-m+fp/hard\libc_nano.a(libc_a-localeconv.o)
                0x0800acb4                _localeconv_r
 .text._close_r
                0x0800acbc       0x20 C:/ST/STM32CubeIDE_1.16.0/STM32CubeIDE/plugins/com.st.stm32cube.ide.mcu.externaltools.gnu-tools-for-stm32.12.3.rel1.win32_1.0.200.202406191623/tools/bin/../lib/gcc/arm-none-eabi/12.3.1/../../../../arm-none-eabi/lib/thumb/v7e-m+fp/hard\libc_nano.a(libc_a-closer.o)
                0x0800acbc                _close_r
 .text._lseek_r
                0x0800acdc       0x24 C:/ST/STM32CubeIDE_1.16.0/STM32CubeIDE/plugins/com.st.stm32cube.ide.mcu.externaltools.gnu-tools-for-stm32.12.3.rel1.win32_1.0.200.202406191623/tools/bin/../lib/gcc/arm-none-eabi/12.3.1/../../../../arm-none-eabi/lib/thumb/v7e-m+fp/hard\libc_nano.a(libc_a-lseekr.o)
                0x0800acdc                _lseek_r
 .text._read_r  0x0800ad00       0x24 C:/ST/STM32CubeIDE_1.16.0/STM32CubeIDE/plugins/com.st.stm32cube.ide.mcu.externaltools.gnu-tools-for-stm32.12.3.rel1.win32_1.0.200.202406191623/tools/bin/../lib/gcc/arm-none-eabi/12.3.1/../../../../arm-none-eabi/lib/thumb/v7e-m+fp/hard\libc_nano.a(libc_a-readr.o)
                0x0800ad00                _read_r
 .text._write_r
                0x0800ad24       0x24 C:/ST/STM32CubeIDE_1.16.0/STM32CubeIDE/plugins/com.st.stm32cube.ide.mcu.externaltools.gnu-tools-for-stm32.12.3.rel1.win32_1.0.200.202406191623/tools/bin/../lib/gcc/arm-none-eabi/12.3.1/../../../../arm-none-eabi/lib/thumb/v7e-m+fp/hard\libc_nano.a(libc_a-writer.o)
                0x0800ad24                _write_r
 .text.__libc_init_array
                0x0800ad48       0x48 C:/ST/STM32CubeIDE_1.16.0/STM32CubeIDE/plugins/com.st.stm32cube.ide.mcu.externaltools.gnu-tools-for-stm32.12.3.rel1.win32_1.0.200.202406191623/tools/bin/../lib/gcc/arm-none-eabi/12.3.1/../../../../arm-none-eabi/lib/thumb/v7e-m+fp/hard\libc_nano.a(libc_a-init.o)
                0x0800ad48                __libc_init_array
 .text.__retarget_lock_init_recursive
                0x0800ad90        0x2 C:/ST/STM32CubeIDE_1.16.0/STM32CubeIDE/plugins/com.st.stm32cube.ide.mcu.externaltools.gnu-tools-for-stm32.12.3.rel1.win32_1.0.200.202406191623/tools/bin/../lib/gcc/arm-none-eabi/12.3.1/../../../../arm-none-eabi/lib/thumb/v7e-m+fp/hard\libc_nano.a(libc_a-lock.o)
                0x0800ad90                __retarget_lock_init_recursive
 .text.__retarget_lock_acquire_recursive
                0x0800ad92        0x2 C:/ST/STM32CubeIDE_1.16.0/STM32CubeIDE/plugins/com.st.stm32cube.ide.mcu.externaltools.gnu-tools-for-stm32.12.3.rel1.win32_1.0.200.202406191623/tools/bin/../lib/gcc/arm-none-eabi/12.3.1/../../../../arm-none-eabi/lib/thumb/v7e-m+fp/hard\libc_nano.a(libc_a-lock.o)
                0x0800ad92                __retarget_lock_acquire_recursive
 .text.__retarget_lock_release_recursive
                0x0800ad94        0x2 C:/ST/STM32CubeIDE_1.16.0/STM32CubeIDE/plugins/com.st.stm32cube.ide.mcu.externaltools.gnu-tools-for-stm32.12.3.rel1.win32_1.0.200.202406191623/tools/bin/../lib/gcc/arm-none-eabi/12.3.1/../../../../arm-none-eabi/lib/thumb/v7e-m+fp/hard\libc_nano.a(libc_a-lock.o)
                0x0800ad94                __retarget_lock_release_recursive
 .text.memcpy   0x0800ad96       0x1c C:/ST/STM32CubeIDE_1.16.0/STM32CubeIDE/plugins/com.st.stm32cube.ide.mcu.externaltools.gnu-tools-for-stm32.12.3.rel1.win32_1.0.200.202406191623/tools/bin/../lib/gcc/arm-none-eabi/12.3.1/../../../../arm-none-eabi/lib/thumb/v7e-m+fp/hard\libc_nano.a(libc_a-memcpy-stub.o)
                0x0800ad96                memcpy
 .text.quorem   0x0800adb2      0x110 C:/ST/STM32CubeIDE_1.16.0/STM32CubeIDE/plugins/com.st.stm32cube.ide.mcu.externaltools.gnu-tools-for-stm32.12.3.rel1.win32_1.0.200.202406191623/tools/bin/../lib/gcc/arm-none-eabi/12.3.1/../../../../arm-none-eabi/lib/thumb/v7e-m+fp/hard\libc_nano.a(libc_a-dtoa.o)
 *fill*         0x0800aec2        0x6 
 .text._dtoa_r  0x0800aec8      0xb88 C:/ST/STM32CubeIDE_1.16.0/STM32CubeIDE/plugins/com.st.stm32cube.ide.mcu.externaltools.gnu-tools-for-stm32.12.3.rel1.win32_1.0.200.202406191623/tools/bin/../lib/gcc/arm-none-eabi/12.3.1/../../../../arm-none-eabi/lib/thumb/v7e-m+fp/hard\libc_nano.a(libc_a-dtoa.o)
                0x0800aec8                _dtoa_r
 .text._free_r  0x0800ba50       0x94 C:/ST/STM32CubeIDE_1.16.0/STM32CubeIDE/plugins/com.st.stm32cube.ide.mcu.externaltools.gnu-tools-for-stm32.12.3.rel1.win32_1.0.200.202406191623/tools/bin/../lib/gcc/arm-none-eabi/12.3.1/../../../../arm-none-eabi/lib/thumb/v7e-m+fp/hard\libc_nano.a(libc_a-freer.o)
                0x0800ba50                _free_r
 .text.malloc   0x0800bae4       0x10 C:/ST/STM32CubeIDE_1.16.0/STM32CubeIDE/plugins/com.st.stm32cube.ide.mcu.externaltools.gnu-tools-for-stm32.12.3.rel1.win32_1.0.200.202406191623/tools/bin/../lib/gcc/arm-none-eabi/12.3.1/../../../../arm-none-eabi/lib/thumb/v7e-m+fp/hard\libc_nano.a(libc_a-malloc.o)
                0x0800bae4                malloc
 .text.sbrk_aligned
                0x0800baf4       0x44 C:/ST/STM32CubeIDE_1.16.0/STM32CubeIDE/plugins/com.st.stm32cube.ide.mcu.externaltools.gnu-tools-for-stm32.12.3.rel1.win32_1.0.200.202406191623/tools/bin/../lib/gcc/arm-none-eabi/12.3.1/../../../../arm-none-eabi/lib/thumb/v7e-m+fp/hard\libc_nano.a(libc_a-mallocr.o)
 .text._malloc_r
                0x0800bb38      0x100 C:/ST/STM32CubeIDE_1.16.0/STM32CubeIDE/plugins/com.st.stm32cube.ide.mcu.externaltools.gnu-tools-for-stm32.12.3.rel1.win32_1.0.200.202406191623/tools/bin/../lib/gcc/arm-none-eabi/12.3.1/../../../../arm-none-eabi/lib/thumb/v7e-m+fp/hard\libc_nano.a(libc_a-mallocr.o)
                0x0800bb38                _malloc_r
 .text.__malloc_lock
                0x0800bc38        0xc C:/ST/STM32CubeIDE_1.16.0/STM32CubeIDE/plugins/com.st.stm32cube.ide.mcu.externaltools.gnu-tools-for-stm32.12.3.rel1.win32_1.0.200.202406191623/tools/bin/../lib/gcc/arm-none-eabi/12.3.1/../../../../arm-none-eabi/lib/thumb/v7e-m+fp/hard\libc_nano.a(libc_a-mlock.o)
                0x0800bc38                __malloc_lock
 .text.__malloc_unlock
                0x0800bc44        0xc C:/ST/STM32CubeIDE_1.16.0/STM32CubeIDE/plugins/com.st.stm32cube.ide.mcu.externaltools.gnu-tools-for-stm32.12.3.rel1.win32_1.0.200.202406191623/tools/bin/../lib/gcc/arm-none-eabi/12.3.1/../../../../arm-none-eabi/lib/thumb/v7e-m+fp/hard\libc_nano.a(libc_a-mlock.o)
                0x0800bc44                __malloc_unlock
 .text._Balloc  0x0800bc50       0x80 C:/ST/STM32CubeIDE_1.16.0/STM32CubeIDE/plugins/com.st.stm32cube.ide.mcu.externaltools.gnu-tools-for-stm32.12.3.rel1.win32_1.0.200.202406191623/tools/bin/../lib/gcc/arm-none-eabi/12.3.1/../../../../arm-none-eabi/lib/thumb/v7e-m+fp/hard\libc_nano.a(libc_a-mprec.o)
                0x0800bc50                _Balloc
 .text._Bfree   0x0800bcd0       0x44 C:/ST/STM32CubeIDE_1.16.0/STM32CubeIDE/plugins/com.st.stm32cube.ide.mcu.externaltools.gnu-tools-for-stm32.12.3.rel1.win32_1.0.200.202406191623/tools/bin/../lib/gcc/arm-none-eabi/12.3.1/../../../../arm-none-eabi/lib/thumb/v7e-m+fp/hard\libc_nano.a(libc_a-mprec.o)
                0x0800bcd0                _Bfree
 .text.__multadd
                0x0800bd14       0x8c C:/ST/STM32CubeIDE_1.16.0/STM32CubeIDE/plugins/com.st.stm32cube.ide.mcu.externaltools.gnu-tools-for-stm32.12.3.rel1.win32_1.0.200.202406191623/tools/bin/../lib/gcc/arm-none-eabi/12.3.1/../../../../arm-none-eabi/lib/thumb/v7e-m+fp/hard\libc_nano.a(libc_a-mprec.o)
                0x0800bd14                __multadd
 .text.__hi0bits
                0x0800bda0       0x3e C:/ST/STM32CubeIDE_1.16.0/STM32CubeIDE/plugins/com.st.stm32cube.ide.mcu.externaltools.gnu-tools-for-stm32.12.3.rel1.win32_1.0.200.202406191623/tools/bin/../lib/gcc/arm-none-eabi/12.3.1/../../../../arm-none-eabi/lib/thumb/v7e-m+fp/hard\libc_nano.a(libc_a-mprec.o)
                0x0800bda0                __hi0bits
 .text.__lo0bits
                0x0800bdde       0x5a C:/ST/STM32CubeIDE_1.16.0/STM32CubeIDE/plugins/com.st.stm32cube.ide.mcu.externaltools.gnu-tools-for-stm32.12.3.rel1.win32_1.0.200.202406191623/tools/bin/../lib/gcc/arm-none-eabi/12.3.1/../../../../arm-none-eabi/lib/thumb/v7e-m+fp/hard\libc_nano.a(libc_a-mprec.o)
                0x0800bdde                __lo0bits
 .text.__i2b    0x0800be38       0x2c C:/ST/STM32CubeIDE_1.16.0/STM32CubeIDE/plugins/com.st.stm32cube.ide.mcu.externaltools.gnu-tools-for-stm32.12.3.rel1.win32_1.0.200.202406191623/tools/bin/../lib/gcc/arm-none-eabi/12.3.1/../../../../arm-none-eabi/lib/thumb/v7e-m+fp/hard\libc_nano.a(libc_a-mprec.o)
                0x0800be38                __i2b
 .text.__multiply
                0x0800be64      0x154 C:/ST/STM32CubeIDE_1.16.0/STM32CubeIDE/plugins/com.st.stm32cube.ide.mcu.externaltools.gnu-tools-for-stm32.12.3.rel1.win32_1.0.200.202406191623/tools/bin/../lib/gcc/arm-none-eabi/12.3.1/../../../../arm-none-eabi/lib/thumb/v7e-m+fp/hard\libc_nano.a(libc_a-mprec.o)
                0x0800be64                __multiply
 .text.__pow5mult
                0x0800bfb8       0xb4 C:/ST/STM32CubeIDE_1.16.0/STM32CubeIDE/plugins/com.st.stm32cube.ide.mcu.externaltools.gnu-tools-for-stm32.12.3.rel1.win32_1.0.200.202406191623/tools/bin/../lib/gcc/arm-none-eabi/12.3.1/../../../../arm-none-eabi/lib/thumb/v7e-m+fp/hard\libc_nano.a(libc_a-mprec.o)
                0x0800bfb8                __pow5mult
 .text.__lshift
                0x0800c06c       0xd8 C:/ST/STM32CubeIDE_1.16.0/STM32CubeIDE/plugins/com.st.stm32cube.ide.mcu.externaltools.gnu-tools-for-stm32.12.3.rel1.win32_1.0.200.202406191623/tools/bin/../lib/gcc/arm-none-eabi/12.3.1/../../../../arm-none-eabi/lib/thumb/v7e-m+fp/hard\libc_nano.a(libc_a-mprec.o)
                0x0800c06c                __lshift
 .text.__mcmp   0x0800c144       0x36 C:/ST/STM32CubeIDE_1.16.0/STM32CubeIDE/plugins/com.st.stm32cube.ide.mcu.externaltools.gnu-tools-for-stm32.12.3.rel1.win32_1.0.200.202406191623/tools/bin/../lib/gcc/arm-none-eabi/12.3.1/../../../../arm-none-eabi/lib/thumb/v7e-m+fp/hard\libc_nano.a(libc_a-mprec.o)
                0x0800c144                __mcmp
 *fill*         0x0800c17a        0x2 
 .text.__mdiff  0x0800c17c      0x128 C:/ST/STM32CubeIDE_1.16.0/STM32CubeIDE/plugins/com.st.stm32cube.ide.mcu.externaltools.gnu-tools-for-stm32.12.3.rel1.win32_1.0.200.202406191623/tools/bin/../lib/gcc/arm-none-eabi/12.3.1/../../../../arm-none-eabi/lib/thumb/v7e-m+fp/hard\libc_nano.a(libc_a-mprec.o)
                0x0800c17c                __mdiff
 .text.__d2b    0x0800c2a4       0xb0 C:/ST/STM32CubeIDE_1.16.0/STM32CubeIDE/plugins/com.st.stm32cube.ide.mcu.externaltools.gnu-tools-for-stm32.12.3.rel1.win32_1.0.200.202406191623/tools/bin/../lib/gcc/arm-none-eabi/12.3.1/../../../../arm-none-eabi/lib/thumb/v7e-m+fp/hard\libc_nano.a(libc_a-mprec.o)
                0x0800c2a4                __d2b
 .text.__ssputs_r
                0x0800c354       0xb6 C:/ST/STM32CubeIDE_1.16.0/STM32CubeIDE/plugins/com.st.stm32cube.ide.mcu.externaltools.gnu-tools-for-stm32.12.3.rel1.win32_1.0.200.202406191623/tools/bin/../lib/gcc/arm-none-eabi/12.3.1/../../../../arm-none-eabi/lib/thumb/v7e-m+fp/hard\libc_nano.a(libc_a-nano-svfprintf.o)
                0x0800c354                __ssputs_r
 *fill*         0x0800c40a        0x2 
 .text._svfprintf_r
                0x0800c40c      0x1f8 C:/ST/STM32CubeIDE_1.16.0/STM32CubeIDE/plugins/com.st.stm32cube.ide.mcu.externaltools.gnu-tools-for-stm32.12.3.rel1.win32_1.0.200.202406191623/tools/bin/../lib/gcc/arm-none-eabi/12.3.1/../../../../arm-none-eabi/lib/thumb/v7e-m+fp/hard\libc_nano.a(libc_a-nano-svfprintf.o)
                0x0800c40c                _svfiprintf_r
                0x0800c40c                _svfprintf_r
 .text.__sflush_r
                0x0800c604      0x108 C:/ST/STM32CubeIDE_1.16.0/STM32CubeIDE/plugins/com.st.stm32cube.ide.mcu.externaltools.gnu-tools-for-stm32.12.3.rel1.win32_1.0.200.202406191623/tools/bin/../lib/gcc/arm-none-eabi/12.3.1/../../../../arm-none-eabi/lib/thumb/v7e-m+fp/hard\libc_nano.a(libc_a-fflush.o)
                0x0800c604                __sflush_r
 .text._fflush_r
                0x0800c70c       0x50 C:/ST/STM32CubeIDE_1.16.0/STM32CubeIDE/plugins/com.st.stm32cube.ide.mcu.externaltools.gnu-tools-for-stm32.12.3.rel1.win32_1.0.200.202406191623/tools/bin/../lib/gcc/arm-none-eabi/12.3.1/../../../../arm-none-eabi/lib/thumb/v7e-m+fp/hard\libc_nano.a(libc_a-fflush.o)
                0x0800c70c                _fflush_r
 .text.memmove  0x0800c75c       0x34 C:/ST/STM32CubeIDE_1.16.0/STM32CubeIDE/plugins/com.st.stm32cube.ide.mcu.externaltools.gnu-tools-for-stm32.12.3.rel1.win32_1.0.200.202406191623/tools/bin/../lib/gcc/arm-none-eabi/12.3.1/../../../../arm-none-eabi/lib/thumb/v7e-m+fp/hard\libc_nano.a(libc_a-memmove.o)
                0x0800c75c                memmove
 .text._sbrk_r  0x0800c790       0x20 C:/ST/STM32CubeIDE_1.16.0/STM32CubeIDE/plugins/com.st.stm32cube.ide.mcu.externaltools.gnu-tools-for-stm32.12.3.rel1.win32_1.0.200.202406191623/tools/bin/../lib/gcc/arm-none-eabi/12.3.1/../../../../arm-none-eabi/lib/thumb/v7e-m+fp/hard\libc_nano.a(libc_a-sbrkr.o)
                0x0800c790                _sbrk_r
 .text.__assert_func
                0x0800c7b0       0x3c C:/ST/STM32CubeIDE_1.16.0/STM32CubeIDE/plugins/com.st.stm32cube.ide.mcu.externaltools.gnu-tools-for-stm32.12.3.rel1.win32_1.0.200.202406191623/tools/bin/../lib/gcc/arm-none-eabi/12.3.1/../../../../arm-none-eabi/lib/thumb/v7e-m+fp/hard\libc_nano.a(libc_a-assert.o)
                0x0800c7b0                __assert_func
 .text._calloc_r
                0x0800c7ec       0x28 C:/ST/STM32CubeIDE_1.16.0/STM32CubeIDE/plugins/com.st.stm32cube.ide.mcu.externaltools.gnu-tools-for-stm32.12.3.rel1.win32_1.0.200.202406191623/tools/bin/../lib/gcc/arm-none-eabi/12.3.1/../../../../arm-none-eabi/lib/thumb/v7e-m+fp/hard\libc_nano.a(libc_a-callocr.o)
                0x0800c7ec                _calloc_r
 .text.__ascii_mbtowc
                0x0800c814       0x24 C:/ST/STM32CubeIDE_1.16.0/STM32CubeIDE/plugins/com.st.stm32cube.ide.mcu.externaltools.gnu-tools-for-stm32.12.3.rel1.win32_1.0.200.202406191623/tools/bin/../lib/gcc/arm-none-eabi/12.3.1/../../../../arm-none-eabi/lib/thumb/v7e-m+fp/hard\libc_nano.a(libc_a-mbtowc_r.o)
                0x0800c814                __ascii_mbtowc
 .text._realloc_r
                0x0800c838       0x5c C:/ST/STM32CubeIDE_1.16.0/STM32CubeIDE/plugins/com.st.stm32cube.ide.mcu.externaltools.gnu-tools-for-stm32.12.3.rel1.win32_1.0.200.202406191623/tools/bin/../lib/gcc/arm-none-eabi/12.3.1/../../../../arm-none-eabi/lib/thumb/v7e-m+fp/hard\libc_nano.a(libc_a-reallocr.o)
                0x0800c838                _realloc_r
 .text.__ascii_wctomb
                0x0800c894       0x1a C:/ST/STM32CubeIDE_1.16.0/STM32CubeIDE/plugins/com.st.stm32cube.ide.mcu.externaltools.gnu-tools-for-stm32.12.3.rel1.win32_1.0.200.202406191623/tools/bin/../lib/gcc/arm-none-eabi/12.3.1/../../../../arm-none-eabi/lib/thumb/v7e-m+fp/hard\libc_nano.a(libc_a-wctomb_r.o)
                0x0800c894                __ascii_wctomb
 *fill*         0x0800c8ae        0x2 
 .text.fprintf  0x0800c8b0       0x24 C:/ST/STM32CubeIDE_1.16.0/STM32CubeIDE/plugins/com.st.stm32cube.ide.mcu.externaltools.gnu-tools-for-stm32.12.3.rel1.win32_1.0.200.202406191623/tools/bin/../lib/gcc/arm-none-eabi/12.3.1/../../../../arm-none-eabi/lib/thumb/v7e-m+fp/hard\libc_nano.a(libc_a-fprintf.o)
                0x0800c8b0                fiprintf
                0x0800c8b0                fprintf
 .text.abort    0x0800c8d4        0xe C:/ST/STM32CubeIDE_1.16.0/STM32CubeIDE/plugins/com.st.stm32cube.ide.mcu.externaltools.gnu-tools-for-stm32.12.3.rel1.win32_1.0.200.202406191623/tools/bin/../lib/gcc/arm-none-eabi/12.3.1/../../../../arm-none-eabi/lib/thumb/v7e-m+fp/hard\libc_nano.a(libc_a-abort.o)
                0x0800c8d4                abort
 .text._malloc_usable_size_r
                0x0800c8e2       0x10 C:/ST/STM32CubeIDE_1.16.0/STM32CubeIDE/plugins/com.st.stm32cube.ide.mcu.externaltools.gnu-tools-for-stm32.12.3.rel1.win32_1.0.200.202406191623/tools/bin/../lib/gcc/arm-none-eabi/12.3.1/../../../../arm-none-eabi/lib/thumb/v7e-m+fp/hard\libc_nano.a(libc_a-msizer.o)
                0x0800c8e2                _malloc_usable_size_r
 .text.__sfputc_r
                0x0800c8f2       0x2e C:/ST/STM32CubeIDE_1.16.0/STM32CubeIDE/plugins/com.st.stm32cube.ide.mcu.externaltools.gnu-tools-for-stm32.12.3.rel1.win32_1.0.200.202406191623/tools/bin/../lib/gcc/arm-none-eabi/12.3.1/../../../../arm-none-eabi/lib/thumb/v7e-m+fp/hard\libc_nano.a(libc_a-nano-vfprintf.o)
 .text.__sfputs_r
                0x0800c920       0x24 C:/ST/STM32CubeIDE_1.16.0/STM32CubeIDE/plugins/com.st.stm32cube.ide.mcu.externaltools.gnu-tools-for-stm32.12.3.rel1.win32_1.0.200.202406191623/tools/bin/../lib/gcc/arm-none-eabi/12.3.1/../../../../arm-none-eabi/lib/thumb/v7e-m+fp/hard\libc_nano.a(libc_a-nano-vfprintf.o)
                0x0800c920                __sfputs_r
 .text._vfprintf_r
                0x0800c944      0x230 C:/ST/STM32CubeIDE_1.16.0/STM32CubeIDE/plugins/com.st.stm32cube.ide.mcu.externaltools.gnu-tools-for-stm32.12.3.rel1.win32_1.0.200.202406191623/tools/bin/../lib/gcc/arm-none-eabi/12.3.1/../../../../arm-none-eabi/lib/thumb/v7e-m+fp/hard\libc_nano.a(libc_a-nano-vfprintf.o)
                0x0800c944                _vfprintf_r
                0x0800c944                _vfiprintf_r
 .text.__swbuf_r
                0x0800cb74       0x7c C:/ST/STM32CubeIDE_1.16.0/STM32CubeIDE/plugins/com.st.stm32cube.ide.mcu.externaltools.gnu-tools-for-stm32.12.3.rel1.win32_1.0.200.202406191623/tools/bin/../lib/gcc/arm-none-eabi/12.3.1/../../../../arm-none-eabi/lib/thumb/v7e-m+fp/hard\libc_nano.a(libc_a-wbuf.o)
                0x0800cb74                __swbuf_r
 .text.__swsetup_r
                0x0800cbf0       0xac C:/ST/STM32CubeIDE_1.16.0/STM32CubeIDE/plugins/com.st.stm32cube.ide.mcu.externaltools.gnu-tools-for-stm32.12.3.rel1.win32_1.0.200.202406191623/tools/bin/../lib/gcc/arm-none-eabi/12.3.1/../../../../arm-none-eabi/lib/thumb/v7e-m+fp/hard\libc_nano.a(libc_a-wsetup.o)
                0x0800cbf0                __swsetup_r
 .text._raise_r
                0x0800cc9c       0x50 C:/ST/STM32CubeIDE_1.16.0/STM32CubeIDE/plugins/com.st.stm32cube.ide.mcu.externaltools.gnu-tools-for-stm32.12.3.rel1.win32_1.0.200.202406191623/tools/bin/../lib/gcc/arm-none-eabi/12.3.1/../../../../arm-none-eabi/lib/thumb/v7e-m+fp/hard\libc_nano.a(libc_a-signal.o)
                0x0800cc9c                _raise_r
 .text.raise    0x0800ccec       0x10 C:/ST/STM32CubeIDE_1.16.0/STM32CubeIDE/plugins/com.st.stm32cube.ide.mcu.externaltools.gnu-tools-for-stm32.12.3.rel1.win32_1.0.200.202406191623/tools/bin/../lib/gcc/arm-none-eabi/12.3.1/../../../../arm-none-eabi/lib/thumb/v7e-m+fp/hard\libc_nano.a(libc_a-signal.o)
                0x0800ccec                raise
 .text._kill_r  0x0800ccfc       0x24 C:/ST/STM32CubeIDE_1.16.0/STM32CubeIDE/plugins/com.st.stm32cube.ide.mcu.externaltools.gnu-tools-for-stm32.12.3.rel1.win32_1.0.200.202406191623/tools/bin/../lib/gcc/arm-none-eabi/12.3.1/../../../../arm-none-eabi/lib/thumb/v7e-m+fp/hard\libc_nano.a(libc_a-signalr.o)
                0x0800ccfc                _kill_r
 .text._getpid_r
                0x0800cd20        0x4 C:/ST/STM32CubeIDE_1.16.0/STM32CubeIDE/plugins/com.st.stm32cube.ide.mcu.externaltools.gnu-tools-for-stm32.12.3.rel1.win32_1.0.200.202406191623/tools/bin/../lib/gcc/arm-none-eabi/12.3.1/../../../../arm-none-eabi/lib/thumb/v7e-m+fp/hard\libc_nano.a(libc_a-signalr.o)
                0x0800cd20                _getpid_r
 .text.__swhatbuf_r
                0x0800cd24       0x4c C:/ST/STM32CubeIDE_1.16.0/STM32CubeIDE/plugins/com.st.stm32cube.ide.mcu.externaltools.gnu-tools-for-stm32.12.3.rel1.win32_1.0.200.202406191623/tools/bin/../lib/gcc/arm-none-eabi/12.3.1/../../../../arm-none-eabi/lib/thumb/v7e-m+fp/hard\libc_nano.a(libc_a-makebuf.o)
                0x0800cd24                __swhatbuf_r
 .text.__smakebuf_r
                0x0800cd70       0x78 C:/ST/STM32CubeIDE_1.16.0/STM32CubeIDE/plugins/com.st.stm32cube.ide.mcu.externaltools.gnu-tools-for-stm32.12.3.rel1.win32_1.0.200.202406191623/tools/bin/../lib/gcc/arm-none-eabi/12.3.1/../../../../arm-none-eabi/lib/thumb/v7e-m+fp/hard\libc_nano.a(libc_a-makebuf.o)
                0x0800cd70                __smakebuf_r
 .text._fstat_r
                0x0800cde8       0x24 C:/ST/STM32CubeIDE_1.16.0/STM32CubeIDE/plugins/com.st.stm32cube.ide.mcu.externaltools.gnu-tools-for-stm32.12.3.rel1.win32_1.0.200.202406191623/tools/bin/../lib/gcc/arm-none-eabi/12.3.1/../../../../arm-none-eabi/lib/thumb/v7e-m+fp/hard\libc_nano.a(libc_a-fstatr.o)
                0x0800cde8                _fstat_r
 .text._isatty_r
                0x0800ce0c       0x20 C:/ST/STM32CubeIDE_1.16.0/STM32CubeIDE/plugins/com.st.stm32cube.ide.mcu.externaltools.gnu-tools-for-stm32.12.3.rel1.win32_1.0.200.202406191623/tools/bin/../lib/gcc/arm-none-eabi/12.3.1/../../../../arm-none-eabi/lib/thumb/v7e-m+fp/hard\libc_nano.a(libc_a-isattyr.o)
                0x0800ce0c                _isatty_r
 .text.atan2f   0x0800ce2c        0x4 C:/ST/STM32CubeIDE_1.16.0/STM32CubeIDE/plugins/com.st.stm32cube.ide.mcu.externaltools.gnu-tools-for-stm32.12.3.rel1.win32_1.0.200.202406191623/tools/bin/../lib/gcc/arm-none-eabi/12.3.1/../../../../arm-none-eabi/lib/thumb/v7e-m+fp/hard\libm.a(libm_a-wf_atan2.o)
                0x0800ce2c                atan2f
 .text.sqrtf    0x0800ce30       0x3c C:/ST/STM32CubeIDE_1.16.0/STM32CubeIDE/plugins/com.st.stm32cube.ide.mcu.externaltools.gnu-tools-for-stm32.12.3.rel1.win32_1.0.200.202406191623/tools/bin/../lib/gcc/arm-none-eabi/12.3.1/../../../../arm-none-eabi/lib/thumb/v7e-m+fp/hard\libm.a(libm_a-wf_sqrt.o)
                0x0800ce30                sqrtf
 .text.__ieee754_sqrtf
                0x0800ce6c        0x6 C:/ST/STM32CubeIDE_1.16.0/STM32CubeIDE/plugins/com.st.stm32cube.ide.mcu.externaltools.gnu-tools-for-stm32.12.3.rel1.win32_1.0.200.202406191623/tools/bin/../lib/gcc/arm-none-eabi/12.3.1/../../../../arm-none-eabi/lib/thumb/v7e-m+fp/hard\libm.a(libm_a-ef_sqrt.o)
                0x0800ce6c                __ieee754_sqrtf
 *fill*         0x0800ce72        0x2 
 .text.__ieee754_atan2f
                0x0800ce74      0x140 C:/ST/STM32CubeIDE_1.16.0/STM32CubeIDE/plugins/com.st.stm32cube.ide.mcu.externaltools.gnu-tools-for-stm32.12.3.rel1.win32_1.0.200.202406191623/tools/bin/../lib/gcc/arm-none-eabi/12.3.1/../../../../arm-none-eabi/lib/thumb/v7e-m+fp/hard\libm.a(libm_a-ef_atan2.o)
                0x0800ce74                __ieee754_atan2f
 .text.atanf    0x0800cfb4      0x1a8 C:/ST/STM32CubeIDE_1.16.0/STM32CubeIDE/plugins/com.st.stm32cube.ide.mcu.externaltools.gnu-tools-for-stm32.12.3.rel1.win32_1.0.200.202406191623/tools/bin/../lib/gcc/arm-none-eabi/12.3.1/../../../../arm-none-eabi/lib/thumb/v7e-m+fp/hard\libm.a(libm_a-sf_atan.o)
                0x0800cfb4                atanf
 .text.fabsf    0x0800d15c        0xe C:/ST/STM32CubeIDE_1.16.0/STM32CubeIDE/plugins/com.st.stm32cube.ide.mcu.externaltools.gnu-tools-for-stm32.12.3.rel1.win32_1.0.200.202406191623/tools/bin/../lib/gcc/arm-none-eabi/12.3.1/../../../../arm-none-eabi/lib/thumb/v7e-m+fp/hard\libm.a(libm_a-sf_fabs.o)
                0x0800d15c                fabsf
 *fill*         0x0800d16a        0x2 
 .text.__errno  0x0800d16c        0xc C:/ST/STM32CubeIDE_1.16.0/STM32CubeIDE/plugins/com.st.stm32cube.ide.mcu.externaltools.gnu-tools-for-stm32.12.3.rel1.win32_1.0.200.202406191623/tools/bin/../lib/gcc/arm-none-eabi/12.3.1/../../../../arm-none-eabi/lib/thumb/v7e-m+fp/hard\libc_nano.a(libc_a-errno.o)
                0x0800d16c                __errno
 .text._close   0x0800d178       0x10 C:/ST/STM32CubeIDE_1.16.0/STM32CubeIDE/plugins/com.st.stm32cube.ide.mcu.externaltools.gnu-tools-for-stm32.12.3.rel1.win32_1.0.200.202406191623/tools/bin/../lib/gcc/arm-none-eabi/12.3.1/../../../../arm-none-eabi/lib/thumb/v7e-m+fp/hard\libnosys.a(close.o)
                0x0800d178                _close
 .text._fstat   0x0800d188       0x10 C:/ST/STM32CubeIDE_1.16.0/STM32CubeIDE/plugins/com.st.stm32cube.ide.mcu.externaltools.gnu-tools-for-stm32.12.3.rel1.win32_1.0.200.202406191623/tools/bin/../lib/gcc/arm-none-eabi/12.3.1/../../../../arm-none-eabi/lib/thumb/v7e-m+fp/hard\libnosys.a(fstat.o)
                0x0800d188                _fstat
 .text._getpid  0x0800d198       0x10 C:/ST/STM32CubeIDE_1.16.0/STM32CubeIDE/plugins/com.st.stm32cube.ide.mcu.externaltools.gnu-tools-for-stm32.12.3.rel1.win32_1.0.200.202406191623/tools/bin/../lib/gcc/arm-none-eabi/12.3.1/../../../../arm-none-eabi/lib/thumb/v7e-m+fp/hard\libnosys.a(getpid.o)
                0x0800d198                _getpid
 .text._isatty  0x0800d1a8       0x10 C:/ST/STM32CubeIDE_1.16.0/STM32CubeIDE/plugins/com.st.stm32cube.ide.mcu.externaltools.gnu-tools-for-stm32.12.3.rel1.win32_1.0.200.202406191623/tools/bin/../lib/gcc/arm-none-eabi/12.3.1/../../../../arm-none-eabi/lib/thumb/v7e-m+fp/hard\libnosys.a(isatty.o)
                0x0800d1a8                _isatty
 .text._kill    0x0800d1b8       0x10 C:/ST/STM32CubeIDE_1.16.0/STM32CubeIDE/plugins/com.st.stm32cube.ide.mcu.externaltools.gnu-tools-for-stm32.12.3.rel1.win32_1.0.200.202406191623/tools/bin/../lib/gcc/arm-none-eabi/12.3.1/../../../../arm-none-eabi/lib/thumb/v7e-m+fp/hard\libnosys.a(kill.o)
                0x0800d1b8                _kill
 .text._lseek   0x0800d1c8       0x10 C:/ST/STM32CubeIDE_1.16.0/STM32CubeIDE/plugins/com.st.stm32cube.ide.mcu.externaltools.gnu-tools-for-stm32.12.3.rel1.win32_1.0.200.202406191623/tools/bin/../lib/gcc/arm-none-eabi/12.3.1/../../../../arm-none-eabi/lib/thumb/v7e-m+fp/hard\libnosys.a(lseek.o)
                0x0800d1c8                _lseek
 .text._read    0x0800d1d8       0x10 C:/ST/STM32CubeIDE_1.16.0/STM32CubeIDE/plugins/com.st.stm32cube.ide.mcu.externaltools.gnu-tools-for-stm32.12.3.rel1.win32_1.0.200.202406191623/tools/bin/../lib/gcc/arm-none-eabi/12.3.1/../../../../arm-none-eabi/lib/thumb/v7e-m+fp/hard\libnosys.a(read.o)
                0x0800d1d8                _read
 .text._sbrk    0x0800d1e8       0x1c C:/ST/STM32CubeIDE_1.16.0/STM32CubeIDE/plugins/com.st.stm32cube.ide.mcu.externaltools.gnu-tools-for-stm32.12.3.rel1.win32_1.0.200.202406191623/tools/bin/../lib/gcc/arm-none-eabi/12.3.1/../../../../arm-none-eabi/lib/thumb/v7e-m+fp/hard\libnosys.a(sbrk.o)
                0x0800d1e8                _sbrk
 .text._write   0x0800d204       0x10 C:/ST/STM32CubeIDE_1.16.0/STM32CubeIDE/plugins/com.st.stm32cube.ide.mcu.externaltools.gnu-tools-for-stm32.12.3.rel1.win32_1.0.200.202406191623/tools/bin/../lib/gcc/arm-none-eabi/12.3.1/../../../../arm-none-eabi/lib/thumb/v7e-m+fp/hard\libnosys.a(write.o)
                0x0800d204                _write
 .text._exit    0x0800d214        0x2 C:/ST/STM32CubeIDE_1.16.0/STM32CubeIDE/plugins/com.st.stm32cube.ide.mcu.externaltools.gnu-tools-for-stm32.12.3.rel1.win32_1.0.200.202406191623/tools/bin/../lib/gcc/arm-none-eabi/12.3.1/../../../../arm-none-eabi/lib/thumb/v7e-m+fp/hard\libnosys.a(_exit.o)
                0x0800d214                _exit
 *(.glue_7)
 .glue_7        0x0800d216        0x0 linker stubs
 *(.glue_7t)
 .glue_7t       0x0800d216        0x0 linker stubs
 *(.eh_frame)
 *fill*         0x0800d216        0x2 
 .eh_frame      0x0800d218        0x0 C:/ST/STM32CubeIDE_1.16.0/STM32CubeIDE/plugins/com.st.stm32cube.ide.mcu.externaltools.gnu-tools-for-stm32.12.3.rel1.win32_1.0.200.202406191623/tools/bin/../lib/gcc/arm-none-eabi/12.3.1/thumb/v7e-m+fp/hard/crtbegin.o
 *(.init)
 .init          0x0800d218        0x4 C:/ST/STM32CubeIDE_1.16.0/STM32CubeIDE/plugins/com.st.stm32cube.ide.mcu.externaltools.gnu-tools-for-stm32.12.3.rel1.win32_1.0.200.202406191623/tools/bin/../lib/gcc/arm-none-eabi/12.3.1/thumb/v7e-m+fp/hard/crti.o
                0x0800d218                _init
 .init          0x0800d21c        0x8 C:/ST/STM32CubeIDE_1.16.0/STM32CubeIDE/plugins/com.st.stm32cube.ide.mcu.externaltools.gnu-tools-for-stm32.12.3.rel1.win32_1.0.200.202406191623/tools/bin/../lib/gcc/arm-none-eabi/12.3.1/thumb/v7e-m+fp/hard/crtn.o
 *(.fini)
 .fini          0x0800d224        0x4 C:/ST/STM32CubeIDE_1.16.0/STM32CubeIDE/plugins/com.st.stm32cube.ide.mcu.externaltools.gnu-tools-for-stm32.12.3.rel1.win32_1.0.200.202406191623/tools/bin/../lib/gcc/arm-none-eabi/12.3.1/thumb/v7e-m+fp/hard/crti.o
                0x0800d224                _fini
 .fini          0x0800d228        0x8 C:/ST/STM32CubeIDE_1.16.0/STM32CubeIDE/plugins/com.st.stm32cube.ide.mcu.externaltools.gnu-tools-for-stm32.12.3.rel1.win32_1.0.200.202406191623/tools/bin/../lib/gcc/arm-none-eabi/12.3.1/thumb/v7e-m+fp/hard/crtn.o
                0x0800d230                        . = ALIGN (0x4)
                0x0800d230                        _etext = .

.vfp11_veneer   0x0800d230        0x0
 .vfp11_veneer  0x0800d230        0x0 linker stubs

.v4_bx          0x0800d230        0x0
 .v4_bx         0x0800d230        0x0 linker stubs

.iplt           0x0800d230        0x0
 .iplt          0x0800d230        0x0 C:/ST/STM32CubeIDE_1.16.0/STM32CubeIDE/plugins/com.st.stm32cube.ide.mcu.externaltools.gnu-tools-for-stm32.12.3.rel1.win32_1.0.200.202406191623/tools/bin/../lib/gcc/arm-none-eabi/12.3.1/thumb/v7e-m+fp/hard/crtbegin.o

.rodata         0x0800d230      0x490
                0x0800d230                        . = ALIGN (0x4)
 *(.rodata)
 .rodata        0x0800d230       0x24 ./AppCore/App/src/com_talks.o
 .rodata        0x0800d254       0x25 ./AppCore/App/src/imu_talks.o
 *fill*         0x0800d279        0x3 
 .rodata        0x0800d27c        0xe ./AppCore/App/src/system_talks.o
 *fill*         0x0800d28a        0x2 
 .rodata        0x0800d28c        0xb ./AppCore/Services/Src/nmea_formatter.o
 *fill*         0x0800d297        0x1 
 .rodata        0x0800d298        0x5 ./Middlewares/Third_Party/FreeRTOS/Source/tasks.o
 *fill*         0x0800d29d        0x3 
 .rodata        0x0800d2a0        0xd ./Middlewares/Third_Party/FreeRTOS/Source/timers.o
 *(.rodata*)
 *fill*         0x0800d2ad        0x3 
 .rodata.BSPUARTTask_attributes
                0x0800d2b0       0x24 ./AppCore/App/src/com_talks.o
                0x0800d2b0                BSPUARTTask_attributes
 .rodata.IMUTask_attributes
                0x0800d2d4       0x24 ./AppCore/App/src/imu_talks.o
                0x0800d2d4                IMUTask_attributes
 .rodata.AHBPrescTable
                0x0800d2f8       0x10 ./Core/Src/system_stm32f4xx.o
                0x0800d2f8                AHBPrescTable
 .rodata.APBPrescTable
                0x0800d308        0x8 ./Core/Src/system_stm32f4xx.o
                0x0800d308                APBPrescTable
 .rodata.flagBitshiftOffset.0
                0x0800d310        0x8 ./Drivers/STM32F4xx_HAL_Driver/Src/stm32f4xx_hal_dma.o
 .rodata._printf_float.str1.1
                0x0800d318       0x12 C:/ST/STM32CubeIDE_1.16.0/STM32CubeIDE/plugins/com.st.stm32cube.ide.mcu.externaltools.gnu-tools-for-stm32.12.3.rel1.win32_1.0.200.202406191623/tools/bin/../lib/gcc/arm-none-eabi/12.3.1/../../../../arm-none-eabi/lib/thumb/v7e-m+fp/hard\libc_nano.a(libc_a-nano-vfprintf_float.o)
 .rodata._printf_i.str1.1
                0x0800d32a       0x22 C:/ST/STM32CubeIDE_1.16.0/STM32CubeIDE/plugins/com.st.stm32cube.ide.mcu.externaltools.gnu-tools-for-stm32.12.3.rel1.win32_1.0.200.202406191623/tools/bin/../lib/gcc/arm-none-eabi/12.3.1/../../../../arm-none-eabi/lib/thumb/v7e-m+fp/hard\libc_nano.a(libc_a-nano-vfprintf_i.o)
 .rodata._dtoa_r.str1.1
                0x0800d34c       0x8d C:/ST/STM32CubeIDE_1.16.0/STM32CubeIDE/plugins/com.st.stm32cube.ide.mcu.externaltools.gnu-tools-for-stm32.12.3.rel1.win32_1.0.200.202406191623/tools/bin/../lib/gcc/arm-none-eabi/12.3.1/../../../../arm-none-eabi/lib/thumb/v7e-m+fp/hard\libc_nano.a(libc_a-dtoa.o)