Archive member included to satisfy reference by file (symbol)

C:/ST/STM32CubeIDE_1.16.0/STM32CubeIDE/plugins/com.st.stm32cube.ide.mcu.externaltools.gnu-tools-for-stm32.12.3.rel1.win32_1.0.200.202406191623/tools/bin/../lib/gcc/arm-none-eabi/12.3.1/../../../../arm-none-eabi/lib/thumb/v7e-m+fp/hard\libc_nano.a(libc_a-exit.o)
                              C:/ST/STM32CubeIDE_1.16.0/STM32CubeIDE/plugins/com.st.stm32cube.ide.mcu.externaltools.gnu-tools-for-stm32.12.3.rel1.win32_1.0.200.202406191623/tools/bin/../lib/gcc/arm-none-eabi/12.3.1/../../../../arm-none-eabi/lib/thumb/v7e-m+fp/hard/crt0.o (exit)
C:/ST/STM32CubeIDE_1.16.0/STM32CubeIDE/plugins/com.st.stm32cube.ide.mcu.externaltools.gnu-tools-for-stm32.12.3.rel1.win32_1.0.200.202406191623/tools/bin/../lib/gcc/arm-none-eabi/12.3.1/../../../../arm-none-eabi/lib/thumb/v7e-m+fp/hard\libc_nano.a(libc_a-nano-vfprintf_float.o)
                              (_printf_float)
C:/ST/STM32CubeIDE_1.16.0/STM32CubeIDE/plugins/com.st.stm32cube.ide.mcu.externaltools.gnu-tools-for-stm32.12.3.rel1.win32_1.0.200.202406191623/tools/bin/../lib/gcc/arm-none-eabi/12.3.1/../../../../arm-none-eabi/lib/thumb/v7e-m+fp/hard\libc_nano.a(libc_a-nano-vfprintf_i.o)
                              C:/ST/STM32CubeIDE_1.16.0/STM32CubeIDE/plugins/com.st.stm32cube.ide.mcu.externaltools.gnu-tools-for-stm32.12.3.rel1.win32_1.0.200.202406191623/tools/bin/../lib/gcc/arm-none-eabi/12.3.1/../../../../arm-none-eabi/lib/thumb/v7e-m+fp/hard\libc_nano.a(libc_a-nano-vfprintf_float.o) (_printf_common)
C:/ST/STM32CubeIDE_1.16.0/STM32CubeIDE/plugins/com.st.stm32cube.ide.mcu.externaltools.gnu-tools-for-stm32.12.3.rel1.win32_1.0.200.202406191623/tools/bin/../lib/gcc/arm-none-eabi/12.3.1/../../../../arm-none-eabi/lib/thumb/v7e-m+fp/hard\libc_nano.a(libc_a-findfp.o)
                              C:/ST/STM32CubeIDE_1.16.0/STM32CubeIDE/plugins/com.st.stm32cube.ide.mcu.externaltools.gnu-tools-for-stm32.12.3.rel1.win32_1.0.200.202406191623/tools/bin/../lib/gcc/arm-none-eabi/12.3.1/../../../../arm-none-eabi/lib/thumb/v7e-m+fp/hard\libc_nano.a(libc_a-exit.o) (__stdio_exit_handler)
C:/ST/STM32CubeIDE_1.16.0/STM32CubeIDE/plugins/com.st.stm32cube.ide.mcu.externaltools.gnu-tools-for-stm32.12.3.rel1.win32_1.0.200.202406191623/tools/bin/../lib/gcc/arm-none-eabi/12.3.1/../../../../arm-none-eabi/lib/thumb/v7e-m+fp/hard\libc_nano.a(libc_a-fwalk.o)
                              C:/ST/STM32CubeIDE_1.16.0/STM32CubeIDE/plugins/com.st.stm32cube.ide.mcu.externaltools.gnu-tools-for-stm32.12.3.rel1.win32_1.0.200.202406191623/tools/bin/../lib/gcc/arm-none-eabi/12.3.1/../../../../arm-none-eabi/lib/thumb/v7e-m+fp/hard\libc_nano.a(libc_a-findfp.o) (_fwalk_sglue)
C:/ST/STM32CubeIDE_1.16.0/STM32CubeIDE/plugins/com.st.stm32cube.ide.mcu.externaltools.gnu-tools-for-stm32.12.3.rel1.win32_1.0.200.202406191623/tools/bin/../lib/gcc/arm-none-eabi/12.3.1/../../../../arm-none-eabi/lib/thumb/v7e-m+fp/hard\libc_nano.a(libc_a-sprintf.o)
                              ./AppCore/App/imu_talks.o (sprintf)
C:/ST/STM32CubeIDE_1.16.0/STM32CubeIDE/plugins/com.st.stm32cube.ide.mcu.externaltools.gnu-tools-for-stm32.12.3.rel1.win32_1.0.200.202406191623/tools/bin/../lib/gcc/arm-none-eabi/12.3.1/../../../../arm-none-eabi/lib/thumb/v7e-m+fp/hard\libc_nano.a(libc_a-stdio.o)
                              C:/ST/STM32CubeIDE_1.16.0/STM32CubeIDE/plugins/com.st.stm32cube.ide.mcu.externaltools.gnu-tools-for-stm32.12.3.rel1.win32_1.0.200.202406191623/tools/bin/../lib/gcc/arm-none-eabi/12.3.1/../../../../arm-none-eabi/lib/thumb/v7e-m+fp/hard\libc_nano.a(libc_a-findfp.o) (__sread)
C:/ST/STM32CubeIDE_1.16.0/STM32CubeIDE/plugins/com.st.stm32cube.ide.mcu.externaltools.gnu-tools-for-stm32.12.3.rel1.win32_1.0.200.202406191623/tools/bin/../lib/gcc/arm-none-eabi/12.3.1/../../../../arm-none-eabi/lib/thumb/v7e-m+fp/hard\libc_nano.a(libc_a-memset.o)
                              C:/ST/STM32CubeIDE_1.16.0/STM32CubeIDE/plugins/com.st.stm32cube.ide.mcu.externaltools.gnu-tools-for-stm32.12.3.rel1.win32_1.0.200.202406191623/tools/bin/../lib/gcc/arm-none-eabi/12.3.1/../../../../arm-none-eabi/lib/thumb/v7e-m+fp/hard/crt0.o (memset)
C:/ST/STM32CubeIDE_1.16.0/STM32CubeIDE/plugins/com.st.stm32cube.ide.mcu.externaltools.gnu-tools-for-stm32.12.3.rel1.win32_1.0.200.202406191623/tools/bin/../lib/gcc/arm-none-eabi/12.3.1/../../../../arm-none-eabi/lib/thumb/v7e-m+fp/hard\libc_nano.a(libc_a-localeconv.o)
                              C:/ST/STM32CubeIDE_1.16.0/STM32CubeIDE/plugins/com.st.stm32cube.ide.mcu.externaltools.gnu-tools-for-stm32.12.3.rel1.win32_1.0.200.202406191623/tools/bin/../lib/gcc/arm-none-eabi/12.3.1/../../../../arm-none-eabi/lib/thumb/v7e-m+fp/hard\libc_nano.a(libc_a-nano-vfprintf_float.o) (_localeconv_r)
C:/ST/STM32CubeIDE_1.16.0/STM32CubeIDE/plugins/com.st.stm32cube.ide.mcu.externaltools.gnu-tools-for-stm32.12.3.rel1.win32_1.0.200.202406191623/tools/bin/../lib/gcc/arm-none-eabi/12.3.1/../../../../arm-none-eabi/lib/thumb/v7e-m+fp/hard\libc_nano.a(libc_a-closer.o)
[...]
Memory Configuration

Name             Origin             Length             Attributes
CCMRAM           0x10000000         0x00010000         xrw
RAM              0x20000000         0x00020000         xrw
FLASH            0x08000000         0x00100000         xr
*default*        0x00000000         0xffffffff

Linker script and memory map

LOAD C:/ST/STM32CubeIDE_1.16.0/STM32CubeIDE/plugins/com.st.stm32cube.ide.mcu.externaltools.gnu-tools-for-stm32.12.3.rel1.win32_1.0.200.202406191623/tools/bin/../lib/gcc/arm-none-eabi/12.3.1/thumb/v7e-m+fp/hard/crti.o
LOAD C:/ST/STM32CubeIDE_1.16.0/STM32CubeIDE/plugins/com.st.stm32cube.ide.mcu.externaltools.gnu-tools-for-stm32.12.3.rel1.win32_1.0.200.202406191623/tools/bin/../lib/gcc/arm-none-eabi/12.3.1/thumb/v7e-m+fp/hard/crtbegin.o
LOAD C:/ST/STM32CubeIDE_1.16.0/STM32CubeIDE/plugins/com.st.stm32cube.ide.mcu.externaltools.gnu-tools-for-stm32.12.3.rel1.win32_1.0.200.202406191623/tools/bin/../lib/gcc/arm-none-eabi/12.3.1/../../../../arm-none-eabi/lib/thumb/v7e-m+fp/hard/crt0.o
LOAD ./AppCore/App/imu_talks.o
LOAD ./AppCore/App/system_talks.o
LOAD ./AppCore/BSP/i2c_port.o
LOAD ./AppCore/BSP/uart_port.o
LOAD ./AppCore/Drivers/bme280_driver.o
LOAD ./AppCore/Drivers/mpu6050_driver.o
LOAD ./AppCore/Services/imu_fusion.o
LOAD ./AppCore/Services/iwdg_service.o
LOAD ./AppCore/Services/nmea_formatter.o
LOAD ./AppCore/Services/ring_buffer.o
LOAD ./Core/Src/freertos.o
LOAD ./Core/Src/main.o
LOAD ./Core/Src/stm32f4xx_hal_msp.o
LOAD ./Core/Src/stm32f4xx_it.o
LOAD ./Core/Src/system_stm32f4xx.o
LOAD ./Core/Startup/startup_stm32f407vgtx.o
LOAD ./Drivers/STM32F4xx_HAL_Driver/Src/stm32f4xx_hal.o
LOAD ./Drivers/STM32F4xx_HAL_Driver/Src/stm32f4xx_hal_cortex.o
LOAD ./Drivers/STM32F4xx_HAL_Driver/Src/stm32f4xx_hal_dma.o
LOAD ./Drivers/STM32F4xx_HAL_Driver/Src/stm32f4xx_hal_dma_ex.o
LOAD ./Drivers/STM32F4xx_HAL_Driver/Src/stm32f4xx_hal_exti.o
LOAD ./Drivers/STM32F4xx_HAL_Driver/Src/stm32f4xx_hal_flash.o
LOAD ./Drivers/STM32F4xx_HAL_Driver/Src/stm32f4xx_hal_flash_ex.o
LOAD ./Drivers/STM32F4xx_HAL_Driver/Src/stm32f4xx_hal_flash_ramfunc.o
LOAD ./Drivers/STM32F4xx_HAL_Driver/Src/stm32f4xx_hal_gpio.o
LOAD ./Drivers/STM32F4xx_HAL_Driver/Src/stm32f4xx_hal_i2c.o
LOAD ./Drivers/STM32F4xx_HAL_Driver/Src/stm32f4xx_hal_i2c_ex.o
LOAD ./Drivers/STM32F4xx_HAL_Driver/Src/stm32f4xx_hal_iwdg.o
LOAD ./Drivers/STM32F4xx_HAL_Driver/Src/stm32f4xx_hal_pwr.o
LOAD ./Drivers/STM32F4xx_HAL_Driver/Src/stm32f4xx_hal_pwr_ex.o
LOAD ./Drivers/STM32F4xx_HAL_Driver/Src/stm32f4xx_hal_rcc.o
LOAD ./Drivers/STM32F4xx_HAL_Driver/Src/stm32f4xx_hal_rcc_ex.o
LOAD ./Drivers/STM32F4xx_HAL_Driver/Src/stm32f4xx_hal_tim.o
LOAD ./Drivers/STM32F4xx_HAL_Driver/Src/stm32f4xx_hal_tim_ex.o
LOAD ./Drivers/STM32F4xx_HAL_Driver/Src/stm32f4xx_hal_uart.o
LOAD ./Middlewares/Third_Party/FreeRTOS/Source/CMSIS_RTOS_V2/cmsis_os2.o
LOAD ./Middlewares/Third_Party/FreeRTOS/Source/croutine.o
LOAD ./Middlewares/Third_Party/FreeRTOS/Source/event_groups.o
LOAD ./Middlewares/Third_Party/FreeRTOS/Source/list.o
LOAD ./Middlewares/Third_Party/FreeRTOS/Source/queue.o
LOAD ./Middlewares/Third_Party/FreeRTOS/Source/stream_buffer.o
LOAD ./Middlewares/Third_Party/FreeRTOS/Source/tasks.o
LOAD ./Middlewares/Third_Party/FreeRTOS/Source/timers.o
LOAD ./Middlewares/Third_Party/FreeRTOS/Source/portable/GCC/ARM_CM4F/port.o
LOAD ./Middlewares/Third_Party/FreeRTOS/Source/portable/MemMang/heap_4.o
START GROUP
LOAD C:/ST/STM32CubeIDE_1.16.0/STM32CubeIDE/plugins/com.st.stm32cube.ide.mcu.externaltools.gnu-tools-for-stm32.12.3.rel1.win32_1.0.200.202406191623/tools/bin/../lib/gcc/arm-none-eabi/12.3.1/../../../../arm-none-eabi/lib/thumb/v7e-m+fp/hard\libc_nano.a
LOAD C:/ST/STM32CubeIDE_1.16.0/STM32CubeIDE/plugins/com.st.stm32cube.ide.mcu.externaltools.gnu-tools-for-stm32.12.3.rel1.win32_1.0.200.202406191623/tools/bin/../lib/gcc/arm-none-eabi/12.3.1/../../../../arm-none-eabi/lib/thumb/v7e-m+fp/hard\libm.a
END GROUP
START GROUP
LOAD C:/ST/STM32CubeIDE_1.16.0/STM32CubeIDE/plugins/com.st.stm32cube.ide.mcu.externaltools.gnu-tools-for-stm32.12.3.rel1.win32_1.0.200.202406191623/tools/bin/../lib/gcc/arm-none-eabi/12.3.1/thumb/v7e-m+fp/hard\libgcc.a
LOAD C:/ST/STM32CubeIDE_1.16.0/STM32CubeIDE/plugins/com.st.stm32cube.ide.mcu.externaltools.gnu-tools-for-stm32.12.3.rel1.win32_1.0.200.202406191623/tools/bin/../lib/gcc/arm-none-eabi/12.3.1/../../../../arm-none-eabi/lib/thumb/v7e-m+fp/hard\libc_nano.a
END GROUP
START GROUP
LOAD C:/ST/STM32CubeIDE_1.16.0/STM32CubeIDE/plugins/com.st.stm32cube.ide.mcu.externaltools.gnu-tools-for-stm32.12.3.rel1.win32_1.0.200.202406191623/tools/bin/../lib/gcc/arm-none-eabi/12.3.1/thumb/v7e-m+fp/hard\libgcc.a
LOAD C:/ST/STM32CubeIDE_1.16.0/STM32CubeIDE/plugins/com.st.stm32cube.ide.mcu.externaltools.gnu-tools-for-stm32.12.3.rel1.win32_1.0.200.202406191623/tools/bin/../lib/gcc/arm-none-eabi/12.3.1/../../../../arm-none-eabi/lib/thumb/v7e-m+fp/hard\libc_nano.a
LOAD C:/ST/STM32CubeIDE_1.16.0/STM32CubeIDE/plugins/com.st.stm32cube.ide.mcu.externaltools.gnu-tools-for-stm32.12.3.rel1.win32_1.0.200.202406191623/tools/bin/../lib/gcc/arm-none-eabi/12.3.1/../../../../arm-none-eabi/lib/thumb/v7e-m+fp/hard\libnosys.a
END GROUP
START GROUP
LOAD C:/ST/STM32CubeIDE_1.16.0/STM32CubeIDE/plugins/com.st.stm32cube.ide.mcu.externaltools.gnu-tools-for-stm32.12.3.rel1.win32_1.0.200.202406191623/tools/bin/../lib/gcc/arm-none-eabi/12.3.1/thumb/v7e-m+fp/hard\libgcc.a
LOAD C:/ST/STM32CubeIDE_1.16.0/STM32CubeIDE/plugins/com.st.stm32cube.ide.mcu.externaltools.gnu-tools-for-stm32.12.3.rel1.win32_1.0.200.202406191623/tools/bin/../lib/gcc/arm-none-eabi/12.3.1/../../../../arm-none-eabi/lib/thumb/v7e-m+fp/hard\libc_nano.a
LOAD C:/ST/STM32CubeIDE_1.16.0/STM32CubeIDE/plugins/com.st.stm32cube.ide.mcu.externaltools.gnu-tools-for-stm32.12.3.rel1.win32_1.0.200.202406191623/tools/bin/../lib/gcc/arm-none-eabi/12.3.1/../../../../arm-none-eabi/lib/thumb/v7e-m+fp/hard\libnosys.a
END GROUP
LOAD C:/ST/STM32CubeIDE_1.16.0/STM32CubeIDE/plugins/com.st.stm32cube.ide.mcu.externaltools.gnu-tools-for-stm32.12.3.rel1.win32_1.0.200.202406191623/tools/bin/../lib/gcc/arm-none-eabi/12.3.1/thumb/v7e-m+fp/hard/crtend.o
LOAD C:/ST/STM32CubeIDE_1.16.0/STM32CubeIDE/plugins/com.st.stm32cube.ide.mcu.externaltools.gnu-tools-for-stm32.12.3.rel1.win32_1.0.200.202406191623/tools/bin/../lib/gcc/arm-none-eabi/12.3.1/thumb/v7e-m+fp/hard/crtn.o
                0x20020000                        _estack = (ORIGIN (RAM) + LENGTH (RAM))
                0x00010000                        _Min_Heap_Size = 0x10000
                0x00002400                        _Min_Stack_Size = 0x2400

.isr_vector     0x08000000      0x188
                0x08000000                        . = ALIGN (0x4)
 *(.isr_vector)
 .isr_vector    0x08000000      0x188 ./Core/Startup/startup_stm32f407vgtx.o
                0x08000000                g_pfnVectors
                0x08000188                        . = ALIGN (0x4)

.text           0x08000190     0xcfb0
                0x08000190                        . = ALIGN (0x4)
 *(.text)
 .text          0x08000190       0x40 C:/ST/STM32CubeIDE_1.16.0/STM32CubeIDE/plugins/com.st.stm32cube.ide.mcu.externaltools.gnu-tools-for-stm32.12.3.rel1.win32_1.0.200.202406191623/tools/bin/../lib/gcc/arm-none-eabi/12.3.1/thumb/v7e-m+fp/hard/crtbegin.o
 .text          0x080001d0       0xa0 C:/ST/STM32CubeIDE_1.16.0/STM32CubeIDE/plugins/com.st.stm32cube.ide.mcu.externaltools.gnu-tools-for-stm32.12.3.rel1.win32_1.0.200.202406191623/tools/bin/../lib/gcc/arm-none-eabi/12.3.1/../../../../arm-none-eabi/lib/thumb/v7e-m+fp/hard\libc_nano.a(libc_a-memchr.o)
                0x080001d0                memchr
 .text          0x08000270       0x10 C:/ST/STM32CubeIDE_1.16.0/STM32CubeIDE/plugins/com.st.stm32cube.ide.mcu.externaltools.gnu-tools-for-stm32.12.3.rel1.win32_1.0.200.202406191623/tools/bin/../lib/gcc/arm-none-eabi/12.3.1/../../../../arm-none-eabi/lib/thumb/v7e-m+fp/hard\libc_nano.a(libc_a-strlen.o)
                0x08000270                strlen
 .text          0x08000280      0x378 C:/ST/STM32CubeIDE_1.16.0/STM32CubeIDE/plugins/com.st.stm32cube.ide.mcu.externaltools.gnu-tools-for-stm32.12.3.rel1.win32_1.0.200.202406191623/tools/bin/../lib/gcc/arm-none-eabi/12.3.1/thumb/v7e-m+fp/hard\libgcc.a(_arm_addsubdf3.o)
                0x08000280                __aeabi_drsub
                0x08000288                __aeabi_dsub
                0x08000288                __subdf3
                0x0800028c                __aeabi_dadd
                0x0800028c                __adddf3
                0x08000504                __floatunsidf
                0x08000504                __aeabi_ui2d
                0x08000524                __floatsidf
                0x08000524                __aeabi_i2d
                0x08000548                __aeabi_f2d
                0x08000548                __extendsfdf2
                0x0800058c                __floatundidf
                0x0800058c                __aeabi_ul2d
                0x0800059c                __floatdidf
                0x0800059c                __aeabi_l2d
 .text          0x080005f8      0x424 C:/ST/STM32CubeIDE_1.16.0/STM32CubeIDE/plugins/com.st.stm32cube.ide.mcu.externaltools.gnu-tools-for-stm32.12.3.rel1.win32_1.0.200.202406191623/tools/bin/../lib/gcc/arm-none-eabi/12.3.1/thumb/v7e-m+fp/hard\libgcc.a(_arm_muldivdf3.o)
                0x080005f8                __aeabi_dmul
                0x080005f8                __muldf3
                0x0800084c                __divdf3
                0x0800084c                __aeabi_ddiv
 .text          0x08000a1c      0x110 C:/ST/STM32CubeIDE_1.16.0/STM32CubeIDE/plugins/com.st.stm32cube.ide.mcu.externaltools.gnu-tools-for-stm32.12.3.rel1.win32_1.0.200.202406191623/tools/bin/../lib/gcc/arm-none-eabi/12.3.1/thumb/v7e-m+fp/hard\libgcc.a(_arm_cmpdf2.o)
                0x08000a1c                __gtdf2
                0x08000a1c                __gedf2
                0x08000a24                __ltdf2
                0x08000a24                __ledf2
                0x08000a2c                __nedf2
                0x08000a2c                __eqdf2
                0x08000a2c                __cmpdf2
                0x08000aa8                __aeabi_cdrcmple
                0x08000ab8                __aeabi_cdcmpeq
                0x08000ab8                __aeabi_cdcmple
                0x08000ac8                __aeabi_dcmpeq
                0x08000adc                __aeabi_dcmplt
                0x08000af0                __aeabi_dcmple
                0x08000b04                __aeabi_dcmpge
                0x08000b18                __aeabi_dcmpgt
 .text          0x08000b2c       0x2c C:/ST/STM32CubeIDE_1.16.0/STM32CubeIDE/plugins/com.st.stm32cube.ide.mcu.externaltools.gnu-tools-for-stm32.12.3.rel1.win32_1.0.200.202406191623/tools/bin/../lib/gcc/arm-none-eabi/12.3.1/thumb/v7e-m+fp/hard\libgcc.a(_arm_unorddf2.o)
                0x08000b2c                __unorddf2
                0x08000b2c                __aeabi_dcmpun
 .text          0x08000b58       0x50 C:/ST/STM32CubeIDE_1.16.0/STM32CubeIDE/plugins/com.st.stm32cube.ide.mcu.externaltools.gnu-tools-for-stm32.12.3.rel1.win32_1.0.200.202406191623/tools/bin/../lib/gcc/arm-none-eabi/12.3.1/thumb/v7e-m+fp/hard\libgcc.a(_arm_fixdfsi.o)
                0x08000b58                __aeabi_d2iz
                0x08000b58                __fixdfsi
 .text          0x08000ba8       0x30 C:/ST/STM32CubeIDE_1.16.0/STM32CubeIDE/plugins/com.st.stm32cube.ide.mcu.externaltools.gnu-tools-for-stm32.12.3.rel1.win32_1.0.200.202406191623/tools/bin/../lib/gcc/arm-none-eabi/12.3.1/thumb/v7e-m+fp/hard\libgcc.a(_aeabi_uldivmod.o)
                0x08000ba8                __aeabi_uldivmod
 .text          0x08000bd8      0x2bc C:/ST/STM32CubeIDE_1.16.0/STM32CubeIDE/plugins/com.st.stm32cube.ide.mcu.externaltools.gnu-tools-for-stm32.12.3.rel1.win32_1.0.200.202406191623/tools/bin/../lib/gcc/arm-none-eabi/12.3.1/thumb/v7e-m+fp/hard\libgcc.a(_udivmoddi4.o)
                0x08000bd8                __udivmoddi4
 .text          0x08000e94        0x4 C:/ST/STM32CubeIDE_1.16.0/STM32CubeIDE/plugins/com.st.stm32cube.ide.mcu.externaltools.gnu-tools-for-stm32.12.3.rel1.win32_1.0.200.202406191623/tools/bin/../lib/gcc/arm-none-eabi/12.3.1/thumb/v7e-m+fp/hard\libgcc.a(_dvmd_tls.o)
                0x08000e94                __aeabi_idiv0
                0x08000e94                __aeabi_ldiv0
 *(.text*)
 .text.IMU_Task
                0x08000e98      0x134 ./AppCore/App/imu_talks.o
                0x08000e98                IMU_Task
 .text.IMU_Init
                0x08000fcc       0x38 ./AppCore/App/imu_talks.o
                0x08000fcc                IMU_Init
 .text.SystemTaskNotify
                0x08001004       0x40 ./AppCore/App/system_talks.o
                0x08001004                SystemTaskNotify
 .text.SystemMonitorTask
                0x08001044       0x40 ./AppCore/App/system_talks.o
 .text.SystemTalks_Init
                0x08001084       0x58 ./AppCore/App/system_talks.o
                0x08001084                SystemTalks_Init
 .text.BSP_I2C_Init
                0x080010dc       0x14 ./AppCore/BSP/i2c_port.o
                0x080010dc                BSP_I2C_Init
 .text.processData
                0x080010f0       0x2a ./AppCore/BSP/uart_port.o
                0x080010f0                processData
 *fill*         0x0800111a        0x2 
 .text.BSP_UART_RX_Task
                0x0800111c      0x104 ./AppCore/BSP/uart_port.o
 .text.BSP_UART_TX_Task
                0x08001220       0x6c ./AppCore/BSP/uart_port.o
 .text.UART_InitCountingSemaphore
                0x0800128c       0x68 ./AppCore/BSP/uart_port.o
                0x0800128c                UART_InitCountingSemaphore
 .text.UART_Timer_Init
                0x080012f4       0x24 ./AppCore/BSP/uart_port.o
                0x080012f4                UART_Timer_Init
 .text.BSP_UART_Init
                0x08001318       0x68 ./AppCore/BSP/uart_port.o
                0x08001318                BSP_UART_Init
 .text.MPU6050_Init
                0x08001380       0x7e ./AppCore/Drivers/mpu6050_driver.o
                0x08001380                MPU6050_Init
 .text.MPU6050_Read
                0x080013fe       0xb2 ./AppCore/Drivers/mpu6050_driver.o
                0x080013fe                MPU6050_Read
 .text.IMU_ComputeRollPitch
                0x080014b0       0xd4 ./AppCore/Services/imu_fusion.o
                0x080014b0                IMU_ComputeRollPitch
 .text.Kalman_Init
                0x08001584       0x26 ./AppCore/Services/imu_fusion.o
                0x08001584                Kalman_Init
 .text.Kalman_Update
                0x080015aa       0xc0 ./AppCore/Services/imu_fusion.o
                0x080015aa                Kalman_Update
 *fill*         0x0800166a        0x2 
 .text.FeedWatchdog
                0x0800166c       0x20 ./AppCore/Services/iwdg_service.o
                0x0800166c                FeedWatchdog
 .text.NMEA_Checksum
                0x0800168c       0x32 ./AppCore/Services/nmea_formatter.o
 *fill*         0x080016be        0x2 
 .text.IMU_Send_NMEA
                0x080016c0       0x48 ./AppCore/Services/nmea_formatter.o
                0x080016c0                IMU_Send_NMEA
 .text.RingBuffer_Init
                0x08001708       0x4c ./AppCore/Services/ring_buffer.o
                0x08001708                RingBuffer_Init
 .text.RingBuffer_Available
                0x08001754       0x3a ./AppCore/Services/ring_buffer.o
                0x08001754                RingBuffer_Available
 .text.RingBuffer_Space
                0x0800178e       0x20 ./AppCore/Services/ring_buffer.o
                0x0800178e                RingBuffer_Space
 .text.RingByte_Write
                0x080017ae       0x56 ./AppCore/Services/ring_buffer.o
 .text.RingBuffer_Write
                0x08001804       0x6c ./AppCore/Services/ring_buffer.o
                0x08001804                RingBuffer_Write
 .text.RingBuffer_Read
                0x08001870       0x56 ./AppCore/Services/ring_buffer.o
                0x08001870                RingBuffer_Read
 *fill*         0x080018c6        0x2 
 .text.UART_Send_DMA_FromRingBuffer
                0x080018c8       0x6c ./AppCore/Services/ring_buffer.o
                0x080018c8                UART_Send_DMA_FromRingBuffer
 .text.main     0x08001934       0x4c ./Core/Src/main.o
                0x08001934                main
 .text.SystemClock_Config
                0x08001980       0xd8 ./Core/Src/main.o
                0x08001980                SystemClock_Config
 .text.MX_I2C1_Init
                0x08001a58       0x5c ./Core/Src/main.o
 .text.MX_USART2_UART_Init
                0x08001ab4       0x98 ./Core/Src/main.o
 .text.MX_DMA_Init
                0x08001b4c       0x50 ./Core/Src/main.o
 .text.MX_GPIO_Init
                0x08001b9c      0x298 ./Core/Src/main.o
 .text.Error_Handler
                0x08001e34        0xc ./Core/Src/main.o
                0x08001e34                Error_Handler
 .text.HAL_MspInit
                0x08001e40       0x58 ./Core/Src/stm32f4xx_hal_msp.o
                0x08001e40                HAL_MspInit
 .text.HAL_I2C_MspInit
                0x08001e98       0x90 ./Core/Src/stm32f4xx_hal_msp.o
                0x08001e98                HAL_I2C_MspInit
 .text.HAL_UART_MspInit
                0x08001f28      0x19c ./Core/Src/stm32f4xx_hal_msp.o
                0x08001f28                HAL_UART_MspInit
 .text.NMI_Handler
                0x080020c4        0x8 ./Core/Src/stm32f4xx_it.o
                0x080020c4                NMI_Handler
 .text.HardFault_Handler
                0x080020cc        0x8 ./Core/Src/stm32f4xx_it.o
                0x080020cc                HardFault_Handler
 .text.MemManage_Handler
                0x080020d4        0x8 ./Core/Src/stm32f4xx_it.o
                0x080020d4                MemManage_Handler
 .text.BusFault_Handler
                0x080020dc        0x8 ./Core/Src/stm32f4xx_it.o
                0x080020dc                BusFault_Handler
 .text.UsageFault_Handler
                0x080020e4        0x8 ./Core/Src/stm32f4xx_it.o
                0x080020e4                UsageFault_Handler
 .text.DebugMon_Handler
                0x080020ec        0xe ./Core/Src/stm32f4xx_it.o
                0x080020ec                DebugMon_Handler
 .text.SysTick_Handler
                0x080020fa       0x1a ./Core/Src/stm32f4xx_it.o
                0x080020fa                SysTick_Handler
 .text.DMA1_Stream5_IRQHandler
                0x08002114       0x14 ./Core/Src/stm32f4xx_it.o
                0x08002114                DMA1_Stream5_IRQHandler
 .text.DMA1_Stream6_IRQHandler
                0x08002128       0x14 ./Core/Src/stm32f4xx_it.o
                0x08002128                DMA1_Stream6_IRQHandler
 .text.uartTimeoutCallback
                0x0800213c       0x28 ./Core/Src/stm32f4xx_it.o
                0x0800213c                uartTimeoutCallback
 .text.HAL_UART_RxCpltCallback
                0x08002164       0x2c ./Core/Src/stm32f4xx_it.o
                0x08002164                HAL_UART_RxCpltCallback
 .text.HAL_UART_RxHalfCpltCallback
                0x08002190       0x2c ./Core/Src/stm32f4xx_it.o
                0x08002190                HAL_UART_RxHalfCpltCallback
 .text.USART2_IRQHandler
                0x080021bc       0x54 ./Core/Src/stm32f4xx_it.o
                0x080021bc                USART2_IRQHandler
 .text.HAL_UART_TxCpltCallback
                0x08002210       0x2c ./Core/Src/stm32f4xx_it.o
                0x08002210                HAL_UART_TxCpltCallback
 .text.SystemInit
                0x0800223c       0x24 ./Core/Src/system_stm32f4xx.o
                0x0800223c                SystemInit
 .text.Reset_Handler
                0x08002260       0x50 ./Core/Startup/startup_stm32f407vgtx.o
                0x08002260                Reset_Handler
 .text.Default_Handler
                0x080022b0        0x2 ./Core/Startup/startup_stm32f407vgtx.o
                0x080022b0                RTC_Alarm_IRQHandler
                0x080022b0                HASH_RNG_IRQHandler
                0x080022b0                EXTI2_IRQHandler
                0x080022b0                TIM8_CC_IRQHandler
                0x080022b0                TIM1_CC_IRQHandler
                0x080022b0                DMA2_Stream5_IRQHandler
                0x080022b0                PVD_IRQHandler
                0x080022b0                SDIO_IRQHandler
                0x080022b0                TAMP_STAMP_IRQHandler
                0x080022b0                CAN2_RX1_IRQHandler
                0x080022b0                EXTI3_IRQHandler
                0x080022b0                TIM8_TRG_COM_TIM14_IRQHandler
                0x080022b0                TIM1_UP_TIM10_IRQHandler
                0x080022b0                TIM8_UP_TIM13_IRQHandler
                0x080022b0                I2C3_ER_IRQHandler
                0x080022b0                EXTI0_IRQHandler
                0x080022b0                I2C2_EV_IRQHandler
                0x080022b0                DMA1_Stream2_IRQHandler
                0x080022b0                CAN1_RX0_IRQHandler
                0x080022b0                FPU_IRQHandler
                0x080022b0                OTG_HS_WKUP_IRQHandler
                0x080022b0                CAN2_SCE_IRQHandler
                0x080022b0                DMA2_Stream2_IRQHandler
                0x080022b0                SPI1_IRQHandler
                0x080022b0                TIM6_DAC_IRQHandler
                0x080022b0                TIM1_BRK_TIM9_IRQHandler
                0x080022b0                DCMI_IRQHandler
                0x080022b0                CAN2_RX0_IRQHandler
                0x080022b0                DMA2_Stream3_IRQHandler
                0x080022b0                USART6_IRQHandler
                0x080022b0                USART3_IRQHandler
                0x080022b0                CAN1_RX1_IRQHandler
                0x080022b0                UART5_IRQHandler
                0x080022b0                DMA2_Stream0_IRQHandler
                0x080022b0                TIM4_IRQHandler
                0x080022b0                I2C1_EV_IRQHandler
                0x080022b0                DMA1_Stream1_IRQHandler
                0x080022b0                UART4_IRQHandler
                0x080022b0                TIM3_IRQHandler
                0x080022b0                RCC_IRQHandler
                0x080022b0                TIM8_BRK_TIM12_IRQHandler
                0x080022b0                Default_Handler
                0x080022b0                EXTI15_10_IRQHandler
                0x080022b0                ADC_IRQHandler
                0x080022b0                DMA1_Stream7_IRQHandler
                0x080022b0                TIM7_IRQHandler
                0x080022b0                CAN2_TX_IRQHandler
                0x080022b0                TIM5_IRQHandler
                0x080022b0                DMA2_Stream7_IRQHandler
                0x080022b0                I2C3_EV_IRQHandler
                0x080022b0                EXTI9_5_IRQHandler
                0x080022b0                RTC_WKUP_IRQHandler
                0x080022b0                ETH_WKUP_IRQHandler
                0x080022b0                SPI2_IRQHandler
                0x080022b0                OTG_HS_EP1_IN_IRQHandler
                0x080022b0                DMA1_Stream0_IRQHandler
                0x080022b0                CAN1_TX_IRQHandler
                0x080022b0                EXTI4_IRQHandler
                0x080022b0                FSMC_IRQHandler
                0x080022b0                ETH_IRQHandler
                0x080022b0                OTG_HS_EP1_OUT_IRQHandler
                0x080022b0                WWDG_IRQHandler
                0x080022b0                TIM2_IRQHandler
                0x080022b0                OTG_FS_WKUP_IRQHandler
                0x080022b0                TIM1_TRG_COM_TIM11_IRQHandler
                0x080022b0                OTG_HS_IRQHandler
                0x080022b0                EXTI1_IRQHandler
                0x080022b0                I2C2_ER_IRQHandler
                0x080022b0                DMA2_Stream1_IRQHandler
                0x080022b0                CAN1_SCE_IRQHandler
                0x080022b0                FLASH_IRQHandler
                0x080022b0                DMA2_Stream4_IRQHandler
                0x080022b0                USART1_IRQHandler
                0x080022b0                OTG_FS_IRQHandler
                0x080022b0                SPI3_IRQHandler
                0x080022b0                DMA1_Stream4_IRQHandler
                0x080022b0                I2C1_ER_IRQHandler
                0x080022b0                DMA2_Stream6_IRQHandler
                0x080022b0                DMA1_Stream3_IRQHandler
 *fill*         0x080022b2        0x2 
 .text.HAL_Init
                0x080022b4       0x44 ./Drivers/STM32F4xx_HAL_Driver/Src/stm32f4xx_hal.o
                0x080022b4                HAL_Init
 .text.HAL_InitTick
                0x080022f8       0x60 ./Drivers/STM32F4xx_HAL_Driver/Src/stm32f4xx_hal.o
                0x080022f8                HAL_InitTick
 .text.HAL_IncTick
                0x08002358       0x28 ./Drivers/STM32F4xx_HAL_Driver/Src/stm32f4xx_hal.o
                0x08002358                HAL_IncTick
 .text.HAL_GetTick
                0x08002380       0x18 ./Drivers/STM32F4xx_HAL_Driver/Src/stm32f4xx_hal.o
                0x08002380                HAL_GetTick
 .text.__NVIC_SetPriorityGrouping
                0x08002398       0x48 ./Drivers/STM32F4xx_HAL_Driver/Src/stm32f4xx_hal_cortex.o
 .text.__NVIC_GetPriorityGrouping
                0x080023e0       0x1c ./Drivers/STM32F4xx_HAL_Driver/Src/stm32f4xx_hal_cortex.o
 .text.__NVIC_EnableIRQ
                0x080023fc       0x3c ./Drivers/STM32F4xx_HAL_Driver/Src/stm32f4xx_hal_cortex.o
 .text.__NVIC_SetPriority
                0x08002438       0x54 ./Drivers/STM32F4xx_HAL_Driver/Src/stm32f4xx_hal_cortex.o
 .text.NVIC_EncodePriority
                0x0800248c       0x66 ./Drivers/STM32F4xx_HAL_Driver/Src/stm32f4xx_hal_cortex.o
 *fill*         0x080024f2        0x2 
 .text.SysTick_Config
                0x080024f4       0x44 ./Drivers/STM32F4xx_HAL_Driver/Src/stm32f4xx_hal_cortex.o
 .text.HAL_NVIC_SetPriorityGrouping
                0x08002538       0x16 ./Drivers/STM32F4xx_HAL_Driver/Src/stm32f4xx_hal_cortex.o
                0x08002538                HAL_NVIC_SetPriorityGrouping
 .text.HAL_NVIC_SetPriority
                0x0800254e       0x38 ./Drivers/STM32F4xx_HAL_Driver/Src/stm32f4xx_hal_cortex.o
                0x0800254e                HAL_NVIC_SetPriority
 .text.HAL_NVIC_EnableIRQ
                0x08002586       0x1c ./Drivers/STM32F4xx_HAL_Driver/Src/stm32f4xx_hal_cortex.o
                0x08002586                HAL_NVIC_EnableIRQ
 .text.HAL_SYSTICK_Config
                0x080025a2       0x18 ./Drivers/STM32F4xx_HAL_Driver/Src/stm32f4xx_hal_cortex.o
                0x080025a2                HAL_SYSTICK_Config
 *fill*         0x080025ba        0x2 
 .text.HAL_DMA_Init
                0x080025bc      0x15c ./Drivers/STM32F4xx_HAL_Driver/Src/stm32f4xx_hal_dma.o
                0x080025bc                HAL_DMA_Init
 .text.HAL_DMA_Start_IT
                0x08002718       0xb0 ./Drivers/STM32F4xx_HAL_Driver/Src/stm32f4xx_hal_dma.o
                0x08002718                HAL_DMA_Start_IT
 .text.HAL_DMA_Abort
                0x080027c8       0xe0 ./Drivers/STM32F4xx_HAL_Driver/Src/stm32f4xx_hal_dma.o
                0x080027c8                HAL_DMA_Abort
 .text.HAL_DMA_Abort_IT
                0x080028a8       0x44 ./Drivers/STM32F4xx_HAL_Driver/Src/stm32f4xx_hal_dma.o
                0x080028a8                HAL_DMA_Abort_IT
 .text.HAL_DMA_IRQHandler
                0x080028ec      0x314 ./Drivers/STM32F4xx_HAL_Driver/Src/stm32f4xx_hal_dma.o
                0x080028ec                HAL_DMA_IRQHandler
 .text.DMA_SetConfig
                0x08002c00       0x5c ./Drivers/STM32F4xx_HAL_Driver/Src/stm32f4xx_hal_dma.o
 .text.DMA_CalcBaseAndBitshift
                0x08002c5c       0x6c ./Drivers/STM32F4xx_HAL_Driver/Src/stm32f4xx_hal_dma.o
 .text.DMA_CheckFifoParam
                0x08002cc8       0xf8 ./Drivers/STM32F4xx_HAL_Driver/Src/stm32f4xx_hal_dma.o
 .text.HAL_GPIO_Init
                0x08002dc0      0x338 ./Drivers/STM32F4xx_HAL_Driver/Src/stm32f4xx_hal_gpio.o
                0x08002dc0                HAL_GPIO_Init
 .text.HAL_GPIO_WritePin
                0x080030f8       0x32 ./Drivers/STM32F4xx_HAL_Driver/Src/stm32f4xx_hal_gpio.o
                0x080030f8                HAL_GPIO_WritePin
 .text.HAL_GPIO_TogglePin
                0x0800312a       0x34 ./Drivers/STM32F4xx_HAL_Driver/Src/stm32f4xx_hal_gpio.o
                0x0800312a                HAL_GPIO_TogglePin
 *fill*         0x0800315e        0x2 
 .text.HAL_I2C_Init
                0x08003160      0x288 ./Drivers/STM32F4xx_HAL_Driver/Src/stm32f4xx_hal_i2c.o
                0x08003160                HAL_I2C_Init
 .text.HAL_I2C_Mem_Write
                0x080033e8      0x1f4 ./Drivers/STM32F4xx_HAL_Driver/Src/stm32f4xx_hal_i2c.o
                0x080033e8                HAL_I2C_Mem_Write
 .text.HAL_I2C_Mem_Read
                0x080035dc      0x44c ./Drivers/STM32F4xx_HAL_Driver/Src/stm32f4xx_hal_i2c.o
                0x080035dc                HAL_I2C_Mem_Read
 .text.I2C_RequestMemoryWrite
                0x08003a28      0x12c ./Drivers/STM32F4xx_HAL_Driver/Src/stm32f4xx_hal_i2c.o
 .text.I2C_RequestMemoryRead
                0x08003b54      0x1d0 ./Drivers/STM32F4xx_HAL_Driver/Src/stm32f4xx_hal_i2c.o
 .text.I2C_WaitOnFlagUntilTimeout
                0x08003d24       0xae ./Drivers/STM32F4xx_HAL_Driver/Src/stm32f4xx_hal_i2c.o
 .text.I2C_WaitOnMasterAddressFlagUntilTimeout
                0x08003dd2       0xfe ./Drivers/STM32F4xx_HAL_Driver/Src/stm32f4xx_hal_i2c.o
 .text.I2C_WaitOnTXEFlagUntilTimeout
                0x08003ed0       0x82 ./Drivers/STM32F4xx_HAL_Driver/Src/stm32f4xx_hal_i2c.o
 .text.I2C_WaitOnBTFFlagUntilTimeout
                0x08003f52       0x82 ./Drivers/STM32F4xx_HAL_Driver/Src/stm32f4xx_hal_i2c.o
 .text.I2C_WaitOnRXNEFlagUntilTimeout
                0x08003fd4       0xac ./Drivers/STM32F4xx_HAL_Driver/Src/stm32f4xx_hal_i2c.o
 .text.I2C_IsAcknowledgeFailed
                0x08004080       0x5e ./Drivers/STM32F4xx_HAL_Driver/Src/stm32f4xx_hal_i2c.o
 .text.HAL_IWDG_Refresh
                0x080040de       0x20 ./Drivers/STM32F4xx_HAL_Driver/Src/stm32f4xx_hal_iwdg.o
                0x080040de                HAL_IWDG_Refresh
 *fill*         0x080040fe        0x2 
 .text.HAL_RCC_OscConfig
                0x08004100      0x4f0 ./Drivers/STM32F4xx_HAL_Driver/Src/stm32f4xx_hal_rcc.o
                0x08004100                HAL_RCC_OscConfig
 .text.HAL_RCC_ClockConfig
                0x080045f0      0x1cc ./Drivers/STM32F4xx_HAL_Driver/Src/stm32f4xx_hal_rcc.o
                0x080045f0                HAL_RCC_ClockConfig
 .text.HAL_RCC_GetSysClockFreq
                0x080047bc      0x20c ./Drivers/STM32F4xx_HAL_Driver/Src/stm32f4xx_hal_rcc.o
                0x080047bc                HAL_RCC_GetSysClockFreq
 .text.HAL_RCC_GetHCLKFreq
                0x080049c8       0x18 ./Drivers/STM32F4xx_HAL_Driver/Src/stm32f4xx_hal_rcc.o
                0x080049c8                HAL_RCC_GetHCLKFreq
 .text.HAL_RCC_GetPCLK1Freq
                0x080049e0       0x28 ./Drivers/STM32F4xx_HAL_Driver/Src/stm32f4xx_hal_rcc.o
                0x080049e0                HAL_RCC_GetPCLK1Freq
 .text.HAL_RCC_GetPCLK2Freq
                0x08004a08       0x28 ./Drivers/STM32F4xx_HAL_Driver/Src/stm32f4xx_hal_rcc.o
                0x08004a08                HAL_RCC_GetPCLK2Freq
 .text.HAL_UART_Init
                0x08004a30       0x9a ./Drivers/STM32F4xx_HAL_Driver/Src/stm32f4xx_hal_uart.o
                0x08004a30                HAL_UART_Init
 *fill*         0x08004aca        0x2 
 .text.HAL_UART_Transmit_DMA
                0x08004acc       0xfc ./Drivers/STM32F4xx_HAL_Driver/Src/stm32f4xx_hal_uart.o
                0x08004acc                HAL_UART_Transmit_DMA
 .text.HAL_UART_Receive_DMA
                0x08004bc8       0x60 ./Drivers/STM32F4xx_HAL_Driver/Src/stm32f4xx_hal_uart.o
                0x08004bc8                HAL_UART_Receive_DMA
 .text.HAL_UART_IRQHandler
                0x08004c28      0x51c ./Drivers/STM32F4xx_HAL_Driver/Src/stm32f4xx_hal_uart.o
                0x08004c28                HAL_UART_IRQHandler
 .text.HAL_UART_TxHalfCpltCallback
                0x08005144       0x14 ./Drivers/STM32F4xx_HAL_Driver/Src/stm32f4xx_hal_uart.o
                0x08005144                HAL_UART_TxHalfCpltCallback
 .text.HAL_UART_ErrorCallback
                0x08005158       0x14 ./Drivers/STM32F4xx_HAL_Driver/Src/stm32f4xx_hal_uart.o
                0x08005158                HAL_UART_ErrorCallback
 .text.HAL_UARTEx_RxEventCallback
                0x0800516c       0x18 ./Drivers/STM32F4xx_HAL_Driver/Src/stm32f4xx_hal_uart.o
                0x0800516c                HAL_UARTEx_RxEventCallback
 .text.HAL_UART_GetState
                0x08005184       0x3c ./Drivers/STM32F4xx_HAL_Driver/Src/stm32f4xx_hal_uart.o
                0x08005184                HAL_UART_GetState
 .text.UART_DMATransmitCplt
                0x080051c0       0x9a ./Drivers/STM32F4xx_HAL_Driver/Src/stm32f4xx_hal_uart.o
 .text.UART_DMATxHalfCplt
                0x0800525a       0x1c ./Drivers/STM32F4xx_HAL_Driver/Src/stm32f4xx_hal_uart.o
 .text.UART_DMAReceiveCplt
                0x08005276      0x126 ./Drivers/STM32F4xx_HAL_Driver/Src/stm32f4xx_hal_uart.o
 .text.UART_DMARxHalfCplt
                0x0800539c       0x36 ./Drivers/STM32F4xx_HAL_Driver/Src/stm32f4xx_hal_uart.o
 .text.UART_DMAError
                0x080053d2       0x94 ./Drivers/STM32F4xx_HAL_Driver/Src/stm32f4xx_hal_uart.o
 *fill*         0x08005466        0x2 
 .text.UART_Start_Receive_DMA
                0x08005468      0x13c ./Drivers/STM32F4xx_HAL_Driver/Src/stm32f4xx_hal_uart.o
                0x08005468                UART_Start_Receive_DMA
 .text.UART_EndTxTransfer
                0x080055a4       0x50 ./Drivers/STM32F4xx_HAL_Driver/Src/stm32f4xx_hal_uart.o
 .text.UART_EndRxTransfer
                0x080055f4       0xc6 ./Drivers/STM32F4xx_HAL_Driver/Src/stm32f4xx_hal_uart.o
 .text.UART_DMAAbortOnError
                0x080056ba       0x28 ./Drivers/STM32F4xx_HAL_Driver/Src/stm32f4xx_hal_uart.o
 .text.UART_Transmit_IT
                0x080056e2       0xa0 ./Drivers/STM32F4xx_HAL_Driver/Src/stm32f4xx_hal_uart.o
 .text.UART_EndTransmit_IT
                0x08005782       0x30 ./Drivers/STM32F4xx_HAL_Driver/Src/stm32f4xx_hal_uart.o
 .text.UART_Receive_IT
                0x080057b2      0x176 ./Drivers/STM32F4xx_HAL_Driver/Src/stm32f4xx_hal_uart.o
 .text.UART_SetConfig
                0x08005928      0x4e8 ./Drivers/STM32F4xx_HAL_Driver/Src/stm32f4xx_hal_uart.o
 .text.__NVIC_SetPriority
                0x08005e10       0x54 ./Middlewares/Third_Party/FreeRTOS/Source/CMSIS_RTOS_V2/cmsis_os2.o
 .text.SVC_Setup
                0x08005e64       0x12 ./Middlewares/Third_Party/FreeRTOS/Source/CMSIS_RTOS_V2/cmsis_os2.o
 *fill*         0x08005e76        0x2 
 .text.osKernelInitialize
                0x08005e78       0x48 ./Middlewares/Third_Party/FreeRTOS/Source/CMSIS_RTOS_V2/cmsis_os2.o
                0x08005e78                osKernelInitialize
 .text.osKernelStart
                0x08005ec0       0x4c ./Middlewares/Third_Party/FreeRTOS/Source/CMSIS_RTOS_V2/cmsis_os2.o
                0x08005ec0                osKernelStart
 .text.osKernelGetTickFreq
                0x08005f0c       0x12 ./Middlewares/Third_Party/FreeRTOS/Source/CMSIS_RTOS_V2/cmsis_os2.o
                0x08005f0c                osKernelGetTickFreq
 .text.osThreadNew
                0x08005f1e      0x124 ./Middlewares/Third_Party/FreeRTOS/Source/CMSIS_RTOS_V2/cmsis_os2.o
                0x08005f1e                osThreadNew
 .text.TimerCallback
                0x08006042       0x2a ./Middlewares/Third_Party/FreeRTOS/Source/CMSIS_RTOS_V2/cmsis_os2.o
 .text.osTimerNew
                0x0800606c       0xf8 ./Middlewares/Third_Party/FreeRTOS/Source/CMSIS_RTOS_V2/cmsis_os2.o
                0x0800606c                osTimerNew
 .text.osTimerStart
                0x08006164       0x5c ./Middlewares/Third_Party/FreeRTOS/Source/CMSIS_RTOS_V2/cmsis_os2.o
                0x08006164                osTimerStart
 .text.osEventFlagsNew
                0x080061c0       0x7e ./Middlewares/Third_Party/FreeRTOS/Source/CMSIS_RTOS_V2/cmsis_os2.o
                0x080061c0                osEventFlagsNew
 *fill*         0x0800623e        0x2 
 .text.osEventFlagsSet
                0x08006240       0x84 ./Middlewares/Third_Party/FreeRTOS/Source/CMSIS_RTOS_V2/cmsis_os2.o
                0x08006240                osEventFlagsSet
 .text.osEventFlagsClear
                0x080062c4       0x62 ./Middlewares/Third_Party/FreeRTOS/Source/CMSIS_RTOS_V2/cmsis_os2.o
                0x080062c4                osEventFlagsClear
 .text.osEventFlagsWait
                0x08006326       0xca ./Middlewares/Third_Party/FreeRTOS/Source/CMSIS_RTOS_V2/cmsis_os2.o
                0x08006326                osEventFlagsWait
 .text.osSemaphoreNew
                0x080063f0      0x112 ./Middlewares/Third_Party/FreeRTOS/Source/CMSIS_RTOS_V2/cmsis_os2.o
                0x080063f0                osSemaphoreNew
 *fill*         0x08006502        0x2 
 .text.osSemaphoreAcquire
                0x08006504       0xa4 ./Middlewares/Third_Party/FreeRTOS/Source/CMSIS_RTOS_V2/cmsis_os2.o
                0x08006504                osSemaphoreAcquire
 .text.osSemaphoreRelease
                0x080065a8       0x88 ./Middlewares/Third_Party/FreeRTOS/Source/CMSIS_RTOS_V2/cmsis_os2.o
                0x080065a8                osSemaphoreRelease
 .text.vApplicationGetIdleTaskMemory
                0x08006630       0x34 ./Middlewares/Third_Party/FreeRTOS/Source/CMSIS_RTOS_V2/cmsis_os2.o
                0x08006630                vApplicationGetIdleTaskMemory
 .text.vApplicationGetTimerTaskMemory
                0x08006664       0x34 ./Middlewares/Third_Party/FreeRTOS/Source/CMSIS_RTOS_V2/cmsis_os2.o
                0x08006664                vApplicationGetTimerTaskMemory
 .text.xEventGroupCreateStatic
                0x08006698       0x72 ./Middlewares/Third_Party/FreeRTOS/Source/event_groups.o
                0x08006698                xEventGroupCreateStatic
 .text.xEventGroupCreate
                0x0800670a       0x34 ./Middlewares/Third_Party/FreeRTOS/Source/event_groups.o
                0x0800670a                xEventGroupCreate
 *fill*         0x0800673e        0x2 
 .text.xEventGroupWaitBits
                0x08006740      0x1a4 ./Middlewares/Third_Party/FreeRTOS/Source/event_groups.o
                0x08006740                xEventGroupWaitBits
 .text.xEventGroupClearBits
                0x080068e4       0x72 ./Middlewares/Third_Party/FreeRTOS/Source/event_groups.o
                0x080068e4                xEventGroupClearBits
 *fill*         0x08006956        0x2 
 .text.xEventGroupClearBitsFromISR
                0x08006958       0x28 ./Middlewares/Third_Party/FreeRTOS/Source/event_groups.o
                0x08006958                xEventGroupClearBitsFromISR
 .text.xEventGroupGetBitsFromISR
                0x08006980       0x48 ./Middlewares/Third_Party/FreeRTOS/Source/event_groups.o
                0x08006980                xEventGroupGetBitsFromISR
 .text.xEventGroupSetBits
                0x080069c8      0x118 ./Middlewares/Third_Party/FreeRTOS/Source/event_groups.o
                0x080069c8                xEventGroupSetBits
 .text.vEventGroupSetBitsCallback
                0x08006ae0       0x1a ./Middlewares/Third_Party/FreeRTOS/Source/event_groups.o
                0x08006ae0                vEventGroupSetBitsCallback
 .text.vEventGroupClearBitsCallback
                0x08006afa       0x1a ./Middlewares/Third_Party/FreeRTOS/Source/event_groups.o
                0x08006afa                vEventGroupClearBitsCallback
 .text.prvTestWaitCondition
                0x08006b14       0x44 ./Middlewares/Third_Party/FreeRTOS/Source/event_groups.o
 .text.xEventGroupSetBitsFromISR
                0x08006b58       0x28 ./Middlewares/Third_Party/FreeRTOS/Source/event_groups.o
                0x08006b58                xEventGroupSetBitsFromISR
 .text.vListInitialise
                0x08006b80       0x40 ./Middlewares/Third_Party/FreeRTOS/Source/list.o
                0x08006b80                vListInitialise
 .text.vListInitialiseItem
                0x08006bc0       0x1a ./Middlewares/Third_Party/FreeRTOS/Source/list.o
                0x08006bc0                vListInitialiseItem
 .text.vListInsertEnd
                0x08006bda       0x48 ./Middlewares/Third_Party/FreeRTOS/Source/list.o
                0x08006bda                vListInsertEnd
 .text.vListInsert
                0x08006c22       0x72 ./Middlewares/Third_Party/FreeRTOS/Source/list.o
                0x08006c22                vListInsert
 .text.uxListRemove
                0x08006c94       0x54 ./Middlewares/Third_Party/FreeRTOS/Source/list.o
                0x08006c94                uxListRemove
 .text.xQueueGenericReset
                0x08006ce8       0xd4 ./Middlewares/Third_Party/FreeRTOS/Source/queue.o
                0x08006ce8                xQueueGenericReset
 .text.xQueueGenericCreateStatic
                0x08006dbc       0xfa ./Middlewares/Third_Party/FreeRTOS/Source/queue.o
                0x08006dbc                xQueueGenericCreateStatic
 .text.xQueueGenericCreate
                0x08006eb6       0x76 ./Middlewares/Third_Party/FreeRTOS/Source/queue.o
                0x08006eb6                xQueueGenericCreate
 .text.prvInitialiseNewQueue
                0x08006f2c       0x46 ./Middlewares/Third_Party/FreeRTOS/Source/queue.o
 .text.prvInitialiseMutex
                0x08006f72       0x34 ./Middlewares/Third_Party/FreeRTOS/Source/queue.o
 .text.xQueueCreateMutex
                0x08006fa6       0x30 ./Middlewares/Third_Party/FreeRTOS/Source/queue.o
                0x08006fa6                xQueueCreateMutex
 .text.xQueueCreateCountingSemaphoreStatic
                0x08006fd6       0x72 ./Middlewares/Third_Party/FreeRTOS/Source/queue.o
                0x08006fd6                xQueueCreateCountingSemaphoreStatic
 .text.xQueueCreateCountingSemaphore
                0x08007048       0x6a ./Middlewares/Third_Party/FreeRTOS/Source/queue.o
                0x08007048                xQueueCreateCountingSemaphore
 *fill*         0x080070b2        0x2 
 .text.xQueueGenericSend
                0x080070b4      0x204 ./Middlewares/Third_Party/FreeRTOS/Source/queue.o
                0x080070b4                xQueueGenericSend
 .text.xQueueGenericSendFromISR
                0x080072b8      0x13c ./Middlewares/Third_Party/FreeRTOS/Source/queue.o
                0x080072b8                xQueueGenericSendFromISR
 .text.xQueueGiveFromISR
                0x080073f4      0x120 ./Middlewares/Third_Party/FreeRTOS/Source/queue.o
                0x080073f4                xQueueGiveFromISR
 .text.xQueueReceive
                0x08007514      0x1c4 ./Middlewares/Third_Party/FreeRTOS/Source/queue.o
                0x08007514                xQueueReceive
 .text.xQueueSemaphoreTake
                0x080076d8      0x220 ./Middlewares/Third_Party/FreeRTOS/Source/queue.o
                0x080076d8                xQueueSemaphoreTake
 .text.xQueueReceiveFromISR
                0x080078f8      0x104 ./Middlewares/Third_Party/FreeRTOS/Source/queue.o
                0x080078f8                xQueueReceiveFromISR
 .text.vQueueDelete
                0x080079fc       0x48 ./Middlewares/Third_Party/FreeRTOS/Source/queue.o
                0x080079fc                vQueueDelete
 .text.prvGetDisinheritPriorityAfterTimeout
                0x08007a44       0x30 ./Middlewares/Third_Party/FreeRTOS/Source/queue.o
 .text.prvCopyDataToQueue
                0x08007a74       0xd4 ./Middlewares/Third_Party/FreeRTOS/Source/queue.o
 .text.prvCopyDataFromQueue
                0x08007b48       0x4c ./Middlewares/Third_Party/FreeRTOS/Source/queue.o
 .text.prvUnlockQueue
                0x08007b94       0xa4 ./Middlewares/Third_Party/FreeRTOS/Source/queue.o
 .text.prvIsQueueEmpty
                0x08007c38       0x2c ./Middlewares/Third_Party/FreeRTOS/Source/queue.o
 .text.prvIsQueueFull
                0x08007c64       0x30 ./Middlewares/Third_Party/FreeRTOS/Source/queue.o
 .text.vQueueAddToRegistry
                0x08007c94       0x54 ./Middlewares/Third_Party/FreeRTOS/Source/queue.o
                0x08007c94                vQueueAddToRegistry
 .text.vQueueUnregisterQueue
                0x08007ce8       0x54 ./Middlewares/Third_Party/FreeRTOS/Source/queue.o
                0x08007ce8                vQueueUnregisterQueue
 .text.vQueueWaitForMessageRestricted
                0x08007d3c       0x68 ./Middlewares/Third_Party/FreeRTOS/Source/queue.o
                0x08007d3c                vQueueWaitForMessageRestricted
 .text.xTaskCreateStatic
                0x08007da4       0xc0 ./Middlewares/Third_Party/FreeRTOS/Source/tasks.o
                0x08007da4                xTaskCreateStatic
 .text.xTaskCreate
                0x08007e64       0x8a ./Middlewares/Third_Party/FreeRTOS/Source/tasks.o
                0x08007e64                xTaskCreate
 .text.prvInitialiseNewTask
                0x08007eee      0x120 ./Middlewares/Third_Party/FreeRTOS/Source/tasks.o
 *fill*         0x0800800e        0x2 
 .text.prvAddNewTaskToReadyList
                0x08008010       0xe0 ./Middlewares/Third_Party/FreeRTOS/Source/tasks.o
 .text.vTaskDelayUntil
                0x080080f0      0x100 ./Middlewares/Third_Party/FreeRTOS/Source/tasks.o
                0x080080f0                vTaskDelayUntil
 .text.vTaskStartScheduler
                0x080081f0       0xd0 ./Middlewares/Third_Party/FreeRTOS/Source/tasks.o
                0x080081f0                vTaskStartScheduler
 .text.vTaskSuspendAll
                0x080082c0       0x1c ./Middlewares/Third_Party/FreeRTOS/Source/tasks.o
                0x080082c0                vTaskSuspendAll
 .text.xTaskResumeAll
                0x080082dc      0x13c ./Middlewares/Third_Party/FreeRTOS/Source/tasks.o
                0x080082dc                xTaskResumeAll
 .text.xTaskGetTickCount
                0x08008418       0x20 ./Middlewares/Third_Party/FreeRTOS/Source/tasks.o
                0x08008418                xTaskGetTickCount
 .text.xTaskIncrementTick
                0x08008438      0x174 ./Middlewares/Third_Party/FreeRTOS/Source/tasks.o
                0x08008438                xTaskIncrementTick
 .text.vTaskSwitchContext
                0x080085ac       0xbc ./Middlewares/Third_Party/FreeRTOS/Source/tasks.o
                0x080085ac                vTaskSwitchContext
 .text.vTaskPlaceOnEventList
                0x08008668       0x4c ./Middlewares/Third_Party/FreeRTOS/Source/tasks.o
                0x08008668                vTaskPlaceOnEventList
 .text.vTaskPlaceOnUnorderedEventList
                0x080086b4       0x7c ./Middlewares/Third_Party/FreeRTOS/Source/tasks.o
                0x080086b4                vTaskPlaceOnUnorderedEventList
 .text.vTaskPlaceOnEventListRestricted
                0x08008730       0x58 ./Middlewares/Third_Party/FreeRTOS/Source/tasks.o
                0x08008730                vTaskPlaceOnEventListRestricted
 .text.xTaskRemoveFromEventList
                0x08008788       0xc8 ./Middlewares/Third_Party/FreeRTOS/Source/tasks.o
                0x08008788                xTaskRemoveFromEventList
 .text.vTaskRemoveFromUnorderedEventList
                0x08008850       0xc8 ./Middlewares/Third_Party/FreeRTOS/Source/tasks.o
                0x08008850                vTaskRemoveFromUnorderedEventList
 .text.vTaskInternalSetTimeOutState
                0x08008918       0x2c ./Middlewares/Third_Party/FreeRTOS/Source/tasks.o
                0x08008918                vTaskInternalSetTimeOutState
 .text.xTaskCheckForTimeOut
                0x08008944       0xc8 ./Middlewares/Third_Party/FreeRTOS/Source/tasks.o
                0x08008944                xTaskCheckForTimeOut
 .text.vTaskMissedYield
                0x08008a0c       0x18 ./Middlewares/Third_Party/FreeRTOS/Source/tasks.o
                0x08008a0c                vTaskMissedYield
 .text.prvIdleTask
                0x08008a24       0x30 ./Middlewares/Third_Party/FreeRTOS/Source/tasks.o
 .text.prvInitialiseTaskLists
                0x08008a54       0x80 ./Middlewares/Third_Party/FreeRTOS/Source/tasks.o
 .text.prvCheckTasksWaitingTermination
                0x08008ad4       0x5c ./Middlewares/Third_Party/FreeRTOS/Source/tasks.o
 .text.prvDeleteTCB
                0x08008b30       0x60 ./Middlewares/Third_Party/FreeRTOS/Source/tasks.o
 .text.prvResetNextTaskUnblockTime
                0x08008b90       0x40 ./Middlewares/Third_Party/FreeRTOS/Source/tasks.o
 .text.xTaskGetSchedulerState
                0x08008bd0       0x3c ./Middlewares/Third_Party/FreeRTOS/Source/tasks.o
                0x08008bd0                xTaskGetSchedulerState
 .text.xTaskPriorityInherit
                0x08008c0c       0xd0 ./Middlewares/Third_Party/FreeRTOS/Source/tasks.o
                0x08008c0c                xTaskPriorityInherit
 .text.xTaskPriorityDisinherit
                0x08008cdc       0xe0 ./Middlewares/Third_Party/FreeRTOS/Source/tasks.o
                0x08008cdc                xTaskPriorityDisinherit
 .text.vTaskPriorityDisinheritAfterTimeout
                0x08008dbc      0x108 ./Middlewares/Third_Party/FreeRTOS/Source/tasks.o
                0x08008dbc                vTaskPriorityDisinheritAfterTimeout
 .text.uxTaskResetEventItemValue
                0x08008ec4       0x30 ./Middlewares/Third_Party/FreeRTOS/Source/tasks.o
                0x08008ec4                uxTaskResetEventItemValue
 .text.pvTaskIncrementMutexHeldCount
                0x08008ef4       0x28 ./Middlewares/Third_Party/FreeRTOS/Source/tasks.o
                0x08008ef4                pvTaskIncrementMutexHeldCount
 .text.prvAddCurrentTaskToDelayedList
                0x08008f1c       0xa8 ./Middlewares/Third_Party/FreeRTOS/Source/tasks.o
 .text.xTimerCreateTimerTask
                0x08008fc4       0x94 ./Middlewares/Third_Party/FreeRTOS/Source/timers.o
                0x08008fc4                xTimerCreateTimerTask
 .text.xTimerCreate
                0x08009058       0x42 ./Middlewares/Third_Party/FreeRTOS/Source/timers.o
                0x08009058                xTimerCreate
 .text.xTimerCreateStatic
                0x0800909a       0x80 ./Middlewares/Third_Party/FreeRTOS/Source/timers.o
                0x0800909a                xTimerCreateStatic
 .text.prvInitialiseNewTimer
                0x0800911a       0x78 ./Middlewares/Third_Party/FreeRTOS/Source/timers.o
 *fill*         0x08009192        0x2 
 .text.xTimerGenericCommand
                0x08009194       0x9c ./Middlewares/Third_Party/FreeRTOS/Source/timers.o
                0x08009194                xTimerGenericCommand
 .text.prvProcessExpiredTimer
                0x08009230       0x9c ./Middlewares/Third_Party/FreeRTOS/Source/timers.o
 .text.prvTimerTask
                0x080092cc       0x26 ./Middlewares/Third_Party/FreeRTOS/Source/timers.o
 *fill*         0x080092f2        0x2 
 .text.prvProcessTimerOrBlockTask
                0x080092f4       0x9c ./Middlewares/Third_Party/FreeRTOS/Source/timers.o
 .text.prvGetNextExpireTime
                0x08009390       0x48 ./Middlewares/Third_Party/FreeRTOS/Source/timers.o
 .text.prvSampleTimeNow
                0x080093d8       0x40 ./Middlewares/Third_Party/FreeRTOS/Source/timers.o
 .text.prvInsertTimerInActiveList
                0x08009418       0x84 ./Middlewares/Third_Party/FreeRTOS/Source/timers.o
 .text.prvProcessReceivedCommands
                0x0800949c      0x1cc ./Middlewares/Third_Party/FreeRTOS/Source/timers.o
 .text.prvSwitchTimerLists
                0x08009668       0xcc ./Middlewares/Third_Party/FreeRTOS/Source/timers.o
 .text.prvCheckForValidListAndQueue
                0x08009734       0x80 ./Middlewares/Third_Party/FreeRTOS/Source/timers.o
 .text.pvTimerGetTimerID
                0x080097b4       0x42 ./Middlewares/Third_Party/FreeRTOS/Source/timers.o
                0x080097b4                pvTimerGetTimerID
 *fill*         0x080097f6        0x2 
 .text.xTimerPendFunctionCallFromISR
                0x080097f8       0x40 ./Middlewares/Third_Party/FreeRTOS/Source/timers.o
                0x080097f8                xTimerPendFunctionCallFromISR
 .text.pxPortInitialiseStack
                0x08009838       0x68 ./Middlewares/Third_Party/FreeRTOS/Source/portable/GCC/ARM_CM4F/port.o
                0x08009838                pxPortInitialiseStack
 .text.prvTaskExitError
                0x080098a0       0x5c ./Middlewares/Third_Party/FreeRTOS/Source/portable/GCC/ARM_CM4F/port.o
 *fill*         0x080098fc        0x4 
 .text.SVC_Handler
                0x08009900       0x28 ./Middlewares/Third_Party/FreeRTOS/Source/portable/GCC/ARM_CM4F/port.o
                0x08009900                SVC_Handler
 .text.prvPortStartFirstTask
                0x08009928       0x28 ./Middlewares/Third_Party/FreeRTOS/Source/portable/GCC/ARM_CM4F/port.o
 .text.xPortStartScheduler
                0x08009950      0x148 ./Middlewares/Third_Party/FreeRTOS/Source/portable/GCC/ARM_CM4F/port.o
                0x08009950                xPortStartScheduler
 .text.vPortEnterCritical
                0x08009a98       0x64 ./Middlewares/Third_Party/FreeRTOS/Source/portable/GCC/ARM_CM4F/port.o
                0x08009a98                vPortEnterCritical
 .text.vPortExitCritical
                0x08009afc       0x54 ./Middlewares/Third_Party/FreeRTOS/Source/portable/GCC/ARM_CM4F/port.o
                0x08009afc                vPortExitCritical
 .text.PendSV_Handler
                0x08009b50       0x68 ./Middlewares/Third_Party/FreeRTOS/Source/portable/GCC/ARM_CM4F/port.o
                0x08009b50                PendSV_Handler
 .text.xPortSysTickHandler
                0x08009bb8       0x44 ./Middlewares/Third_Party/FreeRTOS/Source/portable/GCC/ARM_CM4F/port.o
                0x08009bb8                xPortSysTickHandler
 .text.vPortSetupTimerInterrupt
                0x08009bfc       0x48 ./Middlewares/Third_Party/FreeRTOS/Source/portable/GCC/ARM_CM4F/port.o
                0x08009bfc                vPortSetupTimerInterrupt
 .text.vPortEnableVFP
                0x08009c44       0x14 ./Middlewares/Third_Party/FreeRTOS/Source/portable/GCC/ARM_CM4F/port.o
 .text.vPortValidateInterruptPriority
                0x08009c58       0x84 ./Middlewares/Third_Party/FreeRTOS/Source/portable/GCC/ARM_CM4F/port.o
                0x08009c58                vPortValidateInterruptPriority
 .text.pvPortMalloc
                0x08009cdc      0x19c ./Middlewares/Third_Party/FreeRTOS/Source/portable/MemMang/heap_4.o
                0x08009cdc                pvPortMalloc
 .text.vPortFree
                0x08009e78       0xc8 ./Middlewares/Third_Party/FreeRTOS/Source/portable/MemMang/heap_4.o
                0x08009e78                vPortFree
 .text.prvHeapInit
                0x08009f40       0xc4 ./Middlewares/Third_Party/FreeRTOS/Source/portable/MemMang/heap_4.o
 .text.prvInsertBlockIntoFreeList
                0x0800a004       0xb4 ./Middlewares/Third_Party/FreeRTOS/Source/portable/MemMang/heap_4.o
 .text.__cvt    0x0800a0b8       0xca C:/ST/STM32CubeIDE_1.16.0/STM32CubeIDE/plugins/com.st.stm32cube.ide.mcu.externaltools.gnu-tools-for-stm32.12.3.rel1.win32_1.0.200.202406191623/tools/bin/../lib/gcc/arm-none-eabi/12.3.1/../../../../arm-none-eabi/lib/thumb/v7e-m+fp/hard\libc_nano.a(libc_a-nano-vfprintf_float.o)
                0x0800a0b8                __cvt
 .text.__exponent
                0x0800a182       0x74 C:/ST/STM32CubeIDE_1.16.0/STM32CubeIDE/plugins/com.st.stm32cube.ide.mcu.externaltools.gnu-tools-for-stm32.12.3.rel1.win32_1.0.200.202406191623/tools/bin/../lib/gcc/arm-none-eabi/12.3.1/../../../../arm-none-eabi/lib/thumb/v7e-m+fp/hard\libc_nano.a(libc_a-nano-vfprintf_float.o)
                0x0800a182                __exponent
 *fill*         0x0800a1f6        0x2 
 .text._printf_float
                0x0800a1f8      0x454 C:/ST/STM32CubeIDE_1.16.0/STM32CubeIDE/plugins/com.st.stm32cube.ide.mcu.externaltools.gnu-tools-for-stm32.12.3.rel1.win32_1.0.200.202406191623/tools/bin/../lib/gcc/arm-none-eabi/12.3.1/../../../../arm-none-eabi/lib/thumb/v7e-m+fp/hard\libc_nano.a(libc_a-nano-vfprintf_float.o)
                0x0800a1f8                _printf_float
 .text._printf_common
                0x0800a64c       0xda C:/ST/STM32CubeIDE_1.16.0/STM32CubeIDE/plugins/com.st.stm32cube.ide.mcu.externaltools.gnu-tools-for-stm32.12.3.rel1.win32_1.0.200.202406191623/tools/bin/../lib/gcc/arm-none-eabi/12.3.1/../../../../arm-none-eabi/lib/thumb/v7e-m+fp/hard\libc_nano.a(libc_a-nano-vfprintf_i.o)
                0x0800a64c                _printf_common
 *fill*         0x0800a726        0x2 
 .text._printf_i
                0x0800a728      0x240 C:/ST/STM32CubeIDE_1.16.0/STM32CubeIDE/plugins/com.st.stm32cube.ide.mcu.externaltools.gnu-tools-for-stm32.12.3.rel1.win32_1.0.200.202406191623/tools/bin/../lib/gcc/arm-none-eabi/12.3.1/../../../../arm-none-eabi/lib/thumb/v7e-m+fp/hard\libc_nano.a(libc_a-nano-vfprintf_i.o)
                0x0800a728                _printf_i
 .text.std      0x0800a968       0x6c C:/ST/STM32CubeIDE_1.16.0/STM32CubeIDE/plugins/com.st.stm32cube.ide.mcu.externaltools.gnu-tools-for-stm32.12.3.rel1.win32_1.0.200.202406191623/tools/bin/../lib/gcc/arm-none-eabi/12.3.1/../../../../arm-none-eabi/lib/thumb/v7e-m+fp/hard\libc_nano.a(libc_a-findfp.o)
 .text.stdio_exit_handler
                0x0800a9d4       0x18 C:/ST/STM32CubeIDE_1.16.0/STM32CubeIDE/plugins/com.st.stm32cube.ide.mcu.externaltools.gnu-tools-for-stm32.12.3.rel1.win32_1.0.200.202406191623/tools/bin/../lib/gcc/arm-none-eabi/12.3.1/../../../../arm-none-eabi/lib/thumb/v7e-m+fp/hard\libc_nano.a(libc_a-findfp.o)
 .text.cleanup_stdio
                0x0800a9ec       0x40 C:/ST/STM32CubeIDE_1.16.0/STM32CubeIDE/plugins/com.st.stm32cube.ide.mcu.externaltools.gnu-tools-for-stm32.12.3.rel1.win32_1.0.200.202406191623/tools/bin/../lib/gcc/arm-none-eabi/12.3.1/../../../../arm-none-eabi/lib/thumb/v7e-m+fp/hard\libc_nano.a(libc_a-findfp.o)
 .text.global_stdio_init.part.0
                0x0800aa2c       0x3c C:/ST/STM32CubeIDE_1.16.0/STM32CubeIDE/plugins/com.st.stm32cube.ide.mcu.externaltools.gnu-tools-for-stm32.12.3.rel1.win32_1.0.200.202406191623/tools/bin/../lib/gcc/arm-none-eabi/12.3.1/../../../../arm-none-eabi/lib/thumb/v7e-m+fp/hard\libc_nano.a(libc_a-findfp.o)
 .text.__sfp_lock_acquire
                0x0800aa68        0xc C:/ST/STM32CubeIDE_1.16.0/STM32CubeIDE/plugins/com.st.stm32cube.ide.mcu.externaltools.gnu-tools-for-stm32.12.3.rel1.win32_1.0.200.202406191623/tools/bin/../lib/gcc/arm-none-eabi/12.3.1/../../../../arm-none-eabi/lib/thumb/v7e-m+fp/hard\libc_nano.a(libc_a-findfp.o)
                0x0800aa68                __sfp_lock_acquire
 .text.__sfp_lock_release
                0x0800aa74        0xc C:/ST/STM32CubeIDE_1.16.0/STM32CubeIDE/plugins/com.st.stm32cube.ide.mcu.externaltools.gnu-tools-for-stm32.12.3.rel1.win32_1.0.200.202406191623/tools/bin/../lib/gcc/arm-none-eabi/12.3.1/../../../../arm-none-eabi/lib/thumb/v7e-m+fp/hard\libc_nano.a(libc_a-findfp.o)
                0x0800aa74                __sfp_lock_release
 .text.__sinit  0x0800aa80       0x30 C:/ST/STM32CubeIDE_1.16.0/STM32CubeIDE/plugins/com.st.stm32cube.ide.mcu.externaltools.gnu-tools-for-stm32.12.3.rel1.win32_1.0.200.202406191623/tools/bin/../lib/gcc/arm-none-eabi/12.3.1/../../../../arm-none-eabi/lib/thumb/v7e-m+fp/hard\libc_nano.a(libc_a-findfp.o)
                0x0800aa80                __sinit
 .text._fwalk_sglue
                0x0800aab0       0x3c C:/ST/STM32CubeIDE_1.16.0/STM32CubeIDE/plugins/com.st.stm32cube.ide.mcu.externaltools.gnu-tools-for-stm32.12.3.rel1.win32_1.0.200.202406191623/tools/bin/../lib/gcc/arm-none-eabi/12.3.1/../../../../arm-none-eabi/lib/thumb/v7e-m+fp/hard\libc_nano.a(libc_a-fwalk.o)
                0x0800aab0                _fwalk_sglue
 .text.sprintf  0x0800aaec       0x40 C:/ST/STM32CubeIDE_1.16.0/STM32CubeIDE/plugins/com.st.stm32cube.ide.mcu.externaltools.gnu-tools-for-stm32.12.3.rel1.win32_1.0.200.202406191623/tools/bin/../lib/gcc/arm-none-eabi/12.3.1/../../../../arm-none-eabi/lib/thumb/v7e-m+fp/hard\libc_nano.a(libc_a-sprintf.o)
                0x0800aaec                siprintf
                0x0800aaec                sprintf
 .text.__sread  0x0800ab2c       0x22 C:/ST/STM32CubeIDE_1.16.0/STM32CubeIDE/plugins/com.st.stm32cube.ide.mcu.externaltools.gnu-tools-for-stm32.12.3.rel1.win32_1.0.200.202406191623/tools/bin/../lib/gcc/arm-none-eabi/12.3.1/../../../../arm-none-eabi/lib/thumb/v7e-m+fp/hard\libc_nano.a(libc_a-stdio.o)
                0x0800ab2c                __sread
 .text.__swrite
                0x0800ab4e       0x38 C:/ST/STM32CubeIDE_1.16.0/STM32CubeIDE/plugins/com.st.stm32cube.ide.mcu.externaltools.gnu-tools-for-stm32.12.3.rel1.win32_1.0.200.202406191623/tools/bin/../lib/gcc/arm-none-eabi/12.3.1/../../../../arm-none-eabi/lib/thumb/v7e-m+fp/hard\libc_nano.a(libc_a-stdio.o)
                0x0800ab4e                __swrite
 .text.__sseek  0x0800ab86       0x24 C:/ST/STM32CubeIDE_1.16.0/STM32CubeIDE/plugins/com.st.stm32cube.ide.mcu.externaltools.gnu-tools-for-stm32.12.3.rel1.win32_1.0.200.202406191623/tools/bin/../lib/gcc/arm-none-eabi/12.3.1/../../../../arm-none-eabi/lib/thumb/v7e-m+fp/hard\libc_nano.a(libc_a-stdio.o)
                0x0800ab86                __sseek
 .text.__sclose
                0x0800abaa        0x8 C:/ST/STM32CubeIDE_1.16.0/STM32CubeIDE/plugins/com.st.stm32cube.ide.mcu.externaltools.gnu-tools-for-stm32.12.3.rel1.win32_1.0.200.202406191623/tools/bin/../lib/gcc/arm-none-eabi/12.3.1/../../../../arm-none-eabi/lib/thumb/v7e-m+fp/hard\libc_nano.a(libc_a-stdio.o)
                0x0800abaa                __sclose
 .text.memset   0x0800abb2       0x10 C:/ST/STM32CubeIDE_1.16.0/STM32CubeIDE/plugins/com.st.stm32cube.ide.mcu.externaltools.gnu-tools-for-stm32.12.3.rel1.win32_1.0.200.202406191623/tools/bin/../lib/gcc/arm-none-eabi/12.3.1/../../../../arm-none-eabi/lib/thumb/v7e-m+fp/hard\libc_nano.a(libc_a-memset.o)
                0x0800abb2                memset
 *fill*         0x0800abc2        0x2 
 .text._localeconv_r
                0x0800abc4        0x8 C:/ST/STM32CubeIDE_1.16.0/STM32CubeIDE/plugins/com.st.stm32cube.ide.mcu.externaltools.gnu-tools-for-stm32.12.3.rel1.win32_1.0.200.202406191623/tools/bin/../lib/gcc/arm-none-eabi/12.3.1/../../../../arm-none-eabi/lib/thumb/v7e-m+fp/hard\libc_nano.a(libc_a-localeconv.o)
                0x0800abc4                _localeconv_r
 .text._close_r
                0x0800abcc       0x20 C:/ST/STM32CubeIDE_1.16.0/STM32CubeIDE/plugins/com.st.stm32cube.ide.mcu.externaltools.gnu-tools-for-stm32.12.3.rel1.win32_1.0.200.202406191623/tools/bin/../lib/gcc/arm-none-eabi/12.3.1/../../../../arm-none-eabi/lib/thumb/v7e-m+fp/hard\libc_nano.a(libc_a-closer.o)
                0x0800abcc                _close_r
 .text._lseek_r
                0x0800abec       0x24 C:/ST/STM32CubeIDE_1.16.0/STM32CubeIDE/plugins/com.st.stm32cube.ide.mcu.externaltools.gnu-tools-for-stm32.12.3.rel1.win32_1.0.200.202406191623/tools/bin/../lib/gcc/arm-none-eabi/12.3.1/../../../../arm-none-eabi/lib/thumb/v7e-m+fp/hard\libc_nano.a(libc_a-lseekr.o)
                0x0800abec                _lseek_r
 .text._read_r  0x0800ac10       0x24 C:/ST/STM32CubeIDE_1.16.0/STM32CubeIDE/plugins/com.st.stm32cube.ide.mcu.externaltools.gnu-tools-for-stm32.12.3.rel1.win32_1.0.200.202406191623/tools/bin/../lib/gcc/arm-none-eabi/12.3.1/../../../../arm-none-eabi/lib/thumb/v7e-m+fp/hard\libc_nano.a(libc_a-readr.o)
                0x0800ac10                _read_r
 .text._write_r
                0x0800ac34       0x24 C:/ST/STM32CubeIDE_1.16.0/STM32CubeIDE/plugins/com.st.stm32cube.ide.mcu.externaltools.gnu-tools-for-stm32.12.3.rel1.win32_1.0.200.202406191623/tools/bin/../lib/gcc/arm-none-eabi/12.3.1/../../../../arm-none-eabi/lib/thumb/v7e-m+fp/hard\libc_nano.a(libc_a-writer.o)
                0x0800ac34                _write_r
 .text.__libc_init_array
                0x0800ac58       0x48 C:/ST/STM32CubeIDE_1.16.0/STM32CubeIDE/plugins/com.st.stm32cube.ide.mcu.externaltools.gnu-tools-for-stm32.12.3.rel1.win32_1.0.200.202406191623/tools/bin/../lib/gcc/arm-none-eabi/12.3.1/../../../../arm-none-eabi/lib/thumb/v7e-m+fp/hard\libc_nano.a(libc_a-init.o)
                0x0800ac58                __libc_init_array
 .text.__retarget_lock_init_recursive
                0x0800aca0        0x2 C:/ST/STM32CubeIDE_1.16.0/STM32CubeIDE/plugins/com.st.stm32cube.ide.mcu.externaltools.gnu-tools-for-stm32.12.3.rel1.win32_1.0.200.202406191623/tools/bin/../lib/gcc/arm-none-eabi/12.3.1/../../../../arm-none-eabi/lib/thumb/v7e-m+fp/hard\libc_nano.a(libc_a-lock.o)
                0x0800aca0                __retarget_lock_init_recursive
 .text.__retarget_lock_acquire_recursive
                0x0800aca2        0x2 C:/ST/STM32CubeIDE_1.16.0/STM32CubeIDE/plugins/com.st.stm32cube.ide.mcu.externaltools.gnu-tools-for-stm32.12.3.rel1.win32_1.0.200.202406191623/tools/bin/../lib/gcc/arm-none-eabi/12.3.1/../../../../arm-none-eabi/lib/thumb/v7e-m+fp/hard\libc_nano.a(libc_a-lock.o)
                0x0800aca2                __retarget_lock_acquire_recursive
 .text.__retarget_lock_release_recursive
                0x0800aca4        0x2 C:/ST/STM32CubeIDE_1.16.0/STM32CubeIDE/plugins/com.st.stm32cube.ide.mcu.externaltools.gnu-tools-for-stm32.12.3.rel1.win32_1.0.200.202406191623/tools/bin/../lib/gcc/arm-none-eabi/12.3.1/../../../../arm-none-eabi/lib/thumb/v7e-m+fp/hard\libc_nano.a(libc_a-lock.o)
                0x0800aca4                __retarget_lock_release_recursive
 .text.memcpy   0x0800aca6       0x1c C:/ST/STM32CubeIDE_1.16.0/STM32CubeIDE/plugins/com.st.stm32cube.ide.mcu.externaltools.gnu-tools-for-stm32.12.3.rel1.win32_1.0.200.202406191623/tools/bin/../lib/gcc/arm-none-eabi/12.3.1/../../../../arm-none-eabi/lib/thumb/v7e-m+fp/hard\libc_nano.a(libc_a-memcpy-stub.o)
                0x0800aca6                memcpy
 .text.quorem   0x0800acc2      0x110 C:/ST/STM32CubeIDE_1.16.0/STM32CubeIDE/plugins/com.st.stm32cube.ide.mcu.externaltools.gnu-tools-for-stm32.12.3.rel1.win32_1.0.200.202406191623/tools/bin/../lib/gcc/arm-none-eabi/12.3.1/../../../../arm-none-eabi/lib/thumb/v7e-m+fp/hard\libc_nano.a(libc_a-dtoa.o)
 *fill*         0x0800add2        0x6 
 .text._dtoa_r  0x0800add8      0xb88 C:/ST/STM32CubeIDE_1.16.0/STM32CubeIDE/plugins/com.st.stm32cube.ide.mcu.externaltools.gnu-tools-for-stm32.12.3.rel1.win32_1.0.200.202406191623/tools/bin/../lib/gcc/arm-none-eabi/12.3.1/../../../../arm-none-eabi/lib/thumb/v7e-m+fp/hard\libc_nano.a(libc_a-dtoa.o)
                0x0800add8                _dtoa_r
 .text._free_r  0x0800b960       0x94 C:/ST/STM32CubeIDE_1.16.0/STM32CubeIDE/plugins/com.st.stm32cube.ide.mcu.externaltools.gnu-tools-for-stm32.12.3.rel1.win32_1.0.200.202406191623/tools/bin/../lib/gcc/arm-none-eabi/12.3.1/../../../../arm-none-eabi/lib/thumb/v7e-m+fp/hard\libc_nano.a(libc_a-freer.o)
                0x0800b960                _free_r
 .text.malloc   0x0800b9f4       0x10 C:/ST/STM32CubeIDE_1.16.0/STM32CubeIDE/plugins/com.st.stm32cube.ide.mcu.externaltools.gnu-tools-for-stm32.12.3.rel1.win32_1.0.200.202406191623/tools/bin/../lib/gcc/arm-none-eabi/12.3.1/../../../../arm-none-eabi/lib/thumb/v7e-m+fp/hard\libc_nano.a(libc_a-malloc.o)
                0x0800b9f4                malloc
 .text.sbrk_aligned
                0x0800ba04       0x44 C:/ST/STM32CubeIDE_1.16.0/STM32CubeIDE/plugins/com.st.stm32cube.ide.mcu.externaltools.gnu-tools-for-stm32.12.3.rel1.win32_1.0.200.202406191623/tools/bin/../lib/gcc/arm-none-eabi/12.3.1/../../../../arm-none-eabi/lib/thumb/v7e-m+fp/hard\libc_nano.a(libc_a-mallocr.o)
 .text._malloc_r
                0x0800ba48      0x100 C:/ST/STM32CubeIDE_1.16.0/STM32CubeIDE/plugins/com.st.stm32cube.ide.mcu.externaltools.gnu-tools-for-stm32.12.3.rel1.win32_1.0.200.202406191623/tools/bin/../lib/gcc/arm-none-eabi/12.3.1/../../../../arm-none-eabi/lib/thumb/v7e-m+fp/hard\libc_nano.a(libc_a-mallocr.o)
                0x0800ba48                _malloc_r
 .text.__malloc_lock
                0x0800bb48        0xc C:/ST/STM32CubeIDE_1.16.0/STM32CubeIDE/plugins/com.st.stm32cube.ide.mcu.externaltools.gnu-tools-for-stm32.12.3.rel1.win32_1.0.200.202406191623/tools/bin/../lib/gcc/arm-none-eabi/12.3.1/../../../../arm-none-eabi/lib/thumb/v7e-m+fp/hard\libc_nano.a(libc_a-mlock.o)
                0x0800bb48                __malloc_lock
 .text.__malloc_unlock
                0x0800bb54        0xc C:/ST/STM32CubeIDE_1.16.0/STM32CubeIDE/plugins/com.st.stm32cube.ide.mcu.externaltools.gnu-tools-for-stm32.12.3.rel1.win32_1.0.200.202406191623/tools/bin/../lib/gcc/arm-none-eabi/12.3.1/../../../../arm-none-eabi/lib/thumb/v7e-m+fp/hard\libc_nano.a(libc_a-mlock.o)
                0x0800bb54                __malloc_unlock
 .text._Balloc  0x0800bb60       0x80 C:/ST/STM32CubeIDE_1.16.0/STM32CubeIDE/plugins/com.st.stm32cube.ide.mcu.externaltools.gnu-tools-for-stm32.12.3.rel1.win32_1.0.200.202406191623/tools/bin/../lib/gcc/arm-none-eabi/12.3.1/../../../../arm-none-eabi/lib/thumb/v7e-m+fp/hard\libc_nano.a(libc_a-mprec.o)
                0x0800bb60                _Balloc
 .text._Bfree   0x0800bbe0       0x44 C:/ST/STM32CubeIDE_1.16.0/STM32CubeIDE/plugins/com.st.stm32cube.ide.mcu.externaltools.gnu-tools-for-stm32.12.3.rel1.win32_1.0.200.202406191623/tools/bin/../lib/gcc/arm-none-eabi/12.3.1/../../../../arm-none-eabi/lib/thumb/v7e-m+fp/hard\libc_nano.a(libc_a-mprec.o)
                0x0800bbe0                _Bfree
 .text.__multadd
                0x0800bc24       0x8c C:/ST/STM32CubeIDE_1.16.0/STM32CubeIDE/plugins/com.st.stm32cube.ide.mcu.externaltools.gnu-tools-for-stm32.12.3.rel1.win32_1.0.200.202406191623/tools/bin/../lib/gcc/arm-none-eabi/12.3.1/../../../../arm-none-eabi/lib/thumb/v7e-m+fp/hard\libc_nano.a(libc_a-mprec.o)
                0x0800bc24                __multadd
 .text.__hi0bits
                0x0800bcb0       0x3e C:/ST/STM32CubeIDE_1.16.0/STM32CubeIDE/plugins/com.st.stm32cube.ide.mcu.externaltools.gnu-tools-for-stm32.12.3.rel1.win32_1.0.200.202406191623/tools/bin/../lib/gcc/arm-none-eabi/12.3.1/../../../../arm-none-eabi/lib/thumb/v7e-m+fp/hard\libc_nano.a(libc_a-mprec.o)
                0x0800bcb0                __hi0bits
 .text.__lo0bits
                0x0800bcee       0x5a C:/ST/STM32CubeIDE_1.16.0/STM32CubeIDE/plugins/com.st.stm32cube.ide.mcu.externaltools.gnu-tools-for-stm32.12.3.rel1.win32_1.0.200.202406191623/tools/bin/../lib/gcc/arm-none-eabi/12.3.1/../../../../arm-none-eabi/lib/thumb/v7e-m+fp/hard\libc_nano.a(libc_a-mprec.o)
                0x0800bcee                __lo0bits
 .text.__i2b    0x0800bd48       0x2c C:/ST/STM32CubeIDE_1.16.0/STM32CubeIDE/plugins/com.st.stm32cube.ide.mcu.externaltools.gnu-tools-for-stm32.12.3.rel1.win32_1.0.200.202406191623/tools/bin/../lib/gcc/arm-none-eabi/12.3.1/../../../../arm-none-eabi/lib/thumb/v7e-m+fp/hard\libc_nano.a(libc_a-mprec.o)
                0x0800bd48                __i2b
 .text.__multiply
                0x0800bd74      0x154 C:/ST/STM32CubeIDE_1.16.0/STM32CubeIDE/plugins/com.st.stm32cube.ide.mcu.externaltools.gnu-tools-for-stm32.12.3.rel1.win32_1.0.200.202406191623/tools/bin/../lib/gcc/arm-none-eabi/12.3.1/../../../../arm-none-eabi/lib/thumb/v7e-m+fp/hard\libc_nano.a(libc_a-mprec.o)
                0x0800bd74                __multiply
 .text.__pow5mult
                0x0800bec8       0xb4 C:/ST/STM32CubeIDE_1.16.0/STM32CubeIDE/plugins/com.st.stm32cube.ide.mcu.externaltools.gnu-tools-for-stm32.12.3.rel1.win32_1.0.200.202406191623/tools/bin/../lib/gcc/arm-none-eabi/12.3.1/../../../../arm-none-eabi/lib/thumb/v7e-m+fp/hard\libc_nano.a(libc_a-mprec.o)
                0x0800bec8                __pow5mult
 .text.__lshift
                0x0800bf7c       0xd8 C:/ST/STM32CubeIDE_1.16.0/STM32CubeIDE/plugins/com.st.stm32cube.ide.mcu.externaltools.gnu-tools-for-stm32.12.3.rel1.win32_1.0.200.202406191623/tools/bin/../lib/gcc/arm-none-eabi/12.3.1/../../../../arm-none-eabi/lib/thumb/v7e-m+fp/hard\libc_nano.a(libc_a-mprec.o)
                0x0800bf7c                __lshift
 .text.__mcmp   0x0800c054       0x36 C:/ST/STM32CubeIDE_1.16.0/STM32CubeIDE/plugins/com.st.stm32cube.ide.mcu.externaltools.gnu-tools-for-stm32.12.3.rel1.win32_1.0.200.202406191623/tools/bin/../lib/gcc/arm-none-eabi/12.3.1/../../../../arm-none-eabi/lib/thumb/v7e-m+fp/hard\libc_nano.a(libc_a-mprec.o)
                0x0800c054                __mcmp
 *fill*         0x0800c08a        0x2 
 .text.__mdiff  0x0800c08c      0x128 C:/ST/STM32CubeIDE_1.16.0/STM32CubeIDE/plugins/com.st.stm32cube.ide.mcu.externaltools.gnu-tools-for-stm32.12.3.rel1.win32_1.0.200.202406191623/tools/bin/../lib/gcc/arm-none-eabi/12.3.1/../../../../arm-none-eabi/lib/thumb/v7e-m+fp/hard\libc_nano.a(libc_a-mprec.o)
                0x0800c08c                __mdiff
 .text.__d2b    0x0800c1b4       0xb0 C:/ST/STM32CubeIDE_1.16.0/STM32CubeIDE/plugins/com.st.stm32cube.ide.mcu.externaltools.gnu-tools-for-stm32.12.3.rel1.win32_1.0.200.202406191623/tools/bin/../lib/gcc/arm-none-eabi/12.3.1/../../../../arm-none-eabi/lib/thumb/v7e-m+fp/hard\libc_nano.a(libc_a-mprec.o)
                0x0800c1b4                __d2b
 .text.__ssputs_r
                0x0800c264       0xb6 C:/ST/STM32CubeIDE_1.16.0/STM32CubeIDE/plugins/com.st.stm32cube.ide.mcu.externaltools.gnu-tools-for-stm32.12.3.rel1.win32_1.0.200.202406191623/tools/bin/../lib/gcc/arm-none-eabi/12.3.1/../../../../arm-none-eabi/lib/thumb/v7e-m+fp/hard\libc_nano.a(libc_a-nano-svfprintf.o)
                0x0800c264                __ssputs_r
 *fill*         0x0800c31a        0x2 
 .text._svfprintf_r
                0x0800c31c      0x1f8 C:/ST/STM32CubeIDE_1.16.0/STM32CubeIDE/plugins/com.st.stm32cube.ide.mcu.externaltools.gnu-tools-for-stm32.12.3.rel1.win32_1.0.200.202406191623/tools/bin/../lib/gcc/arm-none-eabi/12.3.1/../../../../arm-none-eabi/lib/thumb/v7e-m+fp/hard\libc_nano.a(libc_a-nano-svfprintf.o)
                0x0800c31c                _svfiprintf_r
                0x0800c31c                _svfprintf_r
 .text.__sflush_r
                0x0800c514      0x108 C:/ST/STM32CubeIDE_1.16.0/STM32CubeIDE/plugins/com.st.stm32cube.ide.mcu.externaltools.gnu-tools-for-stm32.12.3.rel1.win32_1.0.200.202406191623/tools/bin/../lib/gcc/arm-none-eabi/12.3.1/../../../../arm-none-eabi/lib/thumb/v7e-m+fp/hard\libc_nano.a(libc_a-fflush.o)
                0x0800c514                __sflush_r
 .text._fflush_r
                0x0800c61c       0x50 C:/ST/STM32CubeIDE_1.16.0/STM32CubeIDE/plugins/com.st.stm32cube.ide.mcu.externaltools.gnu-tools-for-stm32.12.3.rel1.win32_1.0.200.202406191623/tools/bin/../lib/gcc/arm-none-eabi/12.3.1/../../../../arm-none-eabi/lib/thumb/v7e-m+fp/hard\libc_nano.a(libc_a-fflush.o)
                0x0800c61c                _fflush_r
 .text.memmove  0x0800c66c       0x34 C:/ST/STM32CubeIDE_1.16.0/STM32CubeIDE/plugins/com.st.stm32cube.ide.mcu.externaltools.gnu-tools-for-stm32.12.3.rel1.win32_1.0.200.202406191623/tools/bin/../lib/gcc/arm-none-eabi/12.3.1/../../../../arm-none-eabi/lib/thumb/v7e-m+fp/hard\libc_nano.a(libc_a-memmove.o)
                0x0800c66c                memmove
 .text._sbrk_r  0x0800c6a0       0x20 C:/ST/STM32CubeIDE_1.16.0/STM32CubeIDE/plugins/com.st.stm32cube.ide.mcu.externaltools.gnu-tools-for-stm32.12.3.rel1.win32_1.0.200.202406191623/tools/bin/../lib/gcc/arm-none-eabi/12.3.1/../../../../arm-none-eabi/lib/thumb/v7e-m+fp/hard\libc_nano.a(libc_a-sbrkr.o)
                0x0800c6a0                _sbrk_r
 .text.__assert_func
                0x0800c6c0       0x3c C:/ST/STM32CubeIDE_1.16.0/STM32CubeIDE/plugins/com.st.stm32cube.ide.mcu.externaltools.gnu-tools-for-stm32.12.3.rel1.win32_1.0.200.202406191623/tools/bin/../lib/gcc/arm-none-eabi/12.3.1/../../../../arm-none-eabi/lib/thumb/v7e-m+fp/hard\libc_nano.a(libc_a-assert.o)
                0x0800c6c0                __assert_func
 .text._calloc_r
                0x0800c6fc       0x28 C:/ST/STM32CubeIDE_1.16.0/STM32CubeIDE/plugins/com.st.stm32cube.ide.mcu.externaltools.gnu-tools-for-stm32.12.3.rel1.win32_1.0.200.202406191623/tools/bin/../lib/gcc/arm-none-eabi/12.3.1/../../../../arm-none-eabi/lib/thumb/v7e-m+fp/hard\libc_nano.a(libc_a-callocr.o)
                0x0800c6fc                _calloc_r
 .text.__ascii_mbtowc
                0x0800c724       0x24 C:/ST/STM32CubeIDE_1.16.0/STM32CubeIDE/plugins/com.st.stm32cube.ide.mcu.externaltools.gnu-tools-for-stm32.12.3.rel1.win32_1.0.200.202406191623/tools/bin/../lib/gcc/arm-none-eabi/12.3.1/../../../../arm-none-eabi/lib/thumb/v7e-m+fp/hard\libc_nano.a(libc_a-mbtowc_r.o)
                0x0800c724                __ascii_mbtowc
 .text._realloc_r
                0x0800c748       0x5c C:/ST/STM32CubeIDE_1.16.0/STM32CubeIDE/plugins/com.st.stm32cube.ide.mcu.externaltools.gnu-tools-for-stm32.12.3.rel1.win32_1.0.200.202406191623/tools/bin/../lib/gcc/arm-none-eabi/12.3.1/../../../../arm-none-eabi/lib/thumb/v7e-m+fp/hard\libc_nano.a(libc_a-reallocr.o)
                0x0800c748                _realloc_r
 .text.__ascii_wctomb
                0x0800c7a4       0x1a C:/ST/STM32CubeIDE_1.16.0/STM32CubeIDE/plugins/com.st.stm32cube.ide.mcu.externaltools.gnu-tools-for-stm32.12.3.rel1.win32_1.0.200.202406191623/tools/bin/../lib/gcc/arm-none-eabi/12.3.1/../../../../arm-none-eabi/lib/thumb/v7e-m+fp/hard\libc_nano.a(libc_a-wctomb_r.o)
                0x0800c7a4                __ascii_wctomb
 *fill*         0x0800c7be        0x2 
 .text.fprintf  0x0800c7c0       0x24 C:/ST/STM32CubeIDE_1.16.0/STM32CubeIDE/plugins/com.st.stm32cube.ide.mcu.externaltools.gnu-tools-for-stm32.12.3.rel1.win32_1.0.200.202406191623/tools/bin/../lib/gcc/arm-none-eabi/12.3.1/../../../../arm-none-eabi/lib/thumb/v7e-m+fp/hard\libc_nano.a(libc_a-fprintf.o)
                0x0800c7c0                fiprintf
                0x0800c7c0                fprintf
 .text.abort    0x0800c7e4        0xe C:/ST/STM32CubeIDE_1.16.0/STM32CubeIDE/plugins/com.st.stm32cube.ide.mcu.externaltools.gnu-tools-for-stm32.12.3.rel1.win32_1.0.200.202406191623/tools/bin/../lib/gcc/arm-none-eabi/12.3.1/../../../../arm-none-eabi/lib/thumb/v7e-m+fp/hard\libc_nano.a(libc_a-abort.o)
                0x0800c7e4                abort
 .text._malloc_usable_size_r
                0x0800c7f2       0x10 C:/ST/STM32CubeIDE_1.16.0/STM32CubeIDE/plugins/com.st.stm32cube.ide.mcu.externaltools.gnu-tools-for-stm32.12.3.rel1.win32_1.0.200.202406191623/tools/bin/../lib/gcc/arm-none-eabi/12.3.1/../../../../arm-none-eabi/lib/thumb/v7e-m+fp/hard\libc_nano.a(libc_a-msizer.o)
                0x0800c7f2                _malloc_usable_size_r
 .text.__sfputc_r
                0x0800c802       0x2e C:/ST/STM32CubeIDE_1.16.0/STM32CubeIDE/plugins/com.st.stm32cube.ide.mcu.externaltools.gnu-tools-for-stm32.12.3.rel1.win32_1.0.200.202406191623/tools/bin/../lib/gcc/arm-none-eabi/12.3.1/../../../../arm-none-eabi/lib/thumb/v7e-m+fp/hard\libc_nano.a(libc_a-nano-vfprintf.o)
 .text.__sfputs_r
                0x0800c830       0x24 C:/ST/STM32CubeIDE_1.16.0/STM32CubeIDE/plugins/com.st.stm32cube.ide.mcu.externaltools.gnu-tools-for-stm32.12.3.rel1.win32_1.0.200.202406191623/tools/bin/../lib/gcc/arm-none-eabi/12.3.1/../../../../arm-none-eabi/lib/thumb/v7e-m+fp/hard\libc_nano.a(libc_a-nano-vfprintf.o)
                0x0800c830                __sfputs_r
 .text._vfprintf_r
                0x0800c854      0x230 C:/ST/STM32CubeIDE_1.16.0/STM32CubeIDE/plugins/com.st.stm32cube.ide.mcu.externaltools.gnu-tools-for-stm32.12.3.rel1.win32_1.0.200.202406191623/tools/bin/../lib/gcc/arm-none-eabi/12.3.1/../../../../arm-none-eabi/lib/thumb/v7e-m+fp/hard\libc_nano.a(libc_a-nano-vfprintf.o)
                0x0800c854                _vfprintf_r
                0x0800c854                _vfiprintf_r
 .text.__swbuf_r
                0x0800ca84       0x7c C:/ST/STM32CubeIDE_1.16.0/STM32CubeIDE/plugins/com.st.stm32cube.ide.mcu.externaltools.gnu-tools-for-stm32.12.3.rel1.win32_1.0.200.202406191623/tools/bin/../lib/gcc/arm-none-eabi/12.3.1/../../../../arm-none-eabi/lib/thumb/v7e-m+fp/hard\libc_nano.a(libc_a-wbuf.o)
                0x0800ca84                __swbuf_r
 .text.__swsetup_r
                0x0800cb00       0xac C:/ST/STM32CubeIDE_1.16.0/STM32CubeIDE/plugins/com.st.stm32cube.ide.mcu.externaltools.gnu-tools-for-stm32.12.3.rel1.win32_1.0.200.202406191623/tools/bin/../lib/gcc/arm-none-eabi/12.3.1/../../../../arm-none-eabi/lib/thumb/v7e-m+fp/hard\libc_nano.a(libc_a-wsetup.o)
                0x0800cb00                __swsetup_r
 .text._raise_r
                0x0800cbac       0x50 C:/ST/STM32CubeIDE_1.16.0/STM32CubeIDE/plugins/com.st.stm32cube.ide.mcu.externaltools.gnu-tools-for-stm32.12.3.rel1.win32_1.0.200.202406191623/tools/bin/../lib/gcc/arm-none-eabi/12.3.1/../../../../arm-none-eabi/lib/thumb/v7e-m+fp/hard\libc_nano.a(libc_a-signal.o)
                0x0800cbac                _raise_r
 .text.raise    0x0800cbfc       0x10 C:/ST/STM32CubeIDE_1.16.0/STM32CubeIDE/plugins/com.st.stm32cube.ide.mcu.externaltools.gnu-tools-for-stm32.12.3.rel1.win32_1.0.200.202406191623/tools/bin/../lib/gcc/arm-none-eabi/12.3.1/../../../../arm-none-eabi/lib/thumb/v7e-m+fp/hard\libc_nano.a(libc_a-signal.o)
                0x0800cbfc                raise
 .text._kill_r  0x0800cc0c       0x24 C:/ST/STM32CubeIDE_1.16.0/STM32CubeIDE/plugins/com.st.stm32cube.ide.mcu.externaltools.gnu-tools-for-stm32.12.3.rel1.win32_1.0.200.202406191623/tools/bin/../lib/gcc/arm-none-eabi/12.3.1/../../../../arm-none-eabi/lib/thumb/v7e-m+fp/hard\libc_nano.a(libc_a-signalr.o)
                0x0800cc0c                _kill_r
 .text._getpid_r
                0x0800cc30        0x4 C:/ST/STM32CubeIDE_1.16.0/STM32CubeIDE/plugins/com.st.stm32cube.ide.mcu.externaltools.gnu-tools-for-stm32.12.3.rel1.win32_1.0.200.202406191623/tools/bin/../lib/gcc/arm-none-eabi/12.3.1/../../../../arm-none-eabi/lib/thumb/v7e-m+fp/hard\libc_nano.a(libc_a-signalr.o)
                0x0800cc30                _getpid_r
 .text.__swhatbuf_r
                0x0800cc34       0x4c C:/ST/STM32CubeIDE_1.16.0/STM32CubeIDE/plugins/com.st.stm32cube.ide.mcu.externaltools.gnu-tools-for-stm32.12.3.rel1.win32_1.0.200.202406191623/tools/bin/../lib/gcc/arm-none-eabi/12.3.1/../../../../arm-none-eabi/lib/thumb/v7e-m+fp/hard\libc_nano.a(libc_a-makebuf.o)
                0x0800cc34                __swhatbuf_r
 .text.__smakebuf_r
                0x0800cc80       0x78 C:/ST/STM32CubeIDE_1.16.0/STM32CubeIDE/plugins/com.st.stm32cube.ide.mcu.externaltools.gnu-tools-for-stm32.12.3.rel1.win32_1.0.200.202406191623/tools/bin/../lib/gcc/arm-none-eabi/12.3.1/../../../../arm-none-eabi/lib/thumb/v7e-m+fp/hard\libc_nano.a(libc_a-makebuf.o)
                0x0800cc80                __smakebuf_r
 .text._fstat_r
                0x0800ccf8       0x24 C:/ST/STM32CubeIDE_1.16.0/STM32CubeIDE/plugins/com.st.stm32cube.ide.mcu.externaltools.gnu-tools-for-stm32.12.3.rel1.win32_1.0.200.202406191623/tools/bin/../lib/gcc/arm-none-eabi/12.3.1/../../../../arm-none-eabi/lib/thumb/v7e-m+fp/hard\libc_nano.a(libc_a-fstatr.o)
                0x0800ccf8                _fstat_r
 .text._isatty_r
                0x0800cd1c       0x20 C:/ST/STM32CubeIDE_1.16.0/STM32CubeIDE/plugins/com.st.stm32cube.ide.mcu.externaltools.gnu-tools-for-stm32.12.3.rel1.win32_1.0.200.202406191623/tools/bin/../lib/gcc/arm-none-eabi/12.3.1/../../../../arm-none-eabi/lib/thumb/v7e-m+fp/hard\libc_nano.a(libc_a-isattyr.o)
                0x0800cd1c                _isatty_r
 .text.atan2f   0x0800cd3c        0x4 C:/ST/STM32CubeIDE_1.16.0/STM32CubeIDE/plugins/com.st.stm32cube.ide.mcu.externaltools.gnu-tools-for-stm32.12.3.rel1.win32_1.0.200.202406191623/tools/bin/../lib/gcc/arm-none-eabi/12.3.1/../../../../arm-none-eabi/lib/thumb/v7e-m+fp/hard\libm.a(libm_a-wf_atan2.o)
                0x0800cd3c                atan2f
 .text.sqrtf    0x0800cd40       0x3c C:/ST/STM32CubeIDE_1.16.0/STM32CubeIDE/plugins/com.st.stm32cube.ide.mcu.externaltools.gnu-tools-for-stm32.12.3.rel1.win32_1.0.200.202406191623/tools/bin/../lib/gcc/arm-none-eabi/12.3.1/../../../../arm-none-eabi/lib/thumb/v7e-m+fp/hard\libm.a(libm_a-wf_sqrt.o)
                0x0800cd40                sqrtf
 .text.__ieee754_sqrtf
                0x0800cd7c        0x6 C:/ST/STM32CubeIDE_1.16.0/STM32CubeIDE/plugins/com.st.stm32cube.ide.mcu.externaltools.gnu-tools-for-stm32.12.3.rel1.win32_1.0.200.202406191623/tools/bin/../lib/gcc/arm-none-eabi/12.3.1/../../../../arm-none-eabi/lib/thumb/v7e-m+fp/hard\libm.a(libm_a-ef_sqrt.o)
                0x0800cd7c                __ieee754_sqrtf
 *fill*         0x0800cd82        0x2 
 .text.__ieee754_atan2f
                0x0800cd84      0x140 C:/ST/STM32CubeIDE_1.16.0/STM32CubeIDE/plugins/com.st.stm32cube.ide.mcu.externaltools.gnu-tools-for-stm32.12.3.rel1.win32_1.0.200.202406191623/tools/bin/../lib/gcc/arm-none-eabi/12.3.1/../../../../arm-none-eabi/lib/thumb/v7e-m+fp/hard\libm.a(libm_a-ef_atan2.o)
                0x0800cd84                __ieee754_atan2f
 .text.atanf    0x0800cec4      0x1a8 C:/ST/STM32CubeIDE_1.16.0/STM32CubeIDE/plugins/com.st.stm32cube.ide.mcu.externaltools.gnu-tools-for-stm32.12.3.rel1.win32_1.0.200.202406191623/tools/bin/../lib/gcc/arm-none-eabi/12.3.1/../../../../arm-none-eabi/lib/thumb/v7e-m+fp/hard\libm.a(libm_a-sf_atan.o)
                0x0800cec4                atanf
 .text.fabsf    0x0800d06c        0xe C:/ST/STM32CubeIDE_1.16.0/STM32CubeIDE/plugins/com.st.stm32cube.ide.mcu.externaltools.gnu-tools-for-stm32.12.3.rel1.win32_1.0.200.202406191623/tools/bin/../lib/gcc/arm-none-eabi/12.3.1/../../../../arm-none-eabi/lib/thumb/v7e-m+fp/hard\libm.a(libm_a-sf_fabs.o)
                0x0800d06c                fabsf
 *fill*         0x0800d07a        0x2 
 .text.__errno  0x0800d07c        0xc C:/ST/STM32CubeIDE_1.16.0/STM32CubeIDE/plugins/com.st.stm32cube.ide.mcu.externaltools.gnu-tools-for-stm32.12.3.rel1.win32_1.0.200.202406191623/tools/bin/../lib/gcc/arm-none-eabi/12.3.1/../../../../arm-none-eabi/lib/thumb/v7e-m+fp/hard\libc_nano.a(libc_a-errno.o)
                0x0800d07c                __errno
 .text._close   0x0800d088       0x10 C:/ST/STM32CubeIDE_1.16.0/STM32CubeIDE/plugins/com.st.stm32cube.ide.mcu.externaltools.gnu-tools-for-stm32.12.3.rel1.win32_1.0.200.202406191623/tools/bin/../lib/gcc/arm-none-eabi/12.3.1/../../../../arm-none-eabi/lib/thumb/v7e-m+fp/hard\libnosys.a(close.o)
                0x0800d088                _close
 .text._fstat   0x0800d098       0x10 C:/ST/STM32CubeIDE_1.16.0/STM32CubeIDE/plugins/com.st.stm32cube.ide.mcu.externaltools.gnu-tools-for-stm32.12.3.rel1.win32_1.0.200.202406191623/tools/bin/../lib/gcc/arm-none-eabi/12.3.1/../../../../arm-none-eabi/lib/thumb/v7e-m+fp/hard\libnosys.a(fstat.o)
                0x0800d098                _fstat
 .text._getpid  0x0800d0a8       0x10 C:/ST/STM32CubeIDE_1.16.0/STM32CubeIDE/plugins/com.st.stm32cube.ide.mcu.externaltools.gnu-tools-for-stm32.12.3.rel1.win32_1.0.200.202406191623/tools/bin/../lib/gcc/arm-none-eabi/12.3.1/../../../../arm-none-eabi/lib/thumb/v7e-m+fp/hard\libnosys.a(getpid.o)
                0x0800d0a8                _getpid
 .text._isatty  0x0800d0b8       0x10 C:/ST/STM32CubeIDE_1.16.0/STM32CubeIDE/plugins/com.st.stm32cube.ide.mcu.externaltools.gnu-tools-for-stm32.12.3.rel1.win32_1.0.200.202406191623/tools/bin/../lib/gcc/arm-none-eabi/12.3.1/../../../../arm-none-eabi/lib/thumb/v7e-m+fp/hard\libnosys.a(isatty.o)
                0x0800d0b8                _isatty
 .text._kill    0x0800d0c8       0x10 C:/ST/STM32CubeIDE_1.16.0/STM32CubeIDE/plugins/com.st.stm32cube.ide.mcu.externaltools.gnu-tools-for-stm32.12.3.rel1.win32_1.0.200.202406191623/tools/bin/../lib/gcc/arm-none-eabi/12.3.1/../../../../arm-none-eabi/lib/thumb/v7e-m+fp/hard\libnosys.a(kill.o)
                0x0800d0c8                _kill
 .text._lseek   0x0800d0d8       0x10 C:/ST/STM32CubeIDE_1.16.0/STM32CubeIDE/plugins/com.st.stm32cube.ide.mcu.externaltools.gnu-tools-for-stm32.12.3.rel1.win32_1.0.200.202406191623/tools/bin/../lib/gcc/arm-none-eabi/12.3.1/../../../../arm-none-eabi/lib/thumb/v7e-m+fp/hard\libnosys.a(lseek.o)
                0x0800d0d8                _lseek
 .text._read    0x0800d0e8       0x10 C:/ST/STM32CubeIDE_1.16.0/STM32CubeIDE/plugins/com.st.stm32cube.ide.mcu.externaltools.gnu-tools-for-stm32.12.3.rel1.win32_1.0.200.202406191623/tools/bin/../lib/gcc/arm-none-eabi/12.3.1/../../../../arm-none-eabi/lib/thumb/v7e-m+fp/hard\libnosys.a(read.o)
                0x0800d0e8                _read
 .text._sbrk    0x0800d0f8       0x1c C:/ST/STM32CubeIDE_1.16.0/STM32CubeIDE/plugins/com.st.stm32cube.ide.mcu.externaltools.gnu-tools-for-stm32.12.3.rel1.win32_1.0.200.202406191623/tools/bin/../lib/gcc/arm-none-eabi/12.3.1/../../../../arm-none-eabi/lib/thumb/v7e-m+fp/hard\libnosys.a(sbrk.o)
                0x0800d0f8                _sbrk
 .text._write   0x0800d114       0x10 C:/ST/STM32CubeIDE_1.16.0/STM32CubeIDE/plugins/com.st.stm32cube.ide.mcu.externaltools.gnu-tools-for-stm32.12.3.rel1.win32_1.0.200.202406191623/tools/bin/../lib/gcc/arm-none-eabi/12.3.1/../../../../arm-none-eabi/lib/thumb/v7e-m+fp/hard\libnosys.a(write.o)
                0x0800d114                _write
 .text._exit    0x0800d124        0x2 C:/ST/STM32CubeIDE_1.16.0/STM32CubeIDE/plugins/com.st.stm32cube.ide.mcu.externaltools.gnu-tools-for-stm32.12.3.rel1.win32_1.0.200.202406191623/tools/bin/../lib/gcc/arm-none-eabi/12.3.1/../../../../arm-none-eabi/lib/thumb/v7e-m+fp/hard\libnosys.a(_exit.o)
                0x0800d124                _exit
 *(.glue_7)
 .glue_7        0x0800d126        0x0 linker stubs
 *(.glue_7t)
 .glue_7t       0x0800d126        0x0 linker stubs
 *(.eh_frame)
 *fill*         0x0800d126        0x2 
 .eh_frame      0x0800d128        0x0 C:/ST/STM32CubeIDE_1.16.0/STM32CubeIDE/plugins/com.st.stm32cube.ide.mcu.externaltools.gnu-tools-for-stm32.12.3.rel1.win32_1.0.200.202406191623/tools/bin/../lib/gcc/arm-none-eabi/12.3.1/thumb/v7e-m+fp/hard/crtbegin.o
 *(.init)
 .init          0x0800d128        0x4 C:/ST/STM32CubeIDE_1.16.0/STM32CubeIDE/plugins/com.st.stm32cube.ide.mcu.externaltools.gnu-tools-for-stm32.12.3.rel1.win32_1.0.200.202406191623/tools/bin/../lib/gcc/arm-none-eabi/12.3.1/thumb/v7e-m+fp/hard/crti.o
                0x0800d128                _init
 .init          0x0800d12c        0x8 C:/ST/STM32CubeIDE_1.16.0/STM32CubeIDE/plugins/com.st.stm32cube.ide.mcu.externaltools.gnu-tools-for-stm32.12.3.rel1.win32_1.0.200.202406191623/tools/bin/../lib/gcc/arm-none-eabi/12.3.1/thumb/v7e-m+fp/hard/crtn.o
 *(.fini)
 .fini          0x0800d134        0x4 C:/ST/STM32CubeIDE_1.16.0/STM32CubeIDE/plugins/com.st.stm32cube.ide.mcu.externaltools.gnu-tools-for-stm32.12.3.rel1.win32_1.0.200.202406191623/tools/bin/../lib/gcc/arm-none-eabi/12.3.1/thumb/v7e-m+fp/hard/crti.o
                0x0800d134                _fini
 .fini          0x0800d138        0x8 C:/ST/STM32CubeIDE_1.16.0/STM32CubeIDE/plugins/com.st.stm32cube.ide.mcu.externaltools.gnu-tools-for-stm32.12.3.rel1.win32_1.0.200.202406191623/tools/bin/../lib/gcc/arm-none-eabi/12.3.1/thumb/v7e-m+fp/hard/crtn.o
                0x0800d140                        . = ALIGN (0x4)
                0x0800d140                        _etext = .

.vfp11_veneer   0x0800d140        0x0
 .vfp11_veneer  0x0800d140        0x0 linker stubs

.v4_bx          0x0800d140        0x0
 .v4_bx         0x0800d140        0x0 linker stubs

.iplt           0x0800d140        0x0
 .iplt          0x0800d140        0x0 C:/ST/STM32CubeIDE_1.16.0/STM32CubeIDE/plugins/com.st.stm32cube.ide.mcu.externaltools.gnu-tools-for-stm32.12.3.rel1.win32_1.0.200.202406191623/tools/bin/../lib/gcc/arm-none-eabi/12.3.1/thumb/v7e-m+fp/hard/crtbegin.o

.rodata         0x0800d140      0x490
                0x0800d140                        . = ALIGN (0x4)
 *(.rodata)
 .rodata        0x0800d140       0x25 ./AppCore/App/imu_talks.o
 *fill*         0x0800d165        0x3 
 .rodata        0x0800d168        0xe ./AppCore/App/system_talks.o
 *fill*         0x0800d176        0x2 
 .rodata        0x0800d178       0x24 ./AppCore/BSP/uart_port.o
 .rodata        0x0800d19c        0xb ./AppCore/Services/nmea_formatter.o
 *fill*         0x0800d1a7        0x1 
 .rodata        0x0800d1a8        0x5 ./Middlewares/Third_Party/FreeRTOS/Source/tasks.o
 *fill*         0x0800d1ad        0x3 
 .rodata        0x0800d1b0        0xd ./Middlewares/Third_Party/FreeRTOS/Source/timers.o
 *(.rodata*)
 *fill*         0x0800d1bd        0x3 
 .rodata.IMUTask_attributes
                0x0800d1c0       0x24 ./AppCore/App/imu_talks.o
                0x0800d1c0                IMUTask_attributes
 .rodata.BSPUARTTask_attributes
                0x0800d1e4       0x24 ./AppCore/BSP/uart_port.o
                0x0800d1e4                BSPUARTTask_attributes
 .rodata.AHBPrescTable
                0x0800d208       0x10 ./Core/Src/system_stm32f4xx.o
                0x0800d208                AHBPrescTable
 .rodata.APBPrescTable
                0x0800d218        0x8 ./Core/Src/system_stm32f4xx.o
                0x0800d218                APBPrescTable
 .rodata.flagBitshiftOffset.0
                0x0800d220        0x8 ./Drivers/STM32F4xx_HAL_Driver/Src/stm32f4xx_hal_dma.o
 .rodata._printf_float.str1.1
                0x0800d228       0x12 C:/ST/STM32CubeIDE_1.16.0/STM32CubeIDE/plugins/com.st.stm32cube.ide.mcu.externaltools.gnu-tools-for-stm32.12.3.rel1.win32_1.0.200.202406191623/tools/bin/../lib/gcc/arm-none-eabi/12.3.1/../../../../arm-none-eabi/lib/thumb/v7e-m+fp/hard\libc_nano.a(libc_a-nano-vfprintf_float.o)
 .rodata._printf_i.str1.1
                0x0800d23a       0x22 C:/ST/STM32CubeIDE_1.16.0/STM32CubeIDE/plugins/com.st.stm32cube.ide.mcu.externaltools.gnu-tools-for-stm32.12.3.rel1.win32_1.0.200.202406191623/tools/bin/../lib/gcc/arm-none-eabi/12.3.1/../../../../arm-none-eabi/lib/thumb/v7e-m+fp/hard\libc_nano.a(libc_a-nano-vfprintf_i.o)
 .rodata._dtoa_r.str1.1
                0x0800d25c       0x8d C:/ST/STM32CubeIDE_1.16.0/STM32CubeIDE/plugins/com.st.stm32cube.ide.mcu.externaltools.gnu-tools-for-stm32.12.3.rel1.win32_1.0.200.202406191623/tools/bin/../lib/gcc/arm-none-eabi/12.3.1/../../../../arm-none-eabi/lib/thumb/v7e-m+fp/hard\libc_nano.a(libc_a-dtoa.o)
                                 0x8f (size before relaxing)
 .rodata._Balloc.str1.1
                0x0800d2e9       0x59 C:/ST/STM32CubeIDE_1.16.0/STM32CubeIDE/plugins/com.st.stm32cube.ide.mcu.externaltools.gnu-tools-for-stm32.12.3.rel1.win32_1.0.200.202406191623/tools/bin/../lib/gcc/arm-none-eabi/12.3.1/../../../../arm-none-eabi/lib/thumb/v7e-m+fp/hard\libc_nano.a(libc_a-mprec.o)
                                 0x70 (size before relaxing)
 .rodata.__multadd.str1.1