../Drivers/CMSIS/Include/core_cm4.h:1939:34:__NVIC_SystemReset	4	static,ignoring_inline_asm
../Core/Src/stm32f4xx_it.c:86:6:NMI_Handler	4	static
../Core/Src/stm32f4xx_it.c:101:6:HardFault_Handler	8	static
../Core/Src/stm32f4xx_it.c:117:6:MemManage_Handler	4	static
../Core/Src/stm32f4xx_it.c:132:6:BusFault_Handler	4	static
../Core/Src/stm32f4xx_it.c:147:6:UsageFault_Handler	4	static
../Core/Src/stm32f4xx_it.c:162:6:DebugMon_Handler	4	static
../Core/Src/stm32f4xx_it.c:175:6:SysTick_Handler	8	static
../Core/Src/stm32f4xx_it.c:204:6:DMA1_Stream5_IRQHandler	8	static
../Core/Src/stm32f4xx_it.c:218:6:DMA1_Stream6_IRQHandler	8	static
../Core/Src/stm32f4xx_it.c:233:6:uartTimeoutCallback	16	static
../Core/Src/stm32f4xx_it.c:239:6:HAL_UART_RxCpltCallback	24	static,ignoring_inline_asm
../Core/Src/stm32f4xx_it.c:260:6:HAL_UART_RxHalfCpltCallback	24	static,ignoring_inline_asm
../Core/Src/stm32f4xx_it.c:276:6:USART2_IRQHandler	24	static,ignoring_inline_asm
../Core/Src/stm32f4xx_it.c:328:6:HAL_UART_TxCpltCallback	16	static
