../Core/Src/stm32f4xx_it.c:83:6:NMI_Handler	4	static
../Core/Src/stm32f4xx_it.c:98:6:HardFault_Handler	4	static
../Core/Src/stm32f4xx_it.c:113:6:MemManage_Handler	4	static
../Core/Src/stm32f4xx_it.c:128:6:BusFault_Handler	4	static
../Core/Src/stm32f4xx_it.c:143:6:UsageFault_Handler	4	static
../Core/Src/stm32f4xx_it.c:158:6:DebugMon_Handler	4	static
../Core/Src/stm32f4xx_it.c:171:6:SysTick_Handler	8	static
../Core/Src/stm32f4xx_it.c:200:6:DMA1_Stream5_IRQHandler	8	static
../Core/Src/stm32f4xx_it.c:214:6:DMA1_Stream6_IRQHandler	8	static
../Core/Src/stm32f4xx_it.c:229:6:uartTimeoutCallback	16	static
../Core/Src/stm32f4xx_it.c:235:6:HAL_UART_RxCpltCallback	16	static
../Core/Src/stm32f4xx_it.c:243:6:HAL_UART_RxHalfCpltCallback	16	static
../Core/Src/stm32f4xx_it.c:250:6:USART2_IRQHandler	16	static
../Core/Src/stm32f4xx_it.c:261:6:HAL_UART_TxCpltCallback	16	static
